Archive member included because of file (symbol)

c:/altera/13.0sp1/nios2eds/bin/gnu/h-i686-mingw32/bin/../lib/gcc/nios2-elf/4.1.2/../../../../nios2-elf/lib/mno-hw-mul\libc.a(lib_a-puts.o)
                              obj/default/hello_world.o (puts)
c:/altera/13.0sp1/nios2eds/bin/gnu/h-i686-mingw32/bin/../lib/gcc/nios2-elf/4.1.2/../../../../nios2-elf/lib/mno-hw-mul\libc.a(lib_a-strlen.o)
                              obj/default/hello_world.o (strlen)
c:/altera/13.0sp1/nios2eds/bin/gnu/h-i686-mingw32/bin/../lib/gcc/nios2-elf/4.1.2/../../../../nios2-elf/lib/mno-hw-mul\libc.a(lib_a-fvwrite.o)
                              c:/altera/13.0sp1/nios2eds/bin/gnu/h-i686-mingw32/bin/../lib/gcc/nios2-elf/4.1.2/../../../../nios2-elf/lib/mno-hw-mul\libc.a(lib_a-puts.o) (__sfvwrite_r)
c:/altera/13.0sp1/nios2eds/bin/gnu/h-i686-mingw32/bin/../lib/gcc/nios2-elf/4.1.2/../../../../nios2-elf/lib/mno-hw-mul\libc.a(lib_a-impure.o)
                              c:/altera/13.0sp1/nios2eds/bin/gnu/h-i686-mingw32/bin/../lib/gcc/nios2-elf/4.1.2/../../../../nios2-elf/lib/mno-hw-mul\libc.a(lib_a-puts.o) (_impure_ptr)
c:/altera/13.0sp1/nios2eds/bin/gnu/h-i686-mingw32/bin/../lib/gcc/nios2-elf/4.1.2/../../../../nios2-elf/lib/mno-hw-mul\libc.a(lib_a-mallocr.o)
                              c:/altera/13.0sp1/nios2eds/bin/gnu/h-i686-mingw32/bin/../lib/gcc/nios2-elf/4.1.2/../../../../nios2-elf/lib/mno-hw-mul\libc.a(lib_a-fvwrite.o) (_malloc_r)
c:/altera/13.0sp1/nios2eds/bin/gnu/h-i686-mingw32/bin/../lib/gcc/nios2-elf/4.1.2/../../../../nios2-elf/lib/mno-hw-mul\libc.a(lib_a-memchr.o)
                              c:/altera/13.0sp1/nios2eds/bin/gnu/h-i686-mingw32/bin/../lib/gcc/nios2-elf/4.1.2/../../../../nios2-elf/lib/mno-hw-mul\libc.a(lib_a-fvwrite.o) (memchr)
c:/altera/13.0sp1/nios2eds/bin/gnu/h-i686-mingw32/bin/../lib/gcc/nios2-elf/4.1.2/../../../../nios2-elf/lib/mno-hw-mul\libc.a(lib_a-memcpy.o)
                              c:/altera/13.0sp1/nios2eds/bin/gnu/h-i686-mingw32/bin/../lib/gcc/nios2-elf/4.1.2/../../../../nios2-elf/lib/mno-hw-mul\libc.a(lib_a-fvwrite.o) (memcpy)
c:/altera/13.0sp1/nios2eds/bin/gnu/h-i686-mingw32/bin/../lib/gcc/nios2-elf/4.1.2/../../../../nios2-elf/lib/mno-hw-mul\libc.a(lib_a-memmove.o)
                              c:/altera/13.0sp1/nios2eds/bin/gnu/h-i686-mingw32/bin/../lib/gcc/nios2-elf/4.1.2/../../../../nios2-elf/lib/mno-hw-mul\libc.a(lib_a-fvwrite.o) (memmove)
c:/altera/13.0sp1/nios2eds/bin/gnu/h-i686-mingw32/bin/../lib/gcc/nios2-elf/4.1.2/../../../../nios2-elf/lib/mno-hw-mul\libc.a(lib_a-reallocr.o)
                              c:/altera/13.0sp1/nios2eds/bin/gnu/h-i686-mingw32/bin/../lib/gcc/nios2-elf/4.1.2/../../../../nios2-elf/lib/mno-hw-mul\libc.a(lib_a-fvwrite.o) (_realloc_r)
c:/altera/13.0sp1/nios2eds/bin/gnu/h-i686-mingw32/bin/../lib/gcc/nios2-elf/4.1.2/../../../../nios2-elf/lib/mno-hw-mul\libc.a(lib_a-sbrkr.o)
                              c:/altera/13.0sp1/nios2eds/bin/gnu/h-i686-mingw32/bin/../lib/gcc/nios2-elf/4.1.2/../../../../nios2-elf/lib/mno-hw-mul\libc.a(lib_a-mallocr.o) (_sbrk_r)
c:/altera/13.0sp1/nios2eds/bin/gnu/h-i686-mingw32/bin/../lib/gcc/nios2-elf/4.1.2/../../../../nios2-elf/lib/mno-hw-mul\libc.a(lib_a-wsetup.o)
                              c:/altera/13.0sp1/nios2eds/bin/gnu/h-i686-mingw32/bin/../lib/gcc/nios2-elf/4.1.2/../../../../nios2-elf/lib/mno-hw-mul\libc.a(lib_a-fvwrite.o) (__swsetup_r)
c:/altera/13.0sp1/nios2eds/bin/gnu/h-i686-mingw32/bin/../lib/gcc/nios2-elf/4.1.2/../../../../nios2-elf/lib/mno-hw-mul\libc.a(lib_a-fflush.o)
                              c:/altera/13.0sp1/nios2eds/bin/gnu/h-i686-mingw32/bin/../lib/gcc/nios2-elf/4.1.2/../../../../nios2-elf/lib/mno-hw-mul\libc.a(lib_a-fvwrite.o) (_fflush_r)
c:/altera/13.0sp1/nios2eds/bin/gnu/h-i686-mingw32/bin/../lib/gcc/nios2-elf/4.1.2/../../../../nios2-elf/lib/mno-hw-mul\libc.a(lib_a-findfp.o)
                              c:/altera/13.0sp1/nios2eds/bin/gnu/h-i686-mingw32/bin/../lib/gcc/nios2-elf/4.1.2/../../../../nios2-elf/lib/mno-hw-mul\libc.a(lib_a-wsetup.o) (__sinit)
c:/altera/13.0sp1/nios2eds/bin/gnu/h-i686-mingw32/bin/../lib/gcc/nios2-elf/4.1.2/../../../../nios2-elf/lib/mno-hw-mul\libc.a(lib_a-freer.o)
                              c:/altera/13.0sp1/nios2eds/bin/gnu/h-i686-mingw32/bin/../lib/gcc/nios2-elf/4.1.2/../../../../nios2-elf/lib/mno-hw-mul\libc.a(lib_a-fvwrite.o) (_free_r)
c:/altera/13.0sp1/nios2eds/bin/gnu/h-i686-mingw32/bin/../lib/gcc/nios2-elf/4.1.2/../../../../nios2-elf/lib/mno-hw-mul\libc.a(lib_a-fwalk.o)
                              c:/altera/13.0sp1/nios2eds/bin/gnu/h-i686-mingw32/bin/../lib/gcc/nios2-elf/4.1.2/../../../../nios2-elf/lib/mno-hw-mul\libc.a(lib_a-fflush.o) (_fwalk_reent)
c:/altera/13.0sp1/nios2eds/bin/gnu/h-i686-mingw32/bin/../lib/gcc/nios2-elf/4.1.2/../../../../nios2-elf/lib/mno-hw-mul\libc.a(lib_a-int_errno.o)
[...]
Memory Configuration

Name             Origin             Length             Attributes
onchip_memory2_0 0x00000000         0x00001000
reset            0x01000000         0x00000020
sdram            0x01000020         0x007fffe0
*default*        0x00000000         0xffffffff

Linker script and memory map

LOAD ../Mod2_DE2_program_bsp//obj/HAL/src/crt0.o
LOAD obj/default/hello_world.o
LOAD c:/altera/13.0sp1/nios2eds/bin/gnu/h-i686-mingw32/bin/../lib/gcc/nios2-elf/4.1.2/../../../../nios2-elf/lib/mno-hw-mul\libstdc++.a
LOAD c:/altera/13.0sp1/nios2eds/bin/gnu/h-i686-mingw32/bin/../lib/gcc/nios2-elf/4.1.2/../../../../nios2-elf/lib/mno-hw-mul\libm.a
LOAD c:/altera/13.0sp1/nios2eds/bin/gnu/h-i686-mingw32/bin/../lib/gcc/nios2-elf/4.1.2/mno-hw-mul\libgcc.a
START GROUP
LOAD c:/altera/13.0sp1/nios2eds/bin/gnu/h-i686-mingw32/bin/../lib/gcc/nios2-elf/4.1.2/../../../../nios2-elf/lib/mno-hw-mul\libc.a
LOAD c:/altera/13.0sp1/nios2eds/bin/gnu/h-i686-mingw32/bin/../lib/gcc/nios2-elf/4.1.2/mno-hw-mul\libgcc.a
LOAD ../Mod2_DE2_program_bsp/\libhal_bsp.a
END GROUP
LOAD c:/altera/13.0sp1/nios2eds/bin/gnu/h-i686-mingw32/bin/../lib/gcc/nios2-elf/4.1.2/mno-hw-mul\libgcc.a
                0x00000000                __alt_mem_onchip_memory2_0 = 0x0
                0x01000000                __alt_mem_sdram = 0x1000000

.entry          0x01000000       0x20
 *(.entry)
 .entry         0x01000000       0x20 ../Mod2_DE2_program_bsp//obj/HAL/src/crt0.o
                0x01000000                __reset

.exceptions     0x01000020      0x198
                0x01000020                PROVIDE (__ram_exceptions_start, ABSOLUTE (.))
                0x01000020                . = ALIGN (0x20)
 *(.irq)
 *(.exceptions.entry.label)
 .exceptions.entry.label
                0x01000020        0x0 ../Mod2_DE2_program_bsp/\libhal_bsp.a(alt_irq_entry.o)
                0x01000020                alt_irq_entry
 .exceptions.entry.label
                0x01000020        0x0 ../Mod2_DE2_program_bsp/\libhal_bsp.a(alt_exception_entry.o)
                0x01000020                alt_exception
 *(.exceptions.entry.user)
 *(.exceptions.entry)
 .exceptions.entry
                0x01000020       0x54 ../Mod2_DE2_program_bsp/\libhal_bsp.a(alt_exception_entry.o)
 *(.exceptions.irqtest.user)
 *(.exceptions.irqtest)
 .exceptions.irqtest
                0x01000074       0x10 ../Mod2_DE2_program_bsp/\libhal_bsp.a(alt_irq_entry.o)
 *(.exceptions.irqhandler.user)
 *(.exceptions.irqhandler)
 .exceptions.irqhandler
                0x01000084        0x4 ../Mod2_DE2_program_bsp/\libhal_bsp.a(alt_irq_entry.o)
 *(.exceptions.irqreturn.user)
 *(.exceptions.irqreturn)
 .exceptions.irqreturn
                0x01000088        0x4 ../Mod2_DE2_program_bsp/\libhal_bsp.a(alt_irq_entry.o)
 *(.exceptions.notirq.label)
 .exceptions.notirq.label
                0x0100008c        0x0 ../Mod2_DE2_program_bsp/\libhal_bsp.a(alt_irq_entry.o)
 *(.exceptions.notirq.user)
 *(.exceptions.notirq)
 .exceptions.notirq
                0x0100008c        0x8 ../Mod2_DE2_program_bsp/\libhal_bsp.a(alt_exception_entry.o)
 *(.exceptions.soft.user)
 *(.exceptions.soft)
 *(.exceptions.unknown.user)
 *(.exceptions.unknown)
 .exceptions.unknown
                0x01000094        0x4 ../Mod2_DE2_program_bsp/\libhal_bsp.a(alt_exception_entry.o)
 *(.exceptions.exit.label)
 .exceptions.exit.label
                0x01000098        0x0 ../Mod2_DE2_program_bsp/\libhal_bsp.a(alt_irq_entry.o)
 .exceptions.exit.label
                0x01000098        0x0 ../Mod2_DE2_program_bsp/\libhal_bsp.a(alt_exception_entry.o)
 *(.exceptions.exit.user)
 *(.exceptions.exit)
 .exceptions.exit
                0x01000098       0x54 ../Mod2_DE2_program_bsp/\libhal_bsp.a(alt_exception_entry.o)
 *(.exceptions)
 .exceptions    0x010000ec       0xcc ../Mod2_DE2_program_bsp/\libhal_bsp.a(alt_irq_handler.o)
                0x010000ec                alt_irq_handler
                0x010001b8                PROVIDE (__ram_exceptions_end, ABSOLUTE (.))
                0x01000020                PROVIDE (__flash_exceptions_start, LOADADDR (.exceptions))

.text           0x010001b8     0x7a88
                0x010001b8                PROVIDE (stext, ABSOLUTE (.))
 *(.interp)
 *(.hash)
 *(.dynsym)
 *(.dynstr)
 *(.gnu.version)
 *(.gnu.version_d)
 *(.gnu.version_r)
 *(.rel.init)
 *(.rela.init)
 *(.rel.text .rel.text.* .rel.gnu.linkonce.t.*)
 *(.rela.text .rela.text.* .rela.gnu.linkonce.t.*)
 *(.rel.fini)
 *(.rela.fini)
 *(.rel.rodata .rel.rodata.* .rel.gnu.linkonce.r.*)
 *(.rela.rodata .rela.rodata.* .rela.gnu.linkonce.r.*)
 *(.rel.data .rel.data.* .rel.gnu.linkonce.d.*)
 *(.rela.data .rela.data.* .rela.gnu.linkonce.d.*)
 *(.rel.tdata .rel.tdata.* .rel.gnu.linkonce.td.*)
 *(.rela.tdata .rela.tdata.* .rela.gnu.linkonce.td.*)
 *(.rel.tbss .rel.tbss.* .rel.gnu.linkonce.tb.*)
 *(.rela.tbss .rela.tbss.* .rela.gnu.linkonce.tb.*)
 *(.rel.ctors)
 *(.rela.ctors)
 *(.rel.dtors)
 *(.rela.dtors)
 *(.rel.got)
 *(.rela.got)
 *(.rel.sdata .rel.sdata.* .rel.gnu.linkonce.s.*)
 *(.rela.sdata .rela.sdata.* .rela.gnu.linkonce.s.*)
 *(.rel.sbss .rel.sbss.* .rel.gnu.linkonce.sb.*)
 *(.rela.sbss .rela.sbss.* .rela.gnu.linkonce.sb.*)
 *(.rel.sdata2 .rel.sdata2.* .rel.gnu.linkonce.s2.*)
 *(.rela.sdata2 .rela.sdata2.* .rela.gnu.linkonce.s2.*)
 *(.rel.sbss2 .rel.sbss2.* .rel.gnu.linkonce.sb2.*)
 *(.rela.sbss2 .rela.sbss2.* .rela.gnu.linkonce.sb2.*)
 *(.rel.bss .rel.bss.* .rel.gnu.linkonce.b.*)
 *(.rela.bss .rela.bss.* .rela.gnu.linkonce.b.*)
 *(.rel.plt)
 *(.rela.plt)
 *(.rel.dyn)
 *(.init)
 *(.plt)
 *(.text .stub .text.* .gnu.linkonce.t.*)
 .text          0x010001b8       0x3c ../Mod2_DE2_program_bsp//obj/HAL/src/crt0.o
                0x010001b8                _start
 .text          0x010001f4      0x30c obj/default/hello_world.o
                0x010001f4                main
                0x01000384                av_config_setup
                0x010003d8                isr_timer
 .text          0x01000500       0xb4 c:/altera/13.0sp1/nios2eds/bin/gnu/h-i686-mingw32/bin/../lib/gcc/nios2-elf/4.1.2/../../../../nios2-elf/lib/mno-hw-mul\libc.a(lib_a-puts.o)
                0x01000500                _puts_r
                0x010005a0                puts
 .text          0x010005b4       0x74 c:/altera/13.0sp1/nios2eds/bin/gnu/h-i686-mingw32/bin/../lib/gcc/nios2-elf/4.1.2/../../../../nios2-elf/lib/mno-hw-mul\libc.a(lib_a-strlen.o)
                0x010005b4                strlen
 .text          0x01000628      0x49c c:/altera/13.0sp1/nios2eds/bin/gnu/h-i686-mingw32/bin/../lib/gcc/nios2-elf/4.1.2/../../../../nios2-elf/lib/mno-hw-mul\libc.a(lib_a-fvwrite.o)
                0x01000628                __sfvwrite_r
 .text          0x01000ac4        0x0 c:/altera/13.0sp1/nios2eds/bin/gnu/h-i686-mingw32/bin/../lib/gcc/nios2-elf/4.1.2/../../../../nios2-elf/lib/mno-hw-mul\libc.a(lib_a-impure.o)
 .text          0x01000ac4      0x740 c:/altera/13.0sp1/nios2eds/bin/gnu/h-i686-mingw32/bin/../lib/gcc/nios2-elf/4.1.2/../../../../nios2-elf/lib/mno-hw-mul\libc.a(lib_a-mallocr.o)
                0x01000ac4                _malloc_r
 .text          0x01001204       0xe4 c:/altera/13.0sp1/nios2eds/bin/gnu/h-i686-mingw32/bin/../lib/gcc/nios2-elf/4.1.2/../../../../nios2-elf/lib/mno-hw-mul\libc.a(lib_a-memchr.o)
                0x01001204                memchr
 .text          0x010012e8       0xa0 c:/altera/13.0sp1/nios2eds/bin/gnu/h-i686-mingw32/bin/../lib/gcc/nios2-elf/4.1.2/../../../../nios2-elf/lib/mno-hw-mul\libc.a(lib_a-memcpy.o)
                0x010012e8                memcpy
 .text          0x01001388       0xe0 c:/altera/13.0sp1/nios2eds/bin/gnu/h-i686-mingw32/bin/../lib/gcc/nios2-elf/4.1.2/../../../../nios2-elf/lib/mno-hw-mul\libc.a(lib_a-memmove.o)
                0x01001388                memmove
 .text          0x01001468      0x5f4 c:/altera/13.0sp1/nios2eds/bin/gnu/h-i686-mingw32/bin/../lib/gcc/nios2-elf/4.1.2/../../../../nios2-elf/lib/mno-hw-mul\libc.a(lib_a-reallocr.o)
                0x01001468                _realloc_r
 .text          0x01001a5c       0x70 c:/altera/13.0sp1/nios2eds/bin/gnu/h-i686-mingw32/bin/../lib/gcc/nios2-elf/4.1.2/../../../../nios2-elf/lib/mno-hw-mul\libc.a(lib_a-sbrkr.o)
                0x01001a5c                _sbrk_r
 .text          0x01001acc      0x13c c:/altera/13.0sp1/nios2eds/bin/gnu/h-i686-mingw32/bin/../lib/gcc/nios2-elf/4.1.2/../../../../nios2-elf/lib/mno-hw-mul\libc.a(lib_a-wsetup.o)
                0x01001acc                __swsetup_r
 .text          0x01001c08      0x230 c:/altera/13.0sp1/nios2eds/bin/gnu/h-i686-mingw32/bin/../lib/gcc/nios2-elf/4.1.2/../../../../nios2-elf/lib/mno-hw-mul\libc.a(lib_a-fflush.o)
                0x01001c08                _fflush_r
                0x01001e04                fflush
 .text          0x01001e38      0x2f4 c:/altera/13.0sp1/nios2eds/bin/gnu/h-i686-mingw32/bin/../lib/gcc/nios2-elf/4.1.2/../../../../nios2-elf/lib/mno-hw-mul\libc.a(lib_a-findfp.o)
                0x01001e90                __sfp_lock_acquire
                0x01001e94                __sfp_lock_release
                0x01001e98                __sinit_lock_acquire
                0x01001e9c                __sinit_lock_release
                0x01001ea0                __sinit
                0x01001f54                __fp_unlock_all
                0x01001f6c                __fp_lock_all
                0x01001f84                _cleanup_r
                0x01001f90                _cleanup
                0x01001fa0                __sfmoreglue
                0x0100203c                __sfp
 .text          0x0100212c      0x440 c:/altera/13.0sp1/nios2eds/bin/gnu/h-i686-mingw32/bin/../lib/gcc/nios2-elf/4.1.2/../../../../nios2-elf/lib/mno-hw-mul\libc.a(lib_a-freer.o)
                0x0100212c                _malloc_trim_r
                0x01002258                _free_r
 .text          0x0100256c      0x180 c:/altera/13.0sp1/nios2eds/bin/gnu/h-i686-mingw32/bin/../lib/gcc/nios2-elf/4.1.2/../../../../nios2-elf/lib/mno-hw-mul\libc.a(lib_a-fwalk.o)
                0x0100256c                _fwalk_reent
                0x01002634                _fwalk
 .text          0x010026ec        0x0 c:/altera/13.0sp1/nios2eds/bin/gnu/h-i686-mingw32/bin/../lib/gcc/nios2-elf/4.1.2/../../../../nios2-elf/lib/mno-hw-mul\libc.a(lib_a-int_errno.o)
 .text          0x010026ec      0x194 c:/altera/13.0sp1/nios2eds/bin/gnu/h-i686-mingw32/bin/../lib/gcc/nios2-elf/4.1.2/../../../../nios2-elf/lib/mno-hw-mul\libc.a(lib_a-makebuf.o)
                0x010026ec                __smakebuf_r
 .text          0x01002880       0x98 c:/altera/13.0sp1/nios2eds/bin/gnu/h-i686-mingw32/bin/../lib/gcc/nios2-elf/4.1.2/../../../../nios2-elf/lib/mno-hw-mul\libc.a(lib_a-memset.o)
                0x01002880                memset
 .text          0x01002918      0x14c c:/altera/13.0sp1/nios2eds/bin/gnu/h-i686-mingw32/bin/../lib/gcc/nios2-elf/4.1.2/../../../../nios2-elf/lib/mno-hw-mul\libc.a(lib_a-stdio.o)
                0x01002918                __sclose
                0x01002920                __sseek
                0x01002988                __swrite
                0x01002a04                __sread
 .text          0x01002a64       0x78 c:/altera/13.0sp1/nios2eds/bin/gnu/h-i686-mingw32/bin/../lib/gcc/nios2-elf/4.1.2/../../../../nios2-elf/lib/mno-hw-mul\libc.a(lib_a-writer.o)
                0x01002a64                _write_r
 .text          0x01002adc       0x70 c:/altera/13.0sp1/nios2eds/bin/gnu/h-i686-mingw32/bin/../lib/gcc/nios2-elf/4.1.2/../../../../nios2-elf/lib/mno-hw-mul\libc.a(lib_a-closer.o)
                0x01002adc                _close_r
 .text          0x01002b4c      0x124 c:/altera/13.0sp1/nios2eds/bin/gnu/h-i686-mingw32/bin/../lib/gcc/nios2-elf/4.1.2/../../../../nios2-elf/lib/mno-hw-mul\libc.a(lib_a-fclose.o)
                0x01002b4c                _fclose_r
                0x01002c5c                fclose
 .text          0x01002c70       0x74 c:/altera/13.0sp1/nios2eds/bin/gnu/h-i686-mingw32/bin/../lib/gcc/nios2-elf/4.1.2/../../../../nios2-elf/lib/mno-hw-mul\libc.a(lib_a-fstatr.o)
                0x01002c70                _fstat_r
 .text          0x01002ce4       0x70 c:/altera/13.0sp1/nios2eds/bin/gnu/h-i686-mingw32/bin/../lib/gcc/nios2-elf/4.1.2/../../../../nios2-elf/lib/mno-hw-mul\libc.a(lib_a-isattyr.o)
                0x01002ce4                _isatty_r
 .text          0x01002d54       0x78 c:/altera/13.0sp1/nios2eds/bin/gnu/h-i686-mingw32/bin/../lib/gcc/nios2-elf/4.1.2/../../../../nios2-elf/lib/mno-hw-mul\libc.a(lib_a-lseekr.o)
                0x01002d54                _lseek_r
 .text          0x01002dcc       0x78 c:/altera/13.0sp1/nios2eds/bin/gnu/h-i686-mingw32/bin/../lib/gcc/nios2-elf/4.1.2/../../../../nios2-elf/lib/mno-hw-mul\libc.a(lib_a-readr.o)
                0x01002dcc                _read_r
 .text          0x01002e44       0x38 c:/altera/13.0sp1/nios2eds/bin/gnu/h-i686-mingw32/bin/../lib/gcc/nios2-elf/4.1.2/mno-hw-mul\libgcc.a(lib2-mul.o)
                0x01002e44                __mulsi3
 .text          0x01002e7c      0x160 ../Mod2_DE2_program_bsp/\libhal_bsp.a(alt_close.o)
                0x01002e7c                close
 .text          0x01002fdc       0x2c ../Mod2_DE2_program_bsp/\libhal_bsp.a(alt_dev.o)
 .text          0x01003008        0x0 ../Mod2_DE2_program_bsp/\libhal_bsp.a(alt_errno.o)
 .text          0x01003008      0x138 ../Mod2_DE2_program_bsp/\libhal_bsp.a(alt_fstat.o)
                0x01003008                fstat
 .text          0x01003140      0x1c0 ../Mod2_DE2_program_bsp/\libhal_bsp.a(alt_irq_register.o)
                0x01003140                alt_irq_register
 .text          0x01003300        0x0 ../Mod2_DE2_program_bsp/\libhal_bsp.a(alt_irq_vars.o)
 .text          0x01003300      0x124 ../Mod2_DE2_program_bsp/\libhal_bsp.a(alt_isatty.o)
                0x01003300                isatty
 .text          0x01003424       0xec ../Mod2_DE2_program_bsp/\libhal_bsp.a(alt_load.o)
                0x01003424                alt_load
 .text          0x01003510      0x154 ../Mod2_DE2_program_bsp/\libhal_bsp.a(alt_lseek.o)
                0x01003510                lseek
 .text          0x01003664       0x6c ../Mod2_DE2_program_bsp/\libhal_bsp.a(alt_main.o)
                0x01003664                alt_main
 .text          0x010036d0       0x40 ../Mod2_DE2_program_bsp/\libhal_bsp.a(alt_malloc_lock.o)
                0x010036d0                __malloc_lock
                0x010036f0                __malloc_unlock
 .text          0x01003710      0x2e4 ../Mod2_DE2_program_bsp/\libhal_bsp.a(alt_open.o)
                0x01003808                open
 .text          0x010039f4      0x258 ../Mod2_DE2_program_bsp/\libhal_bsp.a(alt_printf.o)
                0x010039f4                alt_printf
 .text          0x01003c4c       0x40 ../Mod2_DE2_program_bsp/\libhal_bsp.a(alt_putchar.o)
                0x01003c4c                alt_putchar
 .text          0x01003c8c      0x184 ../Mod2_DE2_program_bsp/\libhal_bsp.a(alt_read.o)
                0x01003c8c                read
 .text          0x01003e10       0x78 ../Mod2_DE2_program_bsp/\libhal_bsp.a(alt_release_fd.o)
                0x01003e10                alt_release_fd
 .text          0x01003e88       0xbc ../Mod2_DE2_program_bsp/\libhal_bsp.a(alt_sbrk.o)
                0x01003e88                sbrk
 .text          0x01003f44      0x184 ../Mod2_DE2_program_bsp/\libhal_bsp.a(alt_write.o)
                0x01003f44                write
 .text          0x010040c8      0x120 ../Mod2_DE2_program_bsp/\libhal_bsp.a(alt_sys_init.o)
                0x010040c8                alt_irq_init
                0x010040fc                alt_sys_init
 .text          0x010041e8      0x148 ../Mod2_DE2_program_bsp/\libhal_bsp.a(altera_avalon_jtag_uart_fd.o)
                0x010041e8                altera_avalon_jtag_uart_read_fd
                0x01004240                altera_avalon_jtag_uart_write_fd
                0x01004298                altera_avalon_jtag_uart_close_fd
                0x010042e0                altera_avalon_jtag_uart_ioctl_fd
 .text          0x01004330      0x408 ../Mod2_DE2_program_bsp/\libhal_bsp.a(altera_avalon_jtag_uart_init.o)
                0x01004330                altera_avalon_jtag_uart_init
                0x010046c4                altera_avalon_jtag_uart_close
 .text          0x01004738       0xf4 ../Mod2_DE2_program_bsp/\libhal_bsp.a(altera_avalon_jtag_uart_ioctl.o)
                0x01004738                altera_avalon_jtag_uart_ioctl
 .text          0x0100482c      0x224 ../Mod2_DE2_program_bsp/\libhal_bsp.a(altera_avalon_jtag_uart_read.o)
                0x0100482c                altera_avalon_jtag_uart_read
 .text          0x01004a50      0x240 ../Mod2_DE2_program_bsp/\libhal_bsp.a(altera_avalon_jtag_uart_write.o)
                0x01004a50                altera_avalon_jtag_uart_write
 .text          0x01004c90       0xfc ../Mod2_DE2_program_bsp/\libhal_bsp.a(altera_avalon_timer_sc.o)
                0x01004d04                alt_avalon_timer_sc_init
 .text          0x01004d8c       0xf8 ../Mod2_DE2_program_bsp/\libhal_bsp.a(altera_avalon_uart_fd.o)
                0x01004d8c                altera_avalon_uart_read_fd
                0x01004de4                altera_avalon_uart_write_fd
                0x01004e3c                altera_avalon_uart_close_fd
 .text          0x01004e84      0x3fc ../Mod2_DE2_program_bsp/\libhal_bsp.a(altera_avalon_uart_init.o)
                0x01004e84                altera_avalon_uart_init
                0x01005220                altera_avalon_uart_close
 .text          0x01005280      0x290 ../Mod2_DE2_program_bsp/\libhal_bsp.a(altera_avalon_uart_read.o)
                0x01005280                altera_avalon_uart_read
 .text          0x01005510      0x228 ../Mod2_DE2_program_bsp/\libhal_bsp.a(altera_avalon_uart_write.o)
                0x01005510                altera_avalon_uart_write
 .text          0x01005738      0x80c ../Mod2_DE2_program_bsp/\libhal_bsp.a(altera_up_avalon_audio.o)
                0x01005738                alt_up_audio_open_dev
                0x01005778                alt_up_audio_enable_read_interrupt
                0x010057c4                alt_up_audio_disable_read_interrupt
                0x01005814                alt_up_audio_enable_write_interrupt
                0x01005860                alt_up_audio_disable_write_interrupt
                0x010058b0                alt_up_audio_read_interrupt_pending
                0x010058ec                alt_up_audio_write_interrupt_pending
                0x01005928                alt_up_audio_reset_audio_core
                0x010059b0                alt_up_audio_read_fifo_avail
                0x01005a20                alt_up_audio_record_r
                0x01005a90                alt_up_audio_record_l
                0x01005b00                alt_up_audio_write_fifo_space
                0x01005b74                alt_up_audio_play_r
                0x01005be4                alt_up_audio_play_l
                0x01005c54                alt_up_audio_read_fifo
                0x01005d58                alt_up_audio_write_fifo
                0x01005e84                alt_up_audio_read_fifo_head
                0x01005ee4                alt_up_audio_write_fifo_head
 .text          0x01005f44      0x788 ../Mod2_DE2_program_bsp/\libhal_bsp.a(altera_up_avalon_audio_and_video_config.o)
                0x01005f44                alt_up_av_config_open_dev
                0x01005fa8                alt_up_av_config_write_data
                0x0100600c                alt_up_av_config_read_data
                0x01006098                alt_up_av_config_reset
                0x010060d0                alt_up_av_config_enable_interrupt
                0x01006108                alt_up_av_config_disable_interrupt
                0x01006138                alt_up_av_config_read_acknowledge
                0x010061a0                alt_up_av_config_read_ready
                0x010061d8                alt_up_av_config_write_audio_cfg_register
                0x01006284                alt_up_av_config_read_video_cfg_register
                0x0100637c                alt_up_av_config_write_video_cfg_register
                0x01006474                alt_up_av_config_read_DC2_cfg_register
                0x010064d8                alt_up_av_config_write_DC2_cfg_register
                0x0100653c                alt_up_av_config_read_D5M_cfg_register
                0x010065a0                alt_up_av_config_write_D5M_cfg_register
                0x01006604                alt_up_av_config_read_LTM_cfg_register
                0x01006668                alt_up_av_config_write_LTM_cfg_register
 .text          0x010066cc      0x530 ../Mod2_DE2_program_bsp/\libhal_bsp.a(altera_up_avalon_character_lcd.o)
                0x010066cc                get_DDRAM_addr
                0x01006748                alt_up_character_lcd_send_cmd
                0x0100677c                alt_up_character_lcd_init
                0x010067b0                alt_up_character_lcd_open_dev
                0x010067f0                alt_up_character_lcd_write
                0x01006868                alt_up_character_lcd_string
                0x010068e0                alt_up_character_lcd_write_fd
                0x0100692c                alt_up_character_lcd_set_cursor_pos
                0x010069a4                alt_up_character_lcd_shift_cursor
                0x01006a54                alt_up_character_lcd_shift_display
                0x01006b04                alt_up_character_lcd_erase_pos
                0x01006b94                alt_up_character_lcd_cursor_off
                0x01006bc8                alt_up_character_lcd_cursor_blink_on
 .text          0x01006bfc      0x154 ../Mod2_DE2_program_bsp/\libhal_bsp.a(alt_alarm_start.o)
                0x01006bfc                alt_alarm_start
 .text          0x01006d50       0x1c ../Mod2_DE2_program_bsp/\libhal_bsp.a(alt_dcache_flush_all.o)
                0x01006d50                alt_dcache_flush_all
 .text          0x01006d6c      0x114 ../Mod2_DE2_program_bsp/\libhal_bsp.a(alt_dev_llist_insert.o)
                0x01006d6c                alt_dev_llist_insert
 .text          0x01006e80       0x64 ../Mod2_DE2_program_bsp/\libhal_bsp.a(alt_do_ctors.o)
                0x01006e80                _do_ctors
 .text          0x01006ee4       0x64 ../Mod2_DE2_program_bsp/\libhal_bsp.a(alt_do_dtors.o)
                0x01006ee4                _do_dtors
 .text          0x01006f48       0x94 ../Mod2_DE2_program_bsp/\libhal_bsp.a(alt_find_dev.o)
                0x01006f48                alt_find_dev
 .text          0x01006fdc      0x120 ../Mod2_DE2_program_bsp/\libhal_bsp.a(alt_find_file.o)
                0x01006fdc                alt_find_file
 .text          0x010070fc       0xd0 ../Mod2_DE2_program_bsp/\libhal_bsp.a(alt_get_fd.o)
                0x010070fc                alt_get_fd
 .text          0x010071cc       0x1c ../Mod2_DE2_program_bsp/\libhal_bsp.a(alt_icache_flush_all.o)
                0x010071cc                alt_icache_flush_all
 .text          0x010071e8      0x150 ../Mod2_DE2_program_bsp/\libhal_bsp.a(alt_io_redirect.o)
                0x010072c0                alt_io_redirect
 .text          0x01007338        0x0 ../Mod2_DE2_program_bsp/\libhal_bsp.a(alt_irq_entry.o)
 .text          0x01007338        0x0 ../Mod2_DE2_program_bsp/\libhal_bsp.a(alt_irq_handler.o)
 .text          0x01007338      0x1a4 ../Mod2_DE2_program_bsp/\libhal_bsp.a(alt_tick.o)
                0x01007338                alt_alarm_stop
                0x010073d0                alt_tick
 .text          0x010074dc       0x20 ../Mod2_DE2_program_bsp/\libhal_bsp.a(altera_nios2_qsys_irq.o)
                0x010074dc                altera_nios2_qsys_irq_init
 .text          0x010074fc        0x0 ../Mod2_DE2_program_bsp/\libhal_bsp.a(alt_exception_entry.o)
 .text          0x010074fc       0x14 c:/altera/13.0sp1/nios2eds/bin/gnu/h-i686-mingw32/bin/../lib/gcc/nios2-elf/4.1.2/../../../../nios2-elf/lib/mno-hw-mul\libc.a(lib_a-atexit.o)
                0x010074fc                atexit
 .text          0x01007510       0x38 c:/altera/13.0sp1/nios2eds/bin/gnu/h-i686-mingw32/bin/../lib/gcc/nios2-elf/4.1.2/../../../../nios2-elf/lib/mno-hw-mul\libc.a(lib_a-exit.o)
                0x01007510                exit
 .text          0x01007548       0x74 c:/altera/13.0sp1/nios2eds/bin/gnu/h-i686-mingw32/bin/../lib/gcc/nios2-elf/4.1.2/../../../../nios2-elf/lib/mno-hw-mul\libc.a(lib_a-memcmp.o)
                0x01007548                memcmp
 .text          0x010075bc      0x1ec c:/altera/13.0sp1/nios2eds/bin/gnu/h-i686-mingw32/bin/../lib/gcc/nios2-elf/4.1.2/../../../../nios2-elf/lib/mno-hw-mul\libc.a(lib_a-putc.o)
                0x010075bc                putc
                0x010076c0                _putc_r
 .text          0x010077a8      0x14c c:/altera/13.0sp1/nios2eds/bin/gnu/h-i686-mingw32/bin/../lib/gcc/nios2-elf/4.1.2/../../../../nios2-elf/lib/mno-hw-mul\libc.a(lib_a-wbuf.o)
                0x010077a8                __swbuf_r
                0x010078d8                __swbuf
 .text          0x010078f4      0x134 c:/altera/13.0sp1/nios2eds/bin/gnu/h-i686-mingw32/bin/../lib/gcc/nios2-elf/4.1.2/../../../../nios2-elf/lib/mno-hw-mul\libc.a(lib_a-__atexit.o)
                0x010078f4                __register_exitproc
 .text          0x01007a28      0x1b4 c:/altera/13.0sp1/nios2eds/bin/gnu/h-i686-mingw32/bin/../lib/gcc/nios2-elf/4.1.2/../../../../nios2-elf/lib/mno-hw-mul\libc.a(lib_a-__call_atexit.o)
                0x01007a2c                __call_exitprocs
 .text          0x01007bdc       0x60 ../Mod2_DE2_program_bsp/\libhal_bsp.a(alt_exit.o)
                0x01007c1c                _exit
 *(.gnu.warning.*)
 *(.fini)
                0x01007c3c                PROVIDE (__etext, ABSOLUTE (.))
                0x01007c3c                PROVIDE (_etext, ABSOLUTE (.))
                0x01007c3c                PROVIDE (etext, ABSOLUTE (.))
 *(.eh_frame_hdr)
                0x01007c3c                . = ALIGN (0x4)
                0x01007c3c                PROVIDE (__preinit_array_start, ABSOLUTE (.))
 *(.preinit_array)
                0x01007c3c                PROVIDE (__preinit_array_end, ABSOLUTE (.))
                0x01007c3c                PROVIDE (__init_array_start, ABSOLUTE (.))
 *(.init_array)
                0x01007c3c                PROVIDE (__init_array_end, ABSOLUTE (.))
                0x01007c3c                PROVIDE (__fini_array_start, ABSOLUTE (.))
 *(.fini_array)
                0x01007c3c                PROVIDE (__fini_array_end, ABSOLUTE (.))
 *(.eh_frame)
 *(.gcc_except_table)
 *(.dynamic)
                0x01007c3c                PROVIDE (__CTOR_LIST__, ABSOLUTE (.))
 *(.ctors)
 *(SORT(.ctors.*))
 .ctors.65535   0x01007c3c        0x4 c:/altera/13.0sp1/nios2eds/bin/gnu/h-i686-mingw32/bin/../lib/gcc/nios2-elf/4.1.2/../../../../nios2-elf/lib/mno-hw-mul\libc.a(lib_a-__call_atexit.o)
                0x01007c40                PROVIDE (__CTOR_END__, ABSOLUTE (.))
                0x01007c40                PROVIDE (__DTOR_LIST__, ABSOLUTE (.))
 *(.dtors)
 *(SORT(.dtors.*))
                0x01007c40                PROVIDE (__DTOR_END__, ABSOLUTE (.))
 *(.jcr)
                0x01007c40                . = ALIGN (0x4)

.rodata         0x01007c40      0x1f8
                0x01007c40                PROVIDE (__ram_rodata_start, ABSOLUTE (.))
                0x01007c40                . = ALIGN (0x4)
 *(.rodata .rodata.* .gnu.linkonce.r.*)
 .rodata        0x01007c40      0x148 obj/default/hello_world.o
 .rodata.str1.4
                0x01007d88        0x2 c:/altera/13.0sp1/nios2eds/bin/gnu/h-i686-mingw32/bin/../lib/gcc/nios2-elf/4.1.2/../../../../nios2-elf/lib/mno-hw-mul\libc.a(lib_a-puts.o)
                                  0x4 (size before relaxing)
 *fill*         0x01007d8a        0x2 00
 .rodata.str1.4
                0x01007d8c        0x4 c:/altera/13.0sp1/nios2eds/bin/gnu/h-i686-mingw32/bin/../lib/gcc/nios2-elf/4.1.2/../../../../nios2-elf/lib/mno-hw-mul\libc.a(lib_a-impure.o)
 .rodata        0x01007d90        0xc ../Mod2_DE2_program_bsp/\libhal_bsp.a(alt_dev.o)
 .rodata        0x01007d9c       0x14 ../Mod2_DE2_program_bsp/\libhal_bsp.a(alt_main.o)
 .rodata        0x01007db0       0x88 ../Mod2_DE2_program_bsp/\libhal_bsp.a(alt_sys_init.o)
 *(.rodata1)
                0x01007e38                . = ALIGN (0x4)
                0x01007e38                PROVIDE (__ram_rodata_end, ABSOLUTE (.))
                0x01007c40                PROVIDE (__flash_rodata_start, LOADADDR (.rodata))

.rwdata         0x01007e38     0x1bd0 load address 0x01009a08
                0x01007e38                PROVIDE (__ram_rwdata_start, ABSOLUTE (.))
                0x01007e38                . = ALIGN (0x4)
 *(.got.plt)
 *(.got)
 *(.data1)
 *(.data .data.* .gnu.linkonce.d.*)
 .data          0x01007e38        0x0 ../Mod2_DE2_program_bsp//obj/HAL/src/crt0.o
 .data          0x01007e38        0x0 obj/default/hello_world.o
 .data          0x01007e38        0x0 c:/altera/13.0sp1/nios2eds/bin/gnu/h-i686-mingw32/bin/../lib/gcc/nios2-elf/4.1.2/../../../../nios2-elf/lib/mno-hw-mul\libc.a(lib_a-puts.o)
 .data          0x01007e38        0x0 c:/altera/13.0sp1/nios2eds/bin/gnu/h-i686-mingw32/bin/../lib/gcc/nios2-elf/4.1.2/../../../../nios2-elf/lib/mno-hw-mul\libc.a(lib_a-strlen.o)
 .data          0x01007e38        0x0 c:/altera/13.0sp1/nios2eds/bin/gnu/h-i686-mingw32/bin/../lib/gcc/nios2-elf/4.1.2/../../../../nios2-elf/lib/mno-hw-mul\libc.a(lib_a-fvwrite.o)
 .data          0x01007e38      0x400 c:/altera/13.0sp1/nios2eds/bin/gnu/h-i686-mingw32/bin/../lib/gcc/nios2-elf/4.1.2/../../../../nios2-elf/lib/mno-hw-mul\libc.a(lib_a-impure.o)
 .data          0x01008238      0x408 c:/altera/13.0sp1/nios2eds/bin/gnu/h-i686-mingw32/bin/../lib/gcc/nios2-elf/4.1.2/../../../../nios2-elf/lib/mno-hw-mul\libc.a(lib_a-mallocr.o)
                0x01008238                __malloc_av_
 .data          0x01008640        0x0 c:/altera/13.0sp1/nios2eds/bin/gnu/h-i686-mingw32/bin/../lib/gcc/nios2-elf/4.1.2/../../../../nios2-elf/lib/mno-hw-mul\libc.a(lib_a-memchr.o)
 .data          0x01008640        0x0 c:/altera/13.0sp1/nios2eds/bin/gnu/h-i686-mingw32/bin/../lib/gcc/nios2-elf/4.1.2/../../../../nios2-elf/lib/mno-hw-mul\libc.a(lib_a-memcpy.o)
 .data          0x01008640        0x0 c:/altera/13.0sp1/nios2eds/bin/gnu/h-i686-mingw32/bin/../lib/gcc/nios2-elf/4.1.2/../../../../nios2-elf/lib/mno-hw-mul\libc.a(lib_a-memmove.o)
 .data          0x01008640        0x0 c:/altera/13.0sp1/nios2eds/bin/gnu/h-i686-mingw32/bin/../lib/gcc/nios2-elf/4.1.2/../../../../nios2-elf/lib/mno-hw-mul\libc.a(lib_a-reallocr.o)
 .data          0x01008640        0x0 c:/altera/13.0sp1/nios2eds/bin/gnu/h-i686-mingw32/bin/../lib/gcc/nios2-elf/4.1.2/../../../../nios2-elf/lib/mno-hw-mul\libc.a(lib_a-sbrkr.o)
 .data          0x01008640        0x0 c:/altera/13.0sp1/nios2eds/bin/gnu/h-i686-mingw32/bin/../lib/gcc/nios2-elf/4.1.2/../../../../nios2-elf/lib/mno-hw-mul\libc.a(lib_a-wsetup.o)
 .data          0x01008640        0x0 c:/altera/13.0sp1/nios2eds/bin/gnu/h-i686-mingw32/bin/../lib/gcc/nios2-elf/4.1.2/../../../../nios2-elf/lib/mno-hw-mul\libc.a(lib_a-fflush.o)
 .data          0x01008640        0x0 c:/altera/13.0sp1/nios2eds/bin/gnu/h-i686-mingw32/bin/../lib/gcc/nios2-elf/4.1.2/../../../../nios2-elf/lib/mno-hw-mul\libc.a(lib_a-findfp.o)
 .data          0x01008640        0x0 c:/altera/13.0sp1/nios2eds/bin/gnu/h-i686-mingw32/bin/../lib/gcc/nios2-elf/4.1.2/../../../../nios2-elf/lib/mno-hw-mul\libc.a(lib_a-freer.o)
 .data          0x01008640        0x0 c:/altera/13.0sp1/nios2eds/bin/gnu/h-i686-mingw32/bin/../lib/gcc/nios2-elf/4.1.2/../../../../nios2-elf/lib/mno-hw-mul\libc.a(lib_a-fwalk.o)
 .data          0x01008640        0x0 c:/altera/13.0sp1/nios2eds/bin/gnu/h-i686-mingw32/bin/../lib/gcc/nios2-elf/4.1.2/../../../../nios2-elf/lib/mno-hw-mul\libc.a(lib_a-int_errno.o)
 .data          0x01008640        0x0 c:/altera/13.0sp1/nios2eds/bin/gnu/h-i686-mingw32/bin/../lib/gcc/nios2-elf/4.1.2/../../../../nios2-elf/lib/mno-hw-mul\libc.a(lib_a-makebuf.o)
 .data          0x01008640        0x0 c:/altera/13.0sp1/nios2eds/bin/gnu/h-i686-mingw32/bin/../lib/gcc/nios2-elf/4.1.2/../../../../nios2-elf/lib/mno-hw-mul\libc.a(lib_a-memset.o)
 .data          0x01008640        0x0 c:/altera/13.0sp1/nios2eds/bin/gnu/h-i686-mingw32/bin/../lib/gcc/nios2-elf/4.1.2/../../../../nios2-elf/lib/mno-hw-mul\libc.a(lib_a-stdio.o)
 .data          0x01008640        0x0 c:/altera/13.0sp1/nios2eds/bin/gnu/h-i686-mingw32/bin/../lib/gcc/nios2-elf/4.1.2/../../../../nios2-elf/lib/mno-hw-mul\libc.a(lib_a-writer.o)
 .data          0x01008640        0x0 c:/altera/13.0sp1/nios2eds/bin/gnu/h-i686-mingw32/bin/../lib/gcc/nios2-elf/4.1.2/../../../../nios2-elf/lib/mno-hw-mul\libc.a(lib_a-closer.o)
 .data          0x01008640        0x0 c:/altera/13.0sp1/nios2eds/bin/gnu/h-i686-mingw32/bin/../lib/gcc/nios2-elf/4.1.2/../../../../nios2-elf/lib/mno-hw-mul\libc.a(lib_a-fclose.o)
 .data          0x01008640        0x0 c:/altera/13.0sp1/nios2eds/bin/gnu/h-i686-mingw32/bin/../lib/gcc/nios2-elf/4.1.2/../../../../nios2-elf/lib/mno-hw-mul\libc.a(lib_a-fstatr.o)
 .data          0x01008640        0x0 c:/altera/13.0sp1/nios2eds/bin/gnu/h-i686-mingw32/bin/../lib/gcc/nios2-elf/4.1.2/../../../../nios2-elf/lib/mno-hw-mul\libc.a(lib_a-isattyr.o)
 .data          0x01008640        0x0 c:/altera/13.0sp1/nios2eds/bin/gnu/h-i686-mingw32/bin/../lib/gcc/nios2-elf/4.1.2/../../../../nios2-elf/lib/mno-hw-mul\libc.a(lib_a-lseekr.o)
 .data          0x01008640        0x0 c:/altera/13.0sp1/nios2eds/bin/gnu/h-i686-mingw32/bin/../lib/gcc/nios2-elf/4.1.2/../../../../nios2-elf/lib/mno-hw-mul\libc.a(lib_a-readr.o)
 .data          0x01008640        0x0 c:/altera/13.0sp1/nios2eds/bin/gnu/h-i686-mingw32/bin/../lib/gcc/nios2-elf/4.1.2/mno-hw-mul\libgcc.a(lib2-mul.o)
 .data          0x01008640        0x0 ../Mod2_DE2_program_bsp/\libhal_bsp.a(alt_close.o)
 .data          0x01008640      0x1a8 ../Mod2_DE2_program_bsp/\libhal_bsp.a(alt_dev.o)
                0x01008640                alt_dev_null
                0x01008668                alt_fd_list
 .data          0x010087e8        0x0 ../Mod2_DE2_program_bsp/\libhal_bsp.a(alt_errno.o)
 .data          0x010087e8        0x0 ../Mod2_DE2_program_bsp/\libhal_bsp.a(alt_fstat.o)
 .data          0x010087e8        0x0 ../Mod2_DE2_program_bsp/\libhal_bsp.a(alt_irq_register.o)
 .data          0x010087e8        0x0 ../Mod2_DE2_program_bsp/\libhal_bsp.a(alt_irq_vars.o)
 .data          0x010087e8        0x0 ../Mod2_DE2_program_bsp/\libhal_bsp.a(alt_isatty.o)
 .data          0x010087e8        0x0 ../Mod2_DE2_program_bsp/\libhal_bsp.a(alt_load.o)
 .data          0x010087e8        0x0 ../Mod2_DE2_program_bsp/\libhal_bsp.a(alt_lseek.o)
 .data          0x010087e8        0x0 ../Mod2_DE2_program_bsp/\libhal_bsp.a(alt_main.o)
 .data          0x010087e8        0x0 ../Mod2_DE2_program_bsp/\libhal_bsp.a(alt_malloc_lock.o)
 .data          0x010087e8        0x0 ../Mod2_DE2_program_bsp/\libhal_bsp.a(alt_open.o)
 .data          0x010087e8        0x0 ../Mod2_DE2_program_bsp/\libhal_bsp.a(alt_printf.o)
 .data          0x010087e8        0x0 ../Mod2_DE2_program_bsp/\libhal_bsp.a(alt_putchar.o)
 .data          0x010087e8        0x0 ../Mod2_DE2_program_bsp/\libhal_bsp.a(alt_read.o)
 .data          0x010087e8        0x0 ../Mod2_DE2_program_bsp/\libhal_bsp.a(alt_release_fd.o)
 .data          0x010087e8        0x0 ../Mod2_DE2_program_bsp/\libhal_bsp.a(alt_sbrk.o)
 .data          0x010087e8        0x0 ../Mod2_DE2_program_bsp/\libhal_bsp.a(alt_write.o)
 .data          0x010087e8     0x11dc ../Mod2_DE2_program_bsp/\libhal_bsp.a(alt_sys_init.o)
 .data          0x010099c4        0x0 ../Mod2_DE2_program_bsp/\libhal_bsp.a(altera_avalon_jtag_uart_fd.o)
 .data          0x010099c4        0x0 ../Mod2_DE2_program_bsp/\libhal_bsp.a(altera_avalon_jtag_uart_init.o)
 .data          0x010099c4        0x0 ../Mod2_DE2_program_bsp/\libhal_bsp.a(altera_avalon_jtag_uart_ioctl.o)
 .data          0x010099c4        0x0 ../Mod2_DE2_program_bsp/\libhal_bsp.a(altera_avalon_jtag_uart_read.o)
 .data          0x010099c4        0x0 ../Mod2_DE2_program_bsp/\libhal_bsp.a(altera_avalon_jtag_uart_write.o)
 .data          0x010099c4        0x0 ../Mod2_DE2_program_bsp/\libhal_bsp.a(altera_avalon_timer_sc.o)
 .data          0x010099c4        0x0 ../Mod2_DE2_program_bsp/\libhal_bsp.a(altera_avalon_uart_fd.o)
 .data          0x010099c4        0x0 ../Mod2_DE2_program_bsp/\libhal_bsp.a(altera_avalon_uart_init.o)
 .data          0x010099c4        0x0 ../Mod2_DE2_program_bsp/\libhal_bsp.a(altera_avalon_uart_read.o)
 .data          0x010099c4        0x0 ../Mod2_DE2_program_bsp/\libhal_bsp.a(altera_avalon_uart_write.o)
 .data          0x010099c4        0x0 ../Mod2_DE2_program_bsp/\libhal_bsp.a(altera_up_avalon_audio.o)
 .data          0x010099c4        0x0 ../Mod2_DE2_program_bsp/\libhal_bsp.a(altera_up_avalon_audio_and_video_config.o)
 .data          0x010099c4        0x0 ../Mod2_DE2_program_bsp/\libhal_bsp.a(altera_up_avalon_character_lcd.o)
 .data          0x010099c4        0x0 ../Mod2_DE2_program_bsp/\libhal_bsp.a(alt_alarm_start.o)
 .data          0x010099c4        0x0 ../Mod2_DE2_program_bsp/\libhal_bsp.a(alt_dcache_flush_all.o)
 .data          0x010099c4        0x0 ../Mod2_DE2_program_bsp/\libhal_bsp.a(alt_dev_llist_insert.o)
 .data          0x010099c4        0x0 ../Mod2_DE2_program_bsp/\libhal_bsp.a(alt_do_ctors.o)
 .data          0x010099c4        0x0 ../Mod2_DE2_program_bsp/\libhal_bsp.a(alt_do_dtors.o)
 .data          0x010099c4        0x0 ../Mod2_DE2_program_bsp/\libhal_bsp.a(alt_find_dev.o)
 .data          0x010099c4        0x0 ../Mod2_DE2_program_bsp/\libhal_bsp.a(alt_find_file.o)
 .data          0x010099c4        0x0 ../Mod2_DE2_program_bsp/\libhal_bsp.a(alt_get_fd.o)
 .data          0x010099c4        0x0 ../Mod2_DE2_program_bsp/\libhal_bsp.a(alt_icache_flush_all.o)
 .data          0x010099c4        0x0 ../Mod2_DE2_program_bsp/\libhal_bsp.a(alt_io_redirect.o)
 .data          0x010099c4        0x0 ../Mod2_DE2_program_bsp/\libhal_bsp.a(alt_irq_entry.o)
 .data          0x010099c4        0x0 ../Mod2_DE2_program_bsp/\libhal_bsp.a(alt_irq_handler.o)
 .data          0x010099c4        0x0 ../Mod2_DE2_program_bsp/\libhal_bsp.a(alt_tick.o)
 .data          0x010099c4        0x0 ../Mod2_DE2_program_bsp/\libhal_bsp.a(altera_nios2_qsys_irq.o)
 .data          0x010099c4        0x0 ../Mod2_DE2_program_bsp/\libhal_bsp.a(alt_exception_entry.o)
 .data          0x010099c4        0x0 c:/altera/13.0sp1/nios2eds/bin/gnu/h-i686-mingw32/bin/../lib/gcc/nios2-elf/4.1.2/../../../../nios2-elf/lib/mno-hw-mul\libc.a(lib_a-atexit.o)
 .data          0x010099c4        0x0 c:/altera/13.0sp1/nios2eds/bin/gnu/h-i686-mingw32/bin/../lib/gcc/nios2-elf/4.1.2/../../../../nios2-elf/lib/mno-hw-mul\libc.a(lib_a-exit.o)
 .data          0x010099c4        0x0 c:/altera/13.0sp1/nios2eds/bin/gnu/h-i686-mingw32/bin/../lib/gcc/nios2-elf/4.1.2/../../../../nios2-elf/lib/mno-hw-mul\libc.a(lib_a-memcmp.o)
 .data          0x010099c4        0x0 c:/altera/13.0sp1/nios2eds/bin/gnu/h-i686-mingw32/bin/../lib/gcc/nios2-elf/4.1.2/../../../../nios2-elf/lib/mno-hw-mul\libc.a(lib_a-putc.o)
 .data          0x010099c4        0x0 c:/altera/13.0sp1/nios2eds/bin/gnu/h-i686-mingw32/bin/../lib/gcc/nios2-elf/4.1.2/../../../../nios2-elf/lib/mno-hw-mul\libc.a(lib_a-wbuf.o)
 .data          0x010099c4        0x0 c:/altera/13.0sp1/nios2eds/bin/gnu/h-i686-mingw32/bin/../lib/gcc/nios2-elf/4.1.2/../../../../nios2-elf/lib/mno-hw-mul\libc.a(lib_a-__atexit.o)
 .data          0x010099c4        0x0 c:/altera/13.0sp1/nios2eds/bin/gnu/h-i686-mingw32/bin/../lib/gcc/nios2-elf/4.1.2/../../../../nios2-elf/lib/mno-hw-mul\libc.a(lib_a-__call_atexit.o)
 .data          0x010099c4        0x0 ../Mod2_DE2_program_bsp/\libhal_bsp.a(alt_exit.o)
                0x010119c4                _gp = ABSOLUTE ((. + 0x8000))
                0x010119c4                PROVIDE (gp, _gp)
 *(.rwdata .rwdata.*)
 *(.sdata .sdata.* .gnu.linkonce.s.*)
 .sdata         0x010099c4        0xc obj/default/hello_world.o
                0x010099c4                state
                0x010099c8                isComplete
                0x010099cc                msg
 .sdata         0x010099d0        0x8 c:/altera/13.0sp1/nios2eds/bin/gnu/h-i686-mingw32/bin/../lib/gcc/nios2-elf/4.1.2/../../../../nios2-elf/lib/mno-hw-mul\libc.a(lib_a-impure.o)
                0x010099d0                _impure_ptr
                0x010099d4                _global_impure_ptr
 .sdata         0x010099d8        0x8 c:/altera/13.0sp1/nios2eds/bin/gnu/h-i686-mingw32/bin/../lib/gcc/nios2-elf/4.1.2/../../../../nios2-elf/lib/mno-hw-mul\libc.a(lib_a-mallocr.o)
                0x010099d8                __malloc_trim_threshold
                0x010099dc                __malloc_sbrk_base
 .sdata         0x010099e0       0x14 ../Mod2_DE2_program_bsp/\libhal_bsp.a(alt_dev.o)
                0x010099e0                alt_fs_list
                0x010099e8                alt_dev_list
                0x010099f0                alt_max_fd
 .sdata         0x010099f4        0x4 ../Mod2_DE2_program_bsp/\libhal_bsp.a(alt_errno.o)
                0x010099f4                alt_errno
 .sdata         0x010099f8        0x4 ../Mod2_DE2_program_bsp/\libhal_bsp.a(alt_irq_vars.o)
                0x010099f8                alt_priority_mask
 .sdata         0x010099fc        0x4 ../Mod2_DE2_program_bsp/\libhal_bsp.a(alt_sbrk.o)
 .sdata         0x01009a00        0x8 ../Mod2_DE2_program_bsp/\libhal_bsp.a(alt_tick.o)
                0x01009a00                alt_alarm_list
 *(.sdata2 .sdata2.* .gnu.linkonce.s2.*)
                0x01009a08                . = ALIGN (0x4)
                0x01009a08                _edata = ABSOLUTE (.)
                0x01009a08                PROVIDE (edata, ABSOLUTE (.))
                0x01009a08                PROVIDE (__ram_rwdata_end, ABSOLUTE (.))
                0x01009a08                PROVIDE (__flash_rwdata_start, LOADADDR (.rwdata))

.bss            0x0100b5d8      0x2e8
                0x0100b5d8                __bss_start = ABSOLUTE (.)
                0x0100b5d8                PROVIDE (__sbss_start, ABSOLUTE (.))
                0x0100b5d8                PROVIDE (___sbss_start, ABSOLUTE (.))
 *(.dynsbss)
 *(.sbss .sbss.* .gnu.linkonce.sb.*)
 .sbss          0x0100b5d8        0x4 obj/default/hello_world.o
                0x0100b5d8                ans
 .sbss          0x0100b5dc        0x4 obj/default/hello_world.o
                0x0100b5dc                char_lcd_dev
 .sbss          0x0100b5e0        0xc c:/altera/13.0sp1/nios2eds/bin/gnu/h-i686-mingw32/bin/../lib/gcc/nios2-elf/4.1.2/../../../../nios2-elf/lib/mno-hw-mul\libc.a(lib_a-mallocr.o)
                0x0100b5e0                __malloc_top_pad
                0x0100b5e4                __malloc_max_sbrked_mem
                0x0100b5e8                __malloc_max_total_mem
 .sbss          0x0100b5ec        0x4 c:/altera/13.0sp1/nios2eds/bin/gnu/h-i686-mingw32/bin/../lib/gcc/nios2-elf/4.1.2/../../../../nios2-elf/lib/mno-hw-mul\libc.a(lib_a-int_errno.o)
                0x0100b5ec                errno
 .sbss          0x0100b5f0        0x4 ../Mod2_DE2_program_bsp/\libhal_bsp.a(alt_irq_vars.o)
                0x0100b5f0                alt_irq_active
 .sbss          0x0100b5f4        0xc ../Mod2_DE2_program_bsp/\libhal_bsp.a(alt_main.o)
                0x0100b5f4                alt_argc
                0x0100b5f8                alt_argv
                0x0100b5fc                alt_envp
 .sbss          0x0100b600        0x8 ../Mod2_DE2_program_bsp/\libhal_bsp.a(alt_tick.o)
                0x0100b600                _alt_tick_rate
                0x0100b604                _alt_nticks
 *(.sbss2 .sbss2.* .gnu.linkonce.sb2.*)
 *(.scommon)
                0x0100b608                PROVIDE (__sbss_end, ABSOLUTE (.))
                0x0100b608                PROVIDE (___sbss_end, ABSOLUTE (.))
 *(.dynbss)
 *(.bss .bss.* .gnu.linkonce.b.*)
 .bss           0x0100b608        0x0 ../Mod2_DE2_program_bsp//obj/HAL/src/crt0.o
 .bss           0x0100b608        0x0 obj/default/hello_world.o
 .bss           0x0100b608        0x0 c:/altera/13.0sp1/nios2eds/bin/gnu/h-i686-mingw32/bin/../lib/gcc/nios2-elf/4.1.2/../../../../nios2-elf/lib/mno-hw-mul\libc.a(lib_a-puts.o)
 .bss           0x0100b608        0x0 c:/altera/13.0sp1/nios2eds/bin/gnu/h-i686-mingw32/bin/../lib/gcc/nios2-elf/4.1.2/../../../../nios2-elf/lib/mno-hw-mul\libc.a(lib_a-strlen.o)
 .bss           0x0100b608        0x0 c:/altera/13.0sp1/nios2eds/bin/gnu/h-i686-mingw32/bin/../lib/gcc/nios2-elf/4.1.2/../../../../nios2-elf/lib/mno-hw-mul\libc.a(lib_a-fvwrite.o)
 .bss           0x0100b608        0x0 c:/altera/13.0sp1/nios2eds/bin/gnu/h-i686-mingw32/bin/../lib/gcc/nios2-elf/4.1.2/../../../../nios2-elf/lib/mno-hw-mul\libc.a(lib_a-impure.o)
 .bss           0x0100b608       0x28 c:/altera/13.0sp1/nios2eds/bin/gnu/h-i686-mingw32/bin/../lib/gcc/nios2-elf/4.1.2/../../../../nios2-elf/lib/mno-hw-mul\libc.a(lib_a-mallocr.o)
                0x0100b608                __malloc_current_mallinfo
 .bss           0x0100b630        0x0 c:/altera/13.0sp1/nios2eds/bin/gnu/h-i686-mingw32/bin/../lib/gcc/nios2-elf/4.1.2/../../../../nios2-elf/lib/mno-hw-mul\libc.a(lib_a-memchr.o)
 .bss           0x0100b630        0x0 c:/altera/13.0sp1/nios2eds/bin/gnu/h-i686-mingw32/bin/../lib/gcc/nios2-elf/4.1.2/../../../../nios2-elf/lib/mno-hw-mul\libc.a(lib_a-memcpy.o)
 .bss           0x0100b630        0x0 c:/altera/13.0sp1/nios2eds/bin/gnu/h-i686-mingw32/bin/../lib/gcc/nios2-elf/4.1.2/../../../../nios2-elf/lib/mno-hw-mul\libc.a(lib_a-memmove.o)
 .bss           0x0100b630        0x0 c:/altera/13.0sp1/nios2eds/bin/gnu/h-i686-mingw32/bin/../lib/gcc/nios2-elf/4.1.2/../../../../nios2-elf/lib/mno-hw-mul\libc.a(lib_a-reallocr.o)
 .bss           0x0100b630        0x0 c:/altera/13.0sp1/nios2eds/bin/gnu/h-i686-mingw32/bin/../lib/gcc/nios2-elf/4.1.2/../../../../nios2-elf/lib/mno-hw-mul\libc.a(lib_a-sbrkr.o)
 .bss           0x0100b630        0x0 c:/altera/13.0sp1/nios2eds/bin/gnu/h-i686-mingw32/bin/../lib/gcc/nios2-elf/4.1.2/../../../../nios2-elf/lib/mno-hw-mul\libc.a(lib_a-wsetup.o)
 .bss           0x0100b630        0x0 c:/altera/13.0sp1/nios2eds/bin/gnu/h-i686-mingw32/bin/../lib/gcc/nios2-elf/4.1.2/../../../../nios2-elf/lib/mno-hw-mul\libc.a(lib_a-fflush.o)
 .bss           0x0100b630        0x0 c:/altera/13.0sp1/nios2eds/bin/gnu/h-i686-mingw32/bin/../lib/gcc/nios2-elf/4.1.2/../../../../nios2-elf/lib/mno-hw-mul\libc.a(lib_a-findfp.o)
 .bss           0x0100b630        0x0 c:/altera/13.0sp1/nios2eds/bin/gnu/h-i686-mingw32/bin/../lib/gcc/nios2-elf/4.1.2/../../../../nios2-elf/lib/mno-hw-mul\libc.a(lib_a-freer.o)
 .bss           0x0100b630        0x0 c:/altera/13.0sp1/nios2eds/bin/gnu/h-i686-mingw32/bin/../lib/gcc/nios2-elf/4.1.2/../../../../nios2-elf/lib/mno-hw-mul\libc.a(lib_a-fwalk.o)
 .bss           0x0100b630        0x0 c:/altera/13.0sp1/nios2eds/bin/gnu/h-i686-mingw32/bin/../lib/gcc/nios2-elf/4.1.2/../../../../nios2-elf/lib/mno-hw-mul\libc.a(lib_a-int_errno.o)
 .bss           0x0100b630        0x0 c:/altera/13.0sp1/nios2eds/bin/gnu/h-i686-mingw32/bin/../lib/gcc/nios2-elf/4.1.2/../../../../nios2-elf/lib/mno-hw-mul\libc.a(lib_a-makebuf.o)
 .bss           0x0100b630        0x0 c:/altera/13.0sp1/nios2eds/bin/gnu/h-i686-mingw32/bin/../lib/gcc/nios2-elf/4.1.2/../../../../nios2-elf/lib/mno-hw-mul\libc.a(lib_a-memset.o)
 .bss           0x0100b630        0x0 c:/altera/13.0sp1/nios2eds/bin/gnu/h-i686-mingw32/bin/../lib/gcc/nios2-elf/4.1.2/../../../../nios2-elf/lib/mno-hw-mul\libc.a(lib_a-stdio.o)
 .bss           0x0100b630        0x0 c:/altera/13.0sp1/nios2eds/bin/gnu/h-i686-mingw32/bin/../lib/gcc/nios2-elf/4.1.2/../../../../nios2-elf/lib/mno-hw-mul\libc.a(lib_a-writer.o)
 .bss           0x0100b630        0x0 c:/altera/13.0sp1/nios2eds/bin/gnu/h-i686-mingw32/bin/../lib/gcc/nios2-elf/4.1.2/../../../../nios2-elf/lib/mno-hw-mul\libc.a(lib_a-closer.o)
 .bss           0x0100b630        0x0 c:/altera/13.0sp1/nios2eds/bin/gnu/h-i686-mingw32/bin/../lib/gcc/nios2-elf/4.1.2/../../../../nios2-elf/lib/mno-hw-mul\libc.a(lib_a-fclose.o)
 .bss           0x0100b630        0x0 c:/altera/13.0sp1/nios2eds/bin/gnu/h-i686-mingw32/bin/../lib/gcc/nios2-elf/4.1.2/../../../../nios2-elf/lib/mno-hw-mul\libc.a(lib_a-fstatr.o)
 .bss           0x0100b630        0x0 c:/altera/13.0sp1/nios2eds/bin/gnu/h-i686-mingw32/bin/../lib/gcc/nios2-elf/4.1.2/../../../../nios2-elf/lib/mno-hw-mul\libc.a(lib_a-isattyr.o)
 .bss           0x0100b630        0x0 c:/altera/13.0sp1/nios2eds/bin/gnu/h-i686-mingw32/bin/../lib/gcc/nios2-elf/4.1.2/../../../../nios2-elf/lib/mno-hw-mul\libc.a(lib_a-lseekr.o)
 .bss           0x0100b630        0x0 c:/altera/13.0sp1/nios2eds/bin/gnu/h-i686-mingw32/bin/../lib/gcc/nios2-elf/4.1.2/../../../../nios2-elf/lib/mno-hw-mul\libc.a(lib_a-readr.o)
 .bss           0x0100b630        0x0 c:/altera/13.0sp1/nios2eds/bin/gnu/h-i686-mingw32/bin/../lib/gcc/nios2-elf/4.1.2/mno-hw-mul\libgcc.a(lib2-mul.o)
 .bss           0x0100b630        0x0 ../Mod2_DE2_program_bsp/\libhal_bsp.a(alt_close.o)
 .bss           0x0100b630        0x0 ../Mod2_DE2_program_bsp/\libhal_bsp.a(alt_dev.o)
 .bss           0x0100b630        0x0 ../Mod2_DE2_program_bsp/\libhal_bsp.a(alt_errno.o)
 .bss           0x0100b630        0x0 ../Mod2_DE2_program_bsp/\libhal_bsp.a(alt_fstat.o)
 .bss           0x0100b630        0x0 ../Mod2_DE2_program_bsp/\libhal_bsp.a(alt_irq_register.o)
 .bss           0x0100b630        0x0 ../Mod2_DE2_program_bsp/\libhal_bsp.a(alt_irq_vars.o)
 .bss           0x0100b630        0x0 ../Mod2_DE2_program_bsp/\libhal_bsp.a(alt_isatty.o)
 .bss           0x0100b630        0x0 ../Mod2_DE2_program_bsp/\libhal_bsp.a(alt_load.o)
 .bss           0x0100b630        0x0 ../Mod2_DE2_program_bsp/\libhal_bsp.a(alt_lseek.o)
 .bss           0x0100b630        0x0 ../Mod2_DE2_program_bsp/\libhal_bsp.a(alt_main.o)
 .bss           0x0100b630        0x0 ../Mod2_DE2_program_bsp/\libhal_bsp.a(alt_malloc_lock.o)
 .bss           0x0100b630        0x0 ../Mod2_DE2_program_bsp/\libhal_bsp.a(alt_open.o)
 .bss           0x0100b630        0x0 ../Mod2_DE2_program_bsp/\libhal_bsp.a(alt_printf.o)
 .bss           0x0100b630        0x0 ../Mod2_DE2_program_bsp/\libhal_bsp.a(alt_putchar.o)
 .bss           0x0100b630        0x0 ../Mod2_DE2_program_bsp/\libhal_bsp.a(alt_read.o)
 .bss           0x0100b630        0x0 ../Mod2_DE2_program_bsp/\libhal_bsp.a(alt_release_fd.o)
 .bss           0x0100b630        0x0 ../Mod2_DE2_program_bsp/\libhal_bsp.a(alt_sbrk.o)
 .bss           0x0100b630        0x0 ../Mod2_DE2_program_bsp/\libhal_bsp.a(alt_write.o)
 .bss           0x0100b630        0x0 ../Mod2_DE2_program_bsp/\libhal_bsp.a(alt_sys_init.o)
 .bss           0x0100b630        0x0 ../Mod2_DE2_program_bsp/\libhal_bsp.a(altera_avalon_jtag_uart_fd.o)
 .bss           0x0100b630        0x0 ../Mod2_DE2_program_bsp/\libhal_bsp.a(altera_avalon_jtag_uart_init.o)
 .bss           0x0100b630        0x0 ../Mod2_DE2_program_bsp/\libhal_bsp.a(altera_avalon_jtag_uart_ioctl.o)
 .bss           0x0100b630        0x0 ../Mod2_DE2_program_bsp/\libhal_bsp.a(altera_avalon_jtag_uart_read.o)
 .bss           0x0100b630        0x0 ../Mod2_DE2_program_bsp/\libhal_bsp.a(altera_avalon_jtag_uart_write.o)
 .bss           0x0100b630        0x0 ../Mod2_DE2_program_bsp/\libhal_bsp.a(altera_avalon_timer_sc.o)
 .bss           0x0100b630        0x0 ../Mod2_DE2_program_bsp/\libhal_bsp.a(altera_avalon_uart_fd.o)
 .bss           0x0100b630        0x0 ../Mod2_DE2_program_bsp/\libhal_bsp.a(altera_avalon_uart_init.o)
 .bss           0x0100b630        0x0 ../Mod2_DE2_program_bsp/\libhal_bsp.a(altera_avalon_uart_read.o)
 .bss           0x0100b630        0x0 ../Mod2_DE2_program_bsp/\libhal_bsp.a(altera_avalon_uart_write.o)
 .bss           0x0100b630        0x0 ../Mod2_DE2_program_bsp/\libhal_bsp.a(altera_up_avalon_audio.o)
 .bss           0x0100b630        0x0 ../Mod2_DE2_program_bsp/\libhal_bsp.a(altera_up_avalon_audio_and_video_config.o)
 .bss           0x0100b630        0x0 ../Mod2_DE2_program_bsp/\libhal_bsp.a(altera_up_avalon_character_lcd.o)
 .bss           0x0100b630        0x0 ../Mod2_DE2_program_bsp/\libhal_bsp.a(alt_alarm_start.o)
 .bss           0x0100b630        0x0 ../Mod2_DE2_program_bsp/\libhal_bsp.a(alt_dcache_flush_all.o)
 .bss           0x0100b630        0x0 ../Mod2_DE2_program_bsp/\libhal_bsp.a(alt_dev_llist_insert.o)
 .bss           0x0100b630        0x0 ../Mod2_DE2_program_bsp/\libhal_bsp.a(alt_do_ctors.o)
 .bss           0x0100b630        0x0 ../Mod2_DE2_program_bsp/\libhal_bsp.a(alt_do_dtors.o)
 .bss           0x0100b630        0x0 ../Mod2_DE2_program_bsp/\libhal_bsp.a(alt_find_dev.o)
 .bss           0x0100b630        0x0 ../Mod2_DE2_program_bsp/\libhal_bsp.a(alt_find_file.o)
 .bss           0x0100b630        0x0 ../Mod2_DE2_program_bsp/\libhal_bsp.a(alt_get_fd.o)
 .bss           0x0100b630        0x0 ../Mod2_DE2_program_bsp/\libhal_bsp.a(alt_icache_flush_all.o)
 .bss           0x0100b630        0x0 ../Mod2_DE2_program_bsp/\libhal_bsp.a(alt_io_redirect.o)
 .bss           0x0100b630        0x0 ../Mod2_DE2_program_bsp/\libhal_bsp.a(alt_irq_entry.o)
 .bss           0x0100b630        0x0 ../Mod2_DE2_program_bsp/\libhal_bsp.a(alt_irq_handler.o)
 .bss           0x0100b630        0x0 ../Mod2_DE2_program_bsp/\libhal_bsp.a(alt_tick.o)
 .bss           0x0100b630        0x0 ../Mod2_DE2_program_bsp/\libhal_bsp.a(altera_nios2_qsys_irq.o)
 .bss           0x0100b630        0x0 ../Mod2_DE2_program_bsp/\libhal_bsp.a(alt_exception_entry.o)
 .bss           0x0100b630        0x0 c:/altera/13.0sp1/nios2eds/bin/gnu/h-i686-mingw32/bin/../lib/gcc/nios2-elf/4.1.2/../../../../nios2-elf/lib/mno-hw-mul\libc.a(lib_a-atexit.o)
 .bss           0x0100b630        0x0 c:/altera/13.0sp1/nios2eds/bin/gnu/h-i686-mingw32/bin/../lib/gcc/nios2-elf/4.1.2/../../../../nios2-elf/lib/mno-hw-mul\libc.a(lib_a-exit.o)
 .bss           0x0100b630        0x0 c:/altera/13.0sp1/nios2eds/bin/gnu/h-i686-mingw32/bin/../lib/gcc/nios2-elf/4.1.2/../../../../nios2-elf/lib/mno-hw-mul\libc.a(lib_a-memcmp.o)
 .bss           0x0100b630        0x0 c:/altera/13.0sp1/nios2eds/bin/gnu/h-i686-mingw32/bin/../lib/gcc/nios2-elf/4.1.2/../../../../nios2-elf/lib/mno-hw-mul\libc.a(lib_a-putc.o)
 .bss           0x0100b630        0x0 c:/altera/13.0sp1/nios2eds/bin/gnu/h-i686-mingw32/bin/../lib/gcc/nios2-elf/4.1.2/../../../../nios2-elf/lib/mno-hw-mul\libc.a(lib_a-wbuf.o)
 .bss           0x0100b630        0x0 c:/altera/13.0sp1/nios2eds/bin/gnu/h-i686-mingw32/bin/../lib/gcc/nios2-elf/4.1.2/../../../../nios2-elf/lib/mno-hw-mul\libc.a(lib_a-__atexit.o)
 .bss           0x0100b630        0x0 c:/altera/13.0sp1/nios2eds/bin/gnu/h-i686-mingw32/bin/../lib/gcc/nios2-elf/4.1.2/../../../../nios2-elf/lib/mno-hw-mul\libc.a(lib_a-__call_atexit.o)
 .bss           0x0100b630        0x0 ../Mod2_DE2_program_bsp/\libhal_bsp.a(alt_exit.o)
 *(COMMON)
 COMMON         0x0100b630      0x100 ../Mod2_DE2_program_bsp/\libhal_bsp.a(alt_irq_handler.o)
                0x0100b630                alt_irq
 COMMON         0x0100b730      0x190 c:/altera/13.0sp1/nios2eds/bin/gnu/h-i686-mingw32/bin/../lib/gcc/nios2-elf/4.1.2/../../../../nios2-elf/lib/mno-hw-mul\libc.a(lib_a-atexit.o)
                0x0100b730                _atexit0
                0x0100b8c0                . = ALIGN (0x4)
                0x0100b8c0                __bss_end = ABSOLUTE (.)

.onchip_memory2_0
                0x00000000        0x0 load address 0x0100b8c0
                0x00000000                PROVIDE (_alt_partition_onchip_memory2_0_start, ABSOLUTE (.))
 *(.onchip_memory2_0. onchip_memory2_0.*)
                0x00000000                . = ALIGN (0x4)
                0x00000000                PROVIDE (_alt_partition_onchip_memory2_0_end, ABSOLUTE (.))
                0x0100b8c0                PROVIDE (_alt_partition_onchip_memory2_0_load_addr, LOADADDR (.onchip_memory2_0))

.sdram          0x0100b8c0        0x0
                0x0100b8c0                PROVIDE (_alt_partition_sdram_start, ABSOLUTE (.))
 *(.sdram. sdram.*)
                0x0100b8c0                . = ALIGN (0x4)
                0x0100b8c0                PROVIDE (_alt_partition_sdram_end, ABSOLUTE (.))
                0x0100b8c0                _end = ABSOLUTE (.)
                0x0100b8c0                end = ABSOLUTE (.)
                0x0100b8c0                __alt_stack_base = ABSOLUTE (.)
                0x0100b8c0                PROVIDE (_alt_partition_sdram_load_addr, LOADADDR (.sdram))

.stab
 *(.stab)

.stabstr
 *(.stabstr)

.stab.excl
 *(.stab.excl)

.stab.exclstr
 *(.stab.exclstr)

.stab.index
 *(.stab.index)

.stab.indexstr
 *(.stab.indexstr)

.comment        0x00000000       0x26
 *(.comment)
 .comment       0x00000000       0x26 obj/default/hello_world.o
                                 0x27 (size before relaxing)
 .comment       0x00000000       0x27 c:/altera/13.0sp1/nios2eds/bin/gnu/h-i686-mingw32/bin/../lib/gcc/nios2-elf/4.1.2/../../../../nios2-elf/lib/mno-hw-mul\libc.a(lib_a-puts.o)
 .comment       0x00000000       0x27 c:/altera/13.0sp1/nios2eds/bin/gnu/h-i686-mingw32/bin/../lib/gcc/nios2-elf/4.1.2/../../../../nios2-elf/lib/mno-hw-mul\libc.a(lib_a-strlen.o)
 .comment       0x00000000       0x27 c:/altera/13.0sp1/nios2eds/bin/gnu/h-i686-mingw32/bin/../lib/gcc/nios2-elf/4.1.2/../../../../nios2-elf/lib/mno-hw-mul\libc.a(lib_a-fvwrite.o)
 .comment       0x00000000       0x27 c:/altera/13.0sp1/nios2eds/bin/gnu/h-i686-mingw32/bin/../lib/gcc/nios2-elf/4.1.2/../../../../nios2-elf/lib/mno-hw-mul\libc.a(lib_a-impure.o)
 .comment       0x00000000       0x27 c:/altera/13.0sp1/nios2eds/bin/gnu/h-i686-mingw32/bin/../lib/gcc/nios2-elf/4.1.2/../../../../nios2-elf/lib/mno-hw-mul\libc.a(lib_a-mallocr.o)
 .comment       0x00000000       0x27 c:/altera/13.0sp1/nios2eds/bin/gnu/h-i686-mingw32/bin/../lib/gcc/nios2-elf/4.1.2/../../../../nios2-elf/lib/mno-hw-mul\libc.a(lib_a-memchr.o)
 .comment       0x00000000       0x27 c:/altera/13.0sp1/nios2eds/bin/gnu/h-i686-mingw32/bin/../lib/gcc/nios2-elf/4.1.2/../../../../nios2-elf/lib/mno-hw-mul\libc.a(lib_a-memcpy.o)
 .comment       0x00000000       0x27 c:/altera/13.0sp1/nios2eds/bin/gnu/h-i686-mingw32/bin/../lib/gcc/nios2-elf/4.1.2/../../../../nios2-elf/lib/mno-hw-mul\libc.a(lib_a-memmove.o)
 .comment       0x00000000       0x27 c:/altera/13.0sp1/nios2eds/bin/gnu/h-i686-mingw32/bin/../lib/gcc/nios2-elf/4.1.2/../../../../nios2-elf/lib/mno-hw-mul\libc.a(lib_a-reallocr.o)
 .comment       0x00000000       0x27 c:/altera/13.0sp1/nios2eds/bin/gnu/h-i686-mingw32/bin/../lib/gcc/nios2-elf/4.1.2/../../../../nios2-elf/lib/mno-hw-mul\libc.a(lib_a-sbrkr.o)
 .comment       0x00000000       0x27 c:/altera/13.0sp1/nios2eds/bin/gnu/h-i686-mingw32/bin/../lib/gcc/nios2-elf/4.1.2/../../../../nios2-elf/lib/mno-hw-mul\libc.a(lib_a-wsetup.o)
 .comment       0x00000000       0x27 c:/altera/13.0sp1/nios2eds/bin/gnu/h-i686-mingw32/bin/../lib/gcc/nios2-elf/4.1.2/../../../../nios2-elf/lib/mno-hw-mul\libc.a(lib_a-fflush.o)
 .comment       0x00000000       0x27 c:/altera/13.0sp1/nios2eds/bin/gnu/h-i686-mingw32/bin/../lib/gcc/nios2-elf/4.1.2/../../../../nios2-elf/lib/mno-hw-mul\libc.a(lib_a-findfp.o)
 .comment       0x00000000       0x27 c:/altera/13.0sp1/nios2eds/bin/gnu/h-i686-mingw32/bin/../lib/gcc/nios2-elf/4.1.2/../../../../nios2-elf/lib/mno-hw-mul\libc.a(lib_a-freer.o)
 .comment       0x00000000       0x27 c:/altera/13.0sp1/nios2eds/bin/gnu/h-i686-mingw32/bin/../lib/gcc/nios2-elf/4.1.2/../../../../nios2-elf/lib/mno-hw-mul\libc.a(lib_a-fwalk.o)
 .comment       0x00000000       0x27 c:/altera/13.0sp1/nios2eds/bin/gnu/h-i686-mingw32/bin/../lib/gcc/nios2-elf/4.1.2/../../../../nios2-elf/lib/mno-hw-mul\libc.a(lib_a-int_errno.o)
 .comment       0x00000000       0x27 c:/altera/13.0sp1/nios2eds/bin/gnu/h-i686-mingw32/bin/../lib/gcc/nios2-elf/4.1.2/../../../../nios2-elf/lib/mno-hw-mul\libc.a(lib_a-makebuf.o)
 .comment       0x00000000       0x27 c:/altera/13.0sp1/nios2eds/bin/gnu/h-i686-mingw32/bin/../lib/gcc/nios2-elf/4.1.2/../../../../nios2-elf/lib/mno-hw-mul\libc.a(lib_a-memset.o)
 .comment       0x00000000       0x27 c:/altera/13.0sp1/nios2eds/bin/gnu/h-i686-mingw32/bin/../lib/gcc/nios2-elf/4.1.2/../../../../nios2-elf/lib/mno-hw-mul\libc.a(lib_a-stdio.o)
 .comment       0x00000000       0x27 c:/altera/13.0sp1/nios2eds/bin/gnu/h-i686-mingw32/bin/../lib/gcc/nios2-elf/4.1.2/../../../../nios2-elf/lib/mno-hw-mul\libc.a(lib_a-writer.o)
 .comment       0x00000000       0x27 c:/altera/13.0sp1/nios2eds/bin/gnu/h-i686-mingw32/bin/../lib/gcc/nios2-elf/4.1.2/../../../../nios2-elf/lib/mno-hw-mul\libc.a(lib_a-closer.o)
 .comment       0x00000000       0x27 c:/altera/13.0sp1/nios2eds/bin/gnu/h-i686-mingw32/bin/../lib/gcc/nios2-elf/4.1.2/../../../../nios2-elf/lib/mno-hw-mul\libc.a(lib_a-fclose.o)
 .comment       0x00000000       0x27 c:/altera/13.0sp1/nios2eds/bin/gnu/h-i686-mingw32/bin/../lib/gcc/nios2-elf/4.1.2/../../../../nios2-elf/lib/mno-hw-mul\libc.a(lib_a-fstatr.o)
 .comment       0x00000000       0x27 c:/altera/13.0sp1/nios2eds/bin/gnu/h-i686-mingw32/bin/../lib/gcc/nios2-elf/4.1.2/../../../../nios2-elf/lib/mno-hw-mul\libc.a(lib_a-isattyr.o)
 .comment       0x00000000       0x27 c:/altera/13.0sp1/nios2eds/bin/gnu/h-i686-mingw32/bin/../lib/gcc/nios2-elf/4.1.2/../../../../nios2-elf/lib/mno-hw-mul\libc.a(lib_a-lseekr.o)
 .comment       0x00000000       0x27 c:/altera/13.0sp1/nios2eds/bin/gnu/h-i686-mingw32/bin/../lib/gcc/nios2-elf/4.1.2/../../../../nios2-elf/lib/mno-hw-mul\libc.a(lib_a-readr.o)
 .comment       0x00000000       0x27 c:/altera/13.0sp1/nios2eds/bin/gnu/h-i686-mingw32/bin/../lib/gcc/nios2-elf/4.1.2/mno-hw-mul\libgcc.a(lib2-mul.o)
 .comment       0x00000000       0x27 ../Mod2_DE2_program_bsp/\libhal_bsp.a(alt_close.o)
 .comment       0x00000000       0x27 ../Mod2_DE2_program_bsp/\libhal_bsp.a(alt_dev.o)
 .comment       0x00000000       0x27 ../Mod2_DE2_program_bsp/\libhal_bsp.a(alt_errno.o)
 .comment       0x00000000       0x27 ../Mod2_DE2_program_bsp/\libhal_bsp.a(alt_fstat.o)
 .comment       0x00000000       0x27 ../Mod2_DE2_program_bsp/\libhal_bsp.a(alt_irq_register.o)
 .comment       0x00000000       0x27 ../Mod2_DE2_program_bsp/\libhal_bsp.a(alt_irq_vars.o)
 .comment       0x00000000       0x27 ../Mod2_DE2_program_bsp/\libhal_bsp.a(alt_isatty.o)
 .comment       0x00000000       0x27 ../Mod2_DE2_program_bsp/\libhal_bsp.a(alt_load.o)
 .comment       0x00000000       0x27 ../Mod2_DE2_program_bsp/\libhal_bsp.a(alt_lseek.o)
 .comment       0x00000000       0x27 ../Mod2_DE2_program_bsp/\libhal_bsp.a(alt_main.o)
 .comment       0x00000000       0x27 ../Mod2_DE2_program_bsp/\libhal_bsp.a(alt_malloc_lock.o)
 .comment       0x00000000       0x27 ../Mod2_DE2_program_bsp/\libhal_bsp.a(alt_open.o)
 .comment       0x00000000       0x27 ../Mod2_DE2_program_bsp/\libhal_bsp.a(alt_printf.o)
 .comment       0x00000000       0x27 ../Mod2_DE2_program_bsp/\libhal_bsp.a(alt_putchar.o)
 .comment       0x00000000       0x27 ../Mod2_DE2_program_bsp/\libhal_bsp.a(alt_read.o)
 .comment       0x00000000       0x27 ../Mod2_DE2_program_bsp/\libhal_bsp.a(alt_release_fd.o)
 .comment       0x00000000       0x27 ../Mod2_DE2_program_bsp/\libhal_bsp.a(alt_sbrk.o)
 .comment       0x00000000       0x27 ../Mod2_DE2_program_bsp/\libhal_bsp.a(alt_write.o)
 .comment       0x00000000       0x27 ../Mod2_DE2_program_bsp/\libhal_bsp.a(alt_sys_init.o)
 .comment       0x00000000       0x27 ../Mod2_DE2_program_bsp/\libhal_bsp.a(altera_avalon_jtag_uart_fd.o)
 .comment       0x00000000       0x27 ../Mod2_DE2_program_bsp/\libhal_bsp.a(altera_avalon_jtag_uart_init.o)
 .comment       0x00000000       0x27 ../Mod2_DE2_program_bsp/\libhal_bsp.a(altera_avalon_jtag_uart_ioctl.o)
 .comment       0x00000000       0x27 ../Mod2_DE2_program_bsp/\libhal_bsp.a(altera_avalon_jtag_uart_read.o)
 .comment       0x00000000       0x27 ../Mod2_DE2_program_bsp/\libhal_bsp.a(altera_avalon_jtag_uart_write.o)
 .comment       0x00000000       0x27 ../Mod2_DE2_program_bsp/\libhal_bsp.a(altera_avalon_timer_sc.o)
 .comment       0x00000000       0x27 ../Mod2_DE2_program_bsp/\libhal_bsp.a(altera_avalon_uart_fd.o)
 .comment       0x00000000       0x27 ../Mod2_DE2_program_bsp/\libhal_bsp.a(altera_avalon_uart_init.o)
 .comment       0x00000000       0x27 ../Mod2_DE2_program_bsp/\libhal_bsp.a(altera_avalon_uart_read.o)
 .comment       0x00000000       0x27 ../Mod2_DE2_program_bsp/\libhal_bsp.a(altera_avalon_uart_write.o)
 .comment       0x00000000       0x27 ../Mod2_DE2_program_bsp/\libhal_bsp.a(altera_up_avalon_audio.o)
 .comment       0x00000000       0x27 ../Mod2_DE2_program_bsp/\libhal_bsp.a(altera_up_avalon_audio_and_video_config.o)
 .comment       0x00000000       0x27 ../Mod2_DE2_program_bsp/\libhal_bsp.a(altera_up_avalon_character_lcd.o)
 .comment       0x00000000       0x27 ../Mod2_DE2_program_bsp/\libhal_bsp.a(alt_alarm_start.o)
 .comment       0x00000000       0x27 ../Mod2_DE2_program_bsp/\libhal_bsp.a(alt_dcache_flush_all.o)
 .comment       0x00000000       0x27 ../Mod2_DE2_program_bsp/\libhal_bsp.a(alt_dev_llist_insert.o)
 .comment       0x00000000       0x27 ../Mod2_DE2_program_bsp/\libhal_bsp.a(alt_do_ctors.o)
 .comment       0x00000000       0x27 ../Mod2_DE2_program_bsp/\libhal_bsp.a(alt_do_dtors.o)
 .comment       0x00000000       0x27 ../Mod2_DE2_program_bsp/\libhal_bsp.a(alt_find_dev.o)
 .comment       0x00000000       0x27 ../Mod2_DE2_program_bsp/\libhal_bsp.a(alt_find_file.o)
 .comment       0x00000000       0x27 ../Mod2_DE2_program_bsp/\libhal_bsp.a(alt_get_fd.o)
 .comment       0x00000000       0x27 ../Mod2_DE2_program_bsp/\libhal_bsp.a(alt_icache_flush_all.o)
 .comment       0x00000000       0x27 ../Mod2_DE2_program_bsp/\libhal_bsp.a(alt_io_redirect.o)
 .comment       0x00000000       0x27 ../Mod2_DE2_program_bsp/\libhal_bsp.a(alt_irq_handler.o)
 .comment       0x00000000       0x27 ../Mod2_DE2_program_bsp/\libhal_bsp.a(alt_tick.o)
 .comment       0x00000000       0x27 ../Mod2_DE2_program_bsp/\libhal_bsp.a(altera_nios2_qsys_irq.o)
 .comment       0x00000000       0x27 c:/altera/13.0sp1/nios2eds/bin/gnu/h-i686-mingw32/bin/../lib/gcc/nios2-elf/4.1.2/../../../../nios2-elf/lib/mno-hw-mul\libc.a(lib_a-atexit.o)
 .comment       0x00000000       0x27 c:/altera/13.0sp1/nios2eds/bin/gnu/h-i686-mingw32/bin/../lib/gcc/nios2-elf/4.1.2/../../../../nios2-elf/lib/mno-hw-mul\libc.a(lib_a-exit.o)
 .comment       0x00000000       0x27 c:/altera/13.0sp1/nios2eds/bin/gnu/h-i686-mingw32/bin/../lib/gcc/nios2-elf/4.1.2/../../../../nios2-elf/lib/mno-hw-mul\libc.a(lib_a-memcmp.o)
 .comment       0x00000000       0x27 c:/altera/13.0sp1/nios2eds/bin/gnu/h-i686-mingw32/bin/../lib/gcc/nios2-elf/4.1.2/../../../../nios2-elf/lib/mno-hw-mul\libc.a(lib_a-putc.o)
 .comment       0x00000000       0x27 c:/altera/13.0sp1/nios2eds/bin/gnu/h-i686-mingw32/bin/../lib/gcc/nios2-elf/4.1.2/../../../../nios2-elf/lib/mno-hw-mul\libc.a(lib_a-wbuf.o)
 .comment       0x00000000       0x27 c:/altera/13.0sp1/nios2eds/bin/gnu/h-i686-mingw32/bin/../lib/gcc/nios2-elf/4.1.2/../../../../nios2-elf/lib/mno-hw-mul\libc.a(lib_a-__atexit.o)
 .comment       0x00000000       0x27 c:/altera/13.0sp1/nios2eds/bin/gnu/h-i686-mingw32/bin/../lib/gcc/nios2-elf/4.1.2/../../../../nios2-elf/lib/mno-hw-mul\libc.a(lib_a-__call_atexit.o)
 .comment       0x00000000       0x27 ../Mod2_DE2_program_bsp/\libhal_bsp.a(alt_exit.o)

.debug
 *(.debug)

.line
 *(.line)

.debug_srcinfo
 *(.debug_srcinfo)

.debug_sfnames
 *(.debug_sfnames)

.debug_aranges  0x00000000      0xa38
 *(.debug_aranges)
 .debug_aranges
                0x00000000       0x28 ../Mod2_DE2_program_bsp//obj/HAL/src/crt0.o
 .debug_aranges
                0x00000028       0x20 obj/default/hello_world.o
 .debug_aranges
                0x00000048       0x20 c:/altera/13.0sp1/nios2eds/bin/gnu/h-i686-mingw32/bin/../lib/gcc/nios2-elf/4.1.2/../../../../nios2-elf/lib/mno-hw-mul\libc.a(lib_a-puts.o)
 .debug_aranges
                0x00000068       0x20 c:/altera/13.0sp1/nios2eds/bin/gnu/h-i686-mingw32/bin/../lib/gcc/nios2-elf/4.1.2/../../../../nios2-elf/lib/mno-hw-mul\libc.a(lib_a-strlen.o)
 .debug_aranges
                0x00000088       0x20 c:/altera/13.0sp1/nios2eds/bin/gnu/h-i686-mingw32/bin/../lib/gcc/nios2-elf/4.1.2/../../../../nios2-elf/lib/mno-hw-mul\libc.a(lib_a-fvwrite.o)
 .debug_aranges
                0x000000a8       0x20 c:/altera/13.0sp1/nios2eds/bin/gnu/h-i686-mingw32/bin/../lib/gcc/nios2-elf/4.1.2/../../../../nios2-elf/lib/mno-hw-mul\libc.a(lib_a-mallocr.o)
 .debug_aranges
                0x000000c8       0x20 c:/altera/13.0sp1/nios2eds/bin/gnu/h-i686-mingw32/bin/../lib/gcc/nios2-elf/4.1.2/../../../../nios2-elf/lib/mno-hw-mul\libc.a(lib_a-memchr.o)
 .debug_aranges
                0x000000e8       0x20 c:/altera/13.0sp1/nios2eds/bin/gnu/h-i686-mingw32/bin/../lib/gcc/nios2-elf/4.1.2/../../../../nios2-elf/lib/mno-hw-mul\libc.a(lib_a-memcpy.o)
 .debug_aranges
                0x00000108       0x20 c:/altera/13.0sp1/nios2eds/bin/gnu/h-i686-mingw32/bin/../lib/gcc/nios2-elf/4.1.2/../../../../nios2-elf/lib/mno-hw-mul\libc.a(lib_a-memmove.o)
 .debug_aranges
                0x00000128       0x20 c:/altera/13.0sp1/nios2eds/bin/gnu/h-i686-mingw32/bin/../lib/gcc/nios2-elf/4.1.2/../../../../nios2-elf/lib/mno-hw-mul\libc.a(lib_a-reallocr.o)
 .debug_aranges
                0x00000148       0x20 c:/altera/13.0sp1/nios2eds/bin/gnu/h-i686-mingw32/bin/../lib/gcc/nios2-elf/4.1.2/../../../../nios2-elf/lib/mno-hw-mul\libc.a(lib_a-sbrkr.o)
 .debug_aranges
                0x00000168       0x20 c:/altera/13.0sp1/nios2eds/bin/gnu/h-i686-mingw32/bin/../lib/gcc/nios2-elf/4.1.2/../../../../nios2-elf/lib/mno-hw-mul\libc.a(lib_a-wsetup.o)
 .debug_aranges
                0x00000188       0x20 c:/altera/13.0sp1/nios2eds/bin/gnu/h-i686-mingw32/bin/../lib/gcc/nios2-elf/4.1.2/../../../../nios2-elf/lib/mno-hw-mul\libc.a(lib_a-fflush.o)
 .debug_aranges
                0x000001a8       0x20 c:/altera/13.0sp1/nios2eds/bin/gnu/h-i686-mingw32/bin/../lib/gcc/nios2-elf/4.1.2/../../../../nios2-elf/lib/mno-hw-mul\libc.a(lib_a-findfp.o)
 .debug_aranges
                0x000001c8       0x20 c:/altera/13.0sp1/nios2eds/bin/gnu/h-i686-mingw32/bin/../lib/gcc/nios2-elf/4.1.2/../../../../nios2-elf/lib/mno-hw-mul\libc.a(lib_a-freer.o)
 .debug_aranges
                0x000001e8       0x20 c:/altera/13.0sp1/nios2eds/bin/gnu/h-i686-mingw32/bin/../lib/gcc/nios2-elf/4.1.2/../../../../nios2-elf/lib/mno-hw-mul\libc.a(lib_a-fwalk.o)
 .debug_aranges
                0x00000208       0x20 c:/altera/13.0sp1/nios2eds/bin/gnu/h-i686-mingw32/bin/../lib/gcc/nios2-elf/4.1.2/../../../../nios2-elf/lib/mno-hw-mul\libc.a(lib_a-makebuf.o)
 .debug_aranges
                0x00000228       0x20 c:/altera/13.0sp1/nios2eds/bin/gnu/h-i686-mingw32/bin/../lib/gcc/nios2-elf/4.1.2/../../../../nios2-elf/lib/mno-hw-mul\libc.a(lib_a-memset.o)
 .debug_aranges
                0x00000248       0x20 c:/altera/13.0sp1/nios2eds/bin/gnu/h-i686-mingw32/bin/../lib/gcc/nios2-elf/4.1.2/../../../../nios2-elf/lib/mno-hw-mul\libc.a(lib_a-stdio.o)
 .debug_aranges
                0x00000268       0x20 c:/altera/13.0sp1/nios2eds/bin/gnu/h-i686-mingw32/bin/../lib/gcc/nios2-elf/4.1.2/../../../../nios2-elf/lib/mno-hw-mul\libc.a(lib_a-writer.o)
 .debug_aranges
                0x00000288       0x20 c:/altera/13.0sp1/nios2eds/bin/gnu/h-i686-mingw32/bin/../lib/gcc/nios2-elf/4.1.2/../../../../nios2-elf/lib/mno-hw-mul\libc.a(lib_a-closer.o)
 .debug_aranges
                0x000002a8       0x20 c:/altera/13.0sp1/nios2eds/bin/gnu/h-i686-mingw32/bin/../lib/gcc/nios2-elf/4.1.2/../../../../nios2-elf/lib/mno-hw-mul\libc.a(lib_a-fclose.o)
 .debug_aranges
                0x000002c8       0x20 c:/altera/13.0sp1/nios2eds/bin/gnu/h-i686-mingw32/bin/../lib/gcc/nios2-elf/4.1.2/../../../../nios2-elf/lib/mno-hw-mul\libc.a(lib_a-fstatr.o)
 .debug_aranges
                0x000002e8       0x20 c:/altera/13.0sp1/nios2eds/bin/gnu/h-i686-mingw32/bin/../lib/gcc/nios2-elf/4.1.2/../../../../nios2-elf/lib/mno-hw-mul\libc.a(lib_a-isattyr.o)
 .debug_aranges
                0x00000308       0x20 c:/altera/13.0sp1/nios2eds/bin/gnu/h-i686-mingw32/bin/../lib/gcc/nios2-elf/4.1.2/../../../../nios2-elf/lib/mno-hw-mul\libc.a(lib_a-lseekr.o)
 .debug_aranges
                0x00000328       0x20 c:/altera/13.0sp1/nios2eds/bin/gnu/h-i686-mingw32/bin/../lib/gcc/nios2-elf/4.1.2/../../../../nios2-elf/lib/mno-hw-mul\libc.a(lib_a-readr.o)
 .debug_aranges
                0x00000348       0x20 c:/altera/13.0sp1/nios2eds/bin/gnu/h-i686-mingw32/bin/../lib/gcc/nios2-elf/4.1.2/mno-hw-mul\libgcc.a(lib2-mul.o)
 .debug_aranges
                0x00000368       0x20 ../Mod2_DE2_program_bsp/\libhal_bsp.a(alt_close.o)
 .debug_aranges
                0x00000388       0x20 ../Mod2_DE2_program_bsp/\libhal_bsp.a(alt_dev.o)
 .debug_aranges
                0x000003a8       0x20 ../Mod2_DE2_program_bsp/\libhal_bsp.a(alt_fstat.o)
 .debug_aranges
                0x000003c8       0x20 ../Mod2_DE2_program_bsp/\libhal_bsp.a(alt_irq_register.o)
 .debug_aranges
                0x000003e8       0x20 ../Mod2_DE2_program_bsp/\libhal_bsp.a(alt_isatty.o)
 .debug_aranges
                0x00000408       0x20 ../Mod2_DE2_program_bsp/\libhal_bsp.a(alt_load.o)
 .debug_aranges
                0x00000428       0x20 ../Mod2_DE2_program_bsp/\libhal_bsp.a(alt_lseek.o)
 .debug_aranges
                0x00000448       0x20 ../Mod2_DE2_program_bsp/\libhal_bsp.a(alt_main.o)
 .debug_aranges
                0x00000468       0x20 ../Mod2_DE2_program_bsp/\libhal_bsp.a(alt_malloc_lock.o)
 .debug_aranges
                0x00000488       0x20 ../Mod2_DE2_program_bsp/\libhal_bsp.a(alt_open.o)
 .debug_aranges
                0x000004a8       0x20 ../Mod2_DE2_program_bsp/\libhal_bsp.a(alt_printf.o)
 .debug_aranges
                0x000004c8       0x20 ../Mod2_DE2_program_bsp/\libhal_bsp.a(alt_putchar.o)
 .debug_aranges
                0x000004e8       0x20 ../Mod2_DE2_program_bsp/\libhal_bsp.a(alt_read.o)
 .debug_aranges
                0x00000508       0x20 ../Mod2_DE2_program_bsp/\libhal_bsp.a(alt_release_fd.o)
 .debug_aranges
                0x00000528       0x20 ../Mod2_DE2_program_bsp/\libhal_bsp.a(alt_sbrk.o)
 .debug_aranges
                0x00000548       0x20 ../Mod2_DE2_program_bsp/\libhal_bsp.a(alt_write.o)
 .debug_aranges
                0x00000568       0x20 ../Mod2_DE2_program_bsp/\libhal_bsp.a(alt_sys_init.o)
 .debug_aranges
                0x00000588       0x20 ../Mod2_DE2_program_bsp/\libhal_bsp.a(altera_avalon_jtag_uart_fd.o)
 .debug_aranges
                0x000005a8       0x20 ../Mod2_DE2_program_bsp/\libhal_bsp.a(altera_avalon_jtag_uart_init.o)
 .debug_aranges
                0x000005c8       0x20 ../Mod2_DE2_program_bsp/\libhal_bsp.a(altera_avalon_jtag_uart_ioctl.o)
 .debug_aranges
                0x000005e8       0x20 ../Mod2_DE2_program_bsp/\libhal_bsp.a(altera_avalon_jtag_uart_read.o)
 .debug_aranges
                0x00000608       0x20 ../Mod2_DE2_program_bsp/\libhal_bsp.a(altera_avalon_jtag_uart_write.o)
 .debug_aranges
                0x00000628       0x20 ../Mod2_DE2_program_bsp/\libhal_bsp.a(altera_avalon_timer_sc.o)
 .debug_aranges
                0x00000648       0x20 ../Mod2_DE2_program_bsp/\libhal_bsp.a(altera_avalon_uart_fd.o)
 .debug_aranges
                0x00000668       0x20 ../Mod2_DE2_program_bsp/\libhal_bsp.a(altera_avalon_uart_init.o)
 .debug_aranges
                0x00000688       0x20 ../Mod2_DE2_program_bsp/\libhal_bsp.a(altera_avalon_uart_read.o)
 .debug_aranges
                0x000006a8       0x20 ../Mod2_DE2_program_bsp/\libhal_bsp.a(altera_avalon_uart_write.o)
 .debug_aranges
                0x000006c8       0x20 ../Mod2_DE2_program_bsp/\libhal_bsp.a(altera_up_avalon_audio.o)
 .debug_aranges
                0x000006e8       0x20 ../Mod2_DE2_program_bsp/\libhal_bsp.a(altera_up_avalon_audio_and_video_config.o)
 .debug_aranges
                0x00000708       0x20 ../Mod2_DE2_program_bsp/\libhal_bsp.a(altera_up_avalon_character_lcd.o)
 .debug_aranges
                0x00000728       0x20 ../Mod2_DE2_program_bsp/\libhal_bsp.a(alt_alarm_start.o)
 .debug_aranges
                0x00000748       0x20 ../Mod2_DE2_program_bsp/\libhal_bsp.a(alt_dcache_flush_all.o)
 .debug_aranges
                0x00000768       0x20 ../Mod2_DE2_program_bsp/\libhal_bsp.a(alt_dev_llist_insert.o)
 .debug_aranges
                0x00000788       0x20 ../Mod2_DE2_program_bsp/\libhal_bsp.a(alt_do_ctors.o)
 .debug_aranges
                0x000007a8       0x20 ../Mod2_DE2_program_bsp/\libhal_bsp.a(alt_do_dtors.o)
 .debug_aranges
                0x000007c8       0x20 ../Mod2_DE2_program_bsp/\libhal_bsp.a(alt_find_dev.o)
 .debug_aranges
                0x000007e8       0x20 ../Mod2_DE2_program_bsp/\libhal_bsp.a(alt_find_file.o)
 .debug_aranges
                0x00000808       0x20 ../Mod2_DE2_program_bsp/\libhal_bsp.a(alt_get_fd.o)
 .debug_aranges
                0x00000828       0x20 ../Mod2_DE2_program_bsp/\libhal_bsp.a(alt_icache_flush_all.o)
 .debug_aranges
                0x00000848       0x20 ../Mod2_DE2_program_bsp/\libhal_bsp.a(alt_io_redirect.o)
 .debug_aranges
                0x00000868       0x30 ../Mod2_DE2_program_bsp/\libhal_bsp.a(alt_irq_entry.o)
 .debug_aranges
                0x00000898       0x28 ../Mod2_DE2_program_bsp/\libhal_bsp.a(alt_irq_handler.o)
 .debug_aranges
                0x000008c0       0x20 ../Mod2_DE2_program_bsp/\libhal_bsp.a(alt_tick.o)
 .debug_aranges
                0x000008e0       0x20 ../Mod2_DE2_program_bsp/\libhal_bsp.a(altera_nios2_qsys_irq.o)
 .debug_aranges
                0x00000900       0x38 ../Mod2_DE2_program_bsp/\libhal_bsp.a(alt_exception_entry.o)
 .debug_aranges
                0x00000938       0x20 c:/altera/13.0sp1/nios2eds/bin/gnu/h-i686-mingw32/bin/../lib/gcc/nios2-elf/4.1.2/../../../../nios2-elf/lib/mno-hw-mul\libc.a(lib_a-atexit.o)
 .debug_aranges
                0x00000958       0x20 c:/altera/13.0sp1/nios2eds/bin/gnu/h-i686-mingw32/bin/../lib/gcc/nios2-elf/4.1.2/../../../../nios2-elf/lib/mno-hw-mul\libc.a(lib_a-exit.o)
 .debug_aranges
                0x00000978       0x20 c:/altera/13.0sp1/nios2eds/bin/gnu/h-i686-mingw32/bin/../lib/gcc/nios2-elf/4.1.2/../../../../nios2-elf/lib/mno-hw-mul\libc.a(lib_a-memcmp.o)
 .debug_aranges
                0x00000998       0x20 c:/altera/13.0sp1/nios2eds/bin/gnu/h-i686-mingw32/bin/../lib/gcc/nios2-elf/4.1.2/../../../../nios2-elf/lib/mno-hw-mul\libc.a(lib_a-putc.o)
 .debug_aranges
                0x000009b8       0x20 c:/altera/13.0sp1/nios2eds/bin/gnu/h-i686-mingw32/bin/../lib/gcc/nios2-elf/4.1.2/../../../../nios2-elf/lib/mno-hw-mul\libc.a(lib_a-wbuf.o)
 .debug_aranges
                0x000009d8       0x20 c:/altera/13.0sp1/nios2eds/bin/gnu/h-i686-mingw32/bin/../lib/gcc/nios2-elf/4.1.2/../../../../nios2-elf/lib/mno-hw-mul\libc.a(lib_a-__atexit.o)
 .debug_aranges
                0x000009f8       0x20 c:/altera/13.0sp1/nios2eds/bin/gnu/h-i686-mingw32/bin/../lib/gcc/nios2-elf/4.1.2/../../../../nios2-elf/lib/mno-hw-mul\libc.a(lib_a-__call_atexit.o)
 .debug_aranges
                0x00000a18       0x20 ../Mod2_DE2_program_bsp/\libhal_bsp.a(alt_exit.o)

.debug_pubnames
                0x00000000     0x15b8
 *(.debug_pubnames)
 .debug_pubnames
                0x00000000       0x77 obj/default/hello_world.o
 .debug_pubnames
                0x00000077       0x27 c:/altera/13.0sp1/nios2eds/bin/gnu/h-i686-mingw32/bin/../lib/gcc/nios2-elf/4.1.2/../../../../nios2-elf/lib/mno-hw-mul\libc.a(lib_a-puts.o)
 .debug_pubnames
                0x0000009e       0x1d c:/altera/13.0sp1/nios2eds/bin/gnu/h-i686-mingw32/bin/../lib/gcc/nios2-elf/4.1.2/../../../../nios2-elf/lib/mno-hw-mul\libc.a(lib_a-strlen.o)
 .debug_pubnames
                0x000000bb       0x23 c:/altera/13.0sp1/nios2eds/bin/gnu/h-i686-mingw32/bin/../lib/gcc/nios2-elf/4.1.2/../../../../nios2-elf/lib/mno-hw-mul\libc.a(lib_a-fvwrite.o)
 .debug_pubnames
                0x000000de       0x39 c:/altera/13.0sp1/nios2eds/bin/gnu/h-i686-mingw32/bin/../lib/gcc/nios2-elf/4.1.2/../../../../nios2-elf/lib/mno-hw-mul\libc.a(lib_a-impure.o)
 .debug_pubnames
                0x00000117       0xce c:/altera/13.0sp1/nios2eds/bin/gnu/h-i686-mingw32/bin/../lib/gcc/nios2-elf/4.1.2/../../../../nios2-elf/lib/mno-hw-mul\libc.a(lib_a-mallocr.o)
 .debug_pubnames
                0x000001e5       0x1d c:/altera/13.0sp1/nios2eds/bin/gnu/h-i686-mingw32/bin/../lib/gcc/nios2-elf/4.1.2/../../../../nios2-elf/lib/mno-hw-mul\libc.a(lib_a-memchr.o)
 .debug_pubnames
                0x00000202       0x1d c:/altera/13.0sp1/nios2eds/bin/gnu/h-i686-mingw32/bin/../lib/gcc/nios2-elf/4.1.2/../../../../nios2-elf/lib/mno-hw-mul\libc.a(lib_a-memcpy.o)
 .debug_pubnames
                0x0000021f       0x1e c:/altera/13.0sp1/nios2eds/bin/gnu/h-i686-mingw32/bin/../lib/gcc/nios2-elf/4.1.2/../../../../nios2-elf/lib/mno-hw-mul\libc.a(lib_a-memmove.o)
 .debug_pubnames
                0x0000023d       0x21 c:/altera/13.0sp1/nios2eds/bin/gnu/h-i686-mingw32/bin/../lib/gcc/nios2-elf/4.1.2/../../../../nios2-elf/lib/mno-hw-mul\libc.a(lib_a-reallocr.o)
 .debug_pubnames
                0x0000025e       0x1e c:/altera/13.0sp1/nios2eds/bin/gnu/h-i686-mingw32/bin/../lib/gcc/nios2-elf/4.1.2/../../../../nios2-elf/lib/mno-hw-mul\libc.a(lib_a-sbrkr.o)
 .debug_pubnames
                0x0000027c       0x22 c:/altera/13.0sp1/nios2eds/bin/gnu/h-i686-mingw32/bin/../lib/gcc/nios2-elf/4.1.2/../../../../nios2-elf/lib/mno-hw-mul\libc.a(lib_a-wsetup.o)
 .debug_pubnames
                0x0000029e       0x2b c:/altera/13.0sp1/nios2eds/bin/gnu/h-i686-mingw32/bin/../lib/gcc/nios2-elf/4.1.2/../../../../nios2-elf/lib/mno-hw-mul\libc.a(lib_a-fflush.o)
 .debug_pubnames
                0x000002c9       0xdb c:/altera/13.0sp1/nios2eds/bin/gnu/h-i686-mingw32/bin/../lib/gcc/nios2-elf/4.1.2/../../../../nios2-elf/lib/mno-hw-mul\libc.a(lib_a-findfp.o)
 .debug_pubnames
                0x000003a4       0x31 c:/altera/13.0sp1/nios2eds/bin/gnu/h-i686-mingw32/bin/../lib/gcc/nios2-elf/4.1.2/../../../../nios2-elf/lib/mno-hw-mul\libc.a(lib_a-freer.o)
 .debug_pubnames
                0x000003d5       0x2e c:/altera/13.0sp1/nios2eds/bin/gnu/h-i686-mingw32/bin/../lib/gcc/nios2-elf/4.1.2/../../../../nios2-elf/lib/mno-hw-mul\libc.a(lib_a-fwalk.o)
 .debug_pubnames
                0x00000403       0x1c c:/altera/13.0sp1/nios2eds/bin/gnu/h-i686-mingw32/bin/../lib/gcc/nios2-elf/4.1.2/../../../../nios2-elf/lib/mno-hw-mul\libc.a(lib_a-int_errno.o)
 .debug_pubnames
                0x0000041f       0x23 c:/altera/13.0sp1/nios2eds/bin/gnu/h-i686-mingw32/bin/../lib/gcc/nios2-elf/4.1.2/../../../../nios2-elf/lib/mno-hw-mul\libc.a(lib_a-makebuf.o)
 .debug_pubnames
                0x00000442       0x1d c:/altera/13.0sp1/nios2eds/bin/gnu/h-i686-mingw32/bin/../lib/gcc/nios2-elf/4.1.2/../../../../nios2-elf/lib/mno-hw-mul\libc.a(lib_a-memset.o)
 .debug_pubnames
                0x0000045f       0x44 c:/altera/13.0sp1/nios2eds/bin/gnu/h-i686-mingw32/bin/../lib/gcc/nios2-elf/4.1.2/../../../../nios2-elf/lib/mno-hw-mul\libc.a(lib_a-stdio.o)
 .debug_pubnames
                0x000004a3       0x1f c:/altera/13.0sp1/nios2eds/bin/gnu/h-i686-mingw32/bin/../lib/gcc/nios2-elf/4.1.2/../../../../nios2-elf/lib/mno-hw-mul\libc.a(lib_a-writer.o)
 .debug_pubnames
                0x000004c2       0x1f c:/altera/13.0sp1/nios2eds/bin/gnu/h-i686-mingw32/bin/../lib/gcc/nios2-elf/4.1.2/../../../../nios2-elf/lib/mno-hw-mul\libc.a(lib_a-closer.o)
 .debug_pubnames
                0x000004e1       0x2b c:/altera/13.0sp1/nios2eds/bin/gnu/h-i686-mingw32/bin/../lib/gcc/nios2-elf/4.1.2/../../../../nios2-elf/lib/mno-hw-mul\libc.a(lib_a-fclose.o)
 .debug_pubnames
                0x0000050c       0x1f c:/altera/13.0sp1/nios2eds/bin/gnu/h-i686-mingw32/bin/../lib/gcc/nios2-elf/4.1.2/../../../../nios2-elf/lib/mno-hw-mul\libc.a(lib_a-fstatr.o)
 .debug_pubnames
                0x0000052b       0x20 c:/altera/13.0sp1/nios2eds/bin/gnu/h-i686-mingw32/bin/../lib/gcc/nios2-elf/4.1.2/../../../../nios2-elf/lib/mno-hw-mul\libc.a(lib_a-isattyr.o)
 .debug_pubnames
                0x0000054b       0x1f c:/altera/13.0sp1/nios2eds/bin/gnu/h-i686-mingw32/bin/../lib/gcc/nios2-elf/4.1.2/../../../../nios2-elf/lib/mno-hw-mul\libc.a(lib_a-lseekr.o)
 .debug_pubnames
                0x0000056a       0x1e c:/altera/13.0sp1/nios2eds/bin/gnu/h-i686-mingw32/bin/../lib/gcc/nios2-elf/4.1.2/../../../../nios2-elf/lib/mno-hw-mul\libc.a(lib_a-readr.o)
 .debug_pubnames
                0x00000588       0x1f c:/altera/13.0sp1/nios2eds/bin/gnu/h-i686-mingw32/bin/../lib/gcc/nios2-elf/4.1.2/mno-hw-mul\libgcc.a(lib2-mul.o)
 .debug_pubnames
                0x000005a7       0x1c ../Mod2_DE2_program_bsp/\libhal_bsp.a(alt_close.o)
 .debug_pubnames
                0x000005c3       0x63 ../Mod2_DE2_program_bsp/\libhal_bsp.a(alt_dev.o)
 .debug_pubnames
                0x00000626       0x20 ../Mod2_DE2_program_bsp/\libhal_bsp.a(alt_errno.o)
 .debug_pubnames
                0x00000646       0x1c ../Mod2_DE2_program_bsp/\libhal_bsp.a(alt_fstat.o)
 .debug_pubnames
                0x00000662       0x27 ../Mod2_DE2_program_bsp/\libhal_bsp.a(alt_irq_register.o)
 .debug_pubnames
                0x00000689       0x3b ../Mod2_DE2_program_bsp/\libhal_bsp.a(alt_irq_vars.o)
 .debug_pubnames
                0x000006c4       0x1d ../Mod2_DE2_program_bsp/\libhal_bsp.a(alt_isatty.o)
 .debug_pubnames
                0x000006e1       0x1f ../Mod2_DE2_program_bsp/\libhal_bsp.a(alt_load.o)
 .debug_pubnames
                0x00000700       0x1c ../Mod2_DE2_program_bsp/\libhal_bsp.a(alt_lseek.o)
 .debug_pubnames
                0x0000071c       0x46 ../Mod2_DE2_program_bsp/\libhal_bsp.a(alt_main.o)
 .debug_pubnames
                0x00000762       0x38 ../Mod2_DE2_program_bsp/\libhal_bsp.a(alt_malloc_lock.o)
 .debug_pubnames
                0x0000079a       0x1b ../Mod2_DE2_program_bsp/\libhal_bsp.a(alt_open.o)
 .debug_pubnames
                0x000007b5       0x21 ../Mod2_DE2_program_bsp/\libhal_bsp.a(alt_printf.o)
 .debug_pubnames
                0x000007d6       0x22 ../Mod2_DE2_program_bsp/\libhal_bsp.a(alt_putchar.o)
 .debug_pubnames
                0x000007f8       0x1b ../Mod2_DE2_program_bsp/\libhal_bsp.a(alt_read.o)
 .debug_pubnames
                0x00000813       0x25 ../Mod2_DE2_program_bsp/\libhal_bsp.a(alt_release_fd.o)
 .debug_pubnames
                0x00000838       0x1b ../Mod2_DE2_program_bsp/\libhal_bsp.a(alt_sbrk.o)
 .debug_pubnames
                0x00000853       0x1c ../Mod2_DE2_program_bsp/\libhal_bsp.a(alt_write.o)
 .debug_pubnames
                0x0000086f       0x34 ../Mod2_DE2_program_bsp/\libhal_bsp.a(alt_sys_init.o)
 .debug_pubnames
                0x000008a3       0xa5 ../Mod2_DE2_program_bsp/\libhal_bsp.a(altera_avalon_jtag_uart_fd.o)
 .debug_pubnames
                0x00000948       0x55 ../Mod2_DE2_program_bsp/\libhal_bsp.a(altera_avalon_jtag_uart_init.o)
 .debug_pubnames
                0x0000099d       0x34 ../Mod2_DE2_program_bsp/\libhal_bsp.a(altera_avalon_jtag_uart_ioctl.o)
 .debug_pubnames
                0x000009d1       0x33 ../Mod2_DE2_program_bsp/\libhal_bsp.a(altera_avalon_jtag_uart_read.o)
 .debug_pubnames
                0x00000a04       0x34 ../Mod2_DE2_program_bsp/\libhal_bsp.a(altera_avalon_jtag_uart_write.o)
 .debug_pubnames
                0x00000a38       0x2f ../Mod2_DE2_program_bsp/\libhal_bsp.a(altera_avalon_timer_sc.o)
 .debug_pubnames
                0x00000a67       0x71 ../Mod2_DE2_program_bsp/\libhal_bsp.a(altera_avalon_uart_fd.o)
 .debug_pubnames
                0x00000ad8       0x4b ../Mod2_DE2_program_bsp/\libhal_bsp.a(altera_avalon_uart_init.o)
 .debug_pubnames
                0x00000b23       0x2e ../Mod2_DE2_program_bsp/\libhal_bsp.a(altera_avalon_uart_read.o)
 .debug_pubnames
                0x00000b51       0x2f ../Mod2_DE2_program_bsp/\libhal_bsp.a(altera_avalon_uart_write.o)
 .debug_pubnames
                0x00000b80      0x25e ../Mod2_DE2_program_bsp/\libhal_bsp.a(altera_up_avalon_audio.o)
 .debug_pubnames
                0x00000dde      0x2ab ../Mod2_DE2_program_bsp/\libhal_bsp.a(altera_up_avalon_audio_and_video_config.o)
 .debug_pubnames
                0x00001089      0x1cd ../Mod2_DE2_program_bsp/\libhal_bsp.a(altera_up_avalon_character_lcd.o)
 .debug_pubnames
                0x00001256       0x26 ../Mod2_DE2_program_bsp/\libhal_bsp.a(alt_alarm_start.o)
 .debug_pubnames
                0x0000127c       0x2b ../Mod2_DE2_program_bsp/\libhal_bsp.a(alt_dcache_flush_all.o)
 .debug_pubnames
                0x000012a7       0x2b ../Mod2_DE2_program_bsp/\libhal_bsp.a(alt_dev_llist_insert.o)
 .debug_pubnames
                0x000012d2       0x20 ../Mod2_DE2_program_bsp/\libhal_bsp.a(alt_do_ctors.o)
 .debug_pubnames
                0x000012f2       0x20 ../Mod2_DE2_program_bsp/\libhal_bsp.a(alt_do_dtors.o)
 .debug_pubnames
                0x00001312       0x23 ../Mod2_DE2_program_bsp/\libhal_bsp.a(alt_find_dev.o)
 .debug_pubnames
                0x00001335       0x24 ../Mod2_DE2_program_bsp/\libhal_bsp.a(alt_find_file.o)
 .debug_pubnames
                0x00001359       0x21 ../Mod2_DE2_program_bsp/\libhal_bsp.a(alt_get_fd.o)
 .debug_pubnames
                0x0000137a       0x2b ../Mod2_DE2_program_bsp/\libhal_bsp.a(alt_icache_flush_all.o)
 .debug_pubnames
                0x000013a5       0x26 ../Mod2_DE2_program_bsp/\libhal_bsp.a(alt_io_redirect.o)
 .debug_pubnames
                0x000013cb       0x32 ../Mod2_DE2_program_bsp/\libhal_bsp.a(alt_irq_handler.o)
 .debug_pubnames
                0x000013fd       0x68 ../Mod2_DE2_program_bsp/\libhal_bsp.a(alt_tick.o)
 .debug_pubnames
                0x00001465       0x31 ../Mod2_DE2_program_bsp/\libhal_bsp.a(altera_nios2_qsys_irq.o)
 .debug_pubnames
                0x00001496       0x2a c:/altera/13.0sp1/nios2eds/bin/gnu/h-i686-mingw32/bin/../lib/gcc/nios2-elf/4.1.2/../../../../nios2-elf/lib/mno-hw-mul\libc.a(lib_a-atexit.o)
 .debug_pubnames
                0x000014c0       0x1b c:/altera/13.0sp1/nios2eds/bin/gnu/h-i686-mingw32/bin/../lib/gcc/nios2-elf/4.1.2/../../../../nios2-elf/lib/mno-hw-mul\libc.a(lib_a-exit.o)
 .debug_pubnames
                0x000014db       0x1d c:/altera/13.0sp1/nios2eds/bin/gnu/h-i686-mingw32/bin/../lib/gcc/nios2-elf/4.1.2/../../../../nios2-elf/lib/mno-hw-mul\libc.a(lib_a-memcmp.o)
 .debug_pubnames
                0x000014f8       0x27 c:/altera/13.0sp1/nios2eds/bin/gnu/h-i686-mingw32/bin/../lib/gcc/nios2-elf/4.1.2/../../../../nios2-elf/lib/mno-hw-mul\libc.a(lib_a-putc.o)
 .debug_pubnames
                0x0000151f       0x2c c:/altera/13.0sp1/nios2eds/bin/gnu/h-i686-mingw32/bin/../lib/gcc/nios2-elf/4.1.2/../../../../nios2-elf/lib/mno-hw-mul\libc.a(lib_a-wbuf.o)
 .debug_pubnames
                0x0000154b       0x2a c:/altera/13.0sp1/nios2eds/bin/gnu/h-i686-mingw32/bin/../lib/gcc/nios2-elf/4.1.2/../../../../nios2-elf/lib/mno-hw-mul\libc.a(lib_a-__atexit.o)
 .debug_pubnames
                0x00001575       0x27 c:/altera/13.0sp1/nios2eds/bin/gnu/h-i686-mingw32/bin/../lib/gcc/nios2-elf/4.1.2/../../../../nios2-elf/lib/mno-hw-mul\libc.a(lib_a-__call_atexit.o)
 .debug_pubnames
                0x0000159c       0x1c ../Mod2_DE2_program_bsp/\libhal_bsp.a(alt_exit.o)

.debug_info     0x00000000    0x1f6e2
 *(.debug_info .gnu.linkonce.wi.*)
 .debug_info    0x00000000       0x6a ../Mod2_DE2_program_bsp//obj/HAL/src/crt0.o
 .debug_info    0x0000006a      0xa25 obj/default/hello_world.o
 .debug_info    0x00000a8f      0xa25 c:/altera/13.0sp1/nios2eds/bin/gnu/h-i686-mingw32/bin/../lib/gcc/nios2-elf/4.1.2/../../../../nios2-elf/lib/mno-hw-mul\libc.a(lib_a-puts.o)
 .debug_info    0x000014b4       0xdb c:/altera/13.0sp1/nios2eds/bin/gnu/h-i686-mingw32/bin/../lib/gcc/nios2-elf/4.1.2/../../../../nios2-elf/lib/mno-hw-mul\libc.a(lib_a-strlen.o)
 .debug_info    0x0000158f      0xa88 c:/altera/13.0sp1/nios2eds/bin/gnu/h-i686-mingw32/bin/../lib/gcc/nios2-elf/4.1.2/../../../../nios2-elf/lib/mno-hw-mul\libc.a(lib_a-fvwrite.o)
 .debug_info    0x00002017      0x93d c:/altera/13.0sp1/nios2eds/bin/gnu/h-i686-mingw32/bin/../lib/gcc/nios2-elf/4.1.2/../../../../nios2-elf/lib/mno-hw-mul\libc.a(lib_a-impure.o)
 .debug_info    0x00002954      0xcd0 c:/altera/13.0sp1/nios2eds/bin/gnu/h-i686-mingw32/bin/../lib/gcc/nios2-elf/4.1.2/../../../../nios2-elf/lib/mno-hw-mul\libc.a(lib_a-mallocr.o)
 .debug_info    0x00003624      0x138 c:/altera/13.0sp1/nios2eds/bin/gnu/h-i686-mingw32/bin/../lib/gcc/nios2-elf/4.1.2/../../../../nios2-elf/lib/mno-hw-mul\libc.a(lib_a-memchr.o)
 .debug_info    0x0000375c      0x106 c:/altera/13.0sp1/nios2eds/bin/gnu/h-i686-mingw32/bin/../lib/gcc/nios2-elf/4.1.2/../../../../nios2-elf/lib/mno-hw-mul\libc.a(lib_a-memcpy.o)
 .debug_info    0x00003862      0x13e c:/altera/13.0sp1/nios2eds/bin/gnu/h-i686-mingw32/bin/../lib/gcc/nios2-elf/4.1.2/../../../../nios2-elf/lib/mno-hw-mul\libc.a(lib_a-memmove.o)
 .debug_info    0x000039a0      0xbd7 c:/altera/13.0sp1/nios2eds/bin/gnu/h-i686-mingw32/bin/../lib/gcc/nios2-elf/4.1.2/../../../../nios2-elf/lib/mno-hw-mul\libc.a(lib_a-reallocr.o)
 .debug_info    0x00004577      0x962 c:/altera/13.0sp1/nios2eds/bin/gnu/h-i686-mingw32/bin/../lib/gcc/nios2-elf/4.1.2/../../../../nios2-elf/lib/mno-hw-mul\libc.a(lib_a-sbrkr.o)
 .debug_info    0x00004ed9      0x95d c:/altera/13.0sp1/nios2eds/bin/gnu/h-i686-mingw32/bin/../lib/gcc/nios2-elf/4.1.2/../../../../nios2-elf/lib/mno-hw-mul\libc.a(lib_a-wsetup.o)
 .debug_info    0x00005836      0x9fe c:/altera/13.0sp1/nios2eds/bin/gnu/h-i686-mingw32/bin/../lib/gcc/nios2-elf/4.1.2/../../../../nios2-elf/lib/mno-hw-mul\libc.a(lib_a-fflush.o)
 .debug_info    0x00006234      0xb72 c:/altera/13.0sp1/nios2eds/bin/gnu/h-i686-mingw32/bin/../lib/gcc/nios2-elf/4.1.2/../../../../nios2-elf/lib/mno-hw-mul\libc.a(lib_a-findfp.o)
 .debug_info    0x00006da6      0xbc9 c:/altera/13.0sp1/nios2eds/bin/gnu/h-i686-mingw32/bin/../lib/gcc/nios2-elf/4.1.2/../../../../nios2-elf/lib/mno-hw-mul\libc.a(lib_a-freer.o)