Archive member included because of file (symbol)

c:/altera/13.0sp1/nios2eds/bin/gnu/h-i686-mingw32/bin/../lib/gcc/nios2-elf/4.1.2/../../../../nios2-elf/lib/mno-hw-mul\libc.a(lib_a-puts.o)
                              obj/default/Mod2_DE2_program.o (puts)
c:/altera/13.0sp1/nios2eds/bin/gnu/h-i686-mingw32/bin/../lib/gcc/nios2-elf/4.1.2/../../../../nios2-elf/lib/mno-hw-mul\libc.a(lib_a-strlen.o)
                              obj/default/Mod2_DE2_program.o (strlen)
c:/altera/13.0sp1/nios2eds/bin/gnu/h-i686-mingw32/bin/../lib/gcc/nios2-elf/4.1.2/../../../../nios2-elf/lib/mno-hw-mul\libc.a(lib_a-fvwrite.o)
                              c:/altera/13.0sp1/nios2eds/bin/gnu/h-i686-mingw32/bin/../lib/gcc/nios2-elf/4.1.2/../../../../nios2-elf/lib/mno-hw-mul\libc.a(lib_a-puts.o) (__sfvwrite_r)
c:/altera/13.0sp1/nios2eds/bin/gnu/h-i686-mingw32/bin/../lib/gcc/nios2-elf/4.1.2/../../../../nios2-elf/lib/mno-hw-mul\libc.a(lib_a-impure.o)
                              c:/altera/13.0sp1/nios2eds/bin/gnu/h-i686-mingw32/bin/../lib/gcc/nios2-elf/4.1.2/../../../../nios2-elf/lib/mno-hw-mul\libc.a(lib_a-puts.o) (_impure_ptr)
c:/altera/13.0sp1/nios2eds/bin/gnu/h-i686-mingw32/bin/../lib/gcc/nios2-elf/4.1.2/../../../../nios2-elf/lib/mno-hw-mul\libc.a(lib_a-mallocr.o)
                              c:/altera/13.0sp1/nios2eds/bin/gnu/h-i686-mingw32/bin/../lib/gcc/nios2-elf/4.1.2/../../../../nios2-elf/lib/mno-hw-mul\libc.a(lib_a-fvwrite.o) (_malloc_r)
c:/altera/13.0sp1/nios2eds/bin/gnu/h-i686-mingw32/bin/../lib/gcc/nios2-elf/4.1.2/../../../../nios2-elf/lib/mno-hw-mul\libc.a(lib_a-memchr.o)
                              c:/altera/13.0sp1/nios2eds/bin/gnu/h-i686-mingw32/bin/../lib/gcc/nios2-elf/4.1.2/../../../../nios2-elf/lib/mno-hw-mul\libc.a(lib_a-fvwrite.o) (memchr)
c:/altera/13.0sp1/nios2eds/bin/gnu/h-i686-mingw32/bin/../lib/gcc/nios2-elf/4.1.2/../../../../nios2-elf/lib/mno-hw-mul\libc.a(lib_a-memcpy.o)
                              c:/altera/13.0sp1/nios2eds/bin/gnu/h-i686-mingw32/bin/../lib/gcc/nios2-elf/4.1.2/../../../../nios2-elf/lib/mno-hw-mul\libc.a(lib_a-fvwrite.o) (memcpy)
c:/altera/13.0sp1/nios2eds/bin/gnu/h-i686-mingw32/bin/../lib/gcc/nios2-elf/4.1.2/../../../../nios2-elf/lib/mno-hw-mul\libc.a(lib_a-memmove.o)
                              c:/altera/13.0sp1/nios2eds/bin/gnu/h-i686-mingw32/bin/../lib/gcc/nios2-elf/4.1.2/../../../../nios2-elf/lib/mno-hw-mul\libc.a(lib_a-fvwrite.o) (memmove)
c:/altera/13.0sp1/nios2eds/bin/gnu/h-i686-mingw32/bin/../lib/gcc/nios2-elf/4.1.2/../../../../nios2-elf/lib/mno-hw-mul\libc.a(lib_a-reallocr.o)
                              c:/altera/13.0sp1/nios2eds/bin/gnu/h-i686-mingw32/bin/../lib/gcc/nios2-elf/4.1.2/../../../../nios2-elf/lib/mno-hw-mul\libc.a(lib_a-fvwrite.o) (_realloc_r)
c:/altera/13.0sp1/nios2eds/bin/gnu/h-i686-mingw32/bin/../lib/gcc/nios2-elf/4.1.2/../../../../nios2-elf/lib/mno-hw-mul\libc.a(lib_a-sbrkr.o)
                              c:/altera/13.0sp1/nios2eds/bin/gnu/h-i686-mingw32/bin/../lib/gcc/nios2-elf/4.1.2/../../../../nios2-elf/lib/mno-hw-mul\libc.a(lib_a-mallocr.o) (_sbrk_r)
c:/altera/13.0sp1/nios2eds/bin/gnu/h-i686-mingw32/bin/../lib/gcc/nios2-elf/4.1.2/../../../../nios2-elf/lib/mno-hw-mul\libc.a(lib_a-wsetup.o)
                              c:/altera/13.0sp1/nios2eds/bin/gnu/h-i686-mingw32/bin/../lib/gcc/nios2-elf/4.1.2/../../../../nios2-elf/lib/mno-hw-mul\libc.a(lib_a-fvwrite.o) (__swsetup_r)
c:/altera/13.0sp1/nios2eds/bin/gnu/h-i686-mingw32/bin/../lib/gcc/nios2-elf/4.1.2/../../../../nios2-elf/lib/mno-hw-mul\libc.a(lib_a-fflush.o)
                              c:/altera/13.0sp1/nios2eds/bin/gnu/h-i686-mingw32/bin/../lib/gcc/nios2-elf/4.1.2/../../../../nios2-elf/lib/mno-hw-mul\libc.a(lib_a-fvwrite.o) (_fflush_r)
c:/altera/13.0sp1/nios2eds/bin/gnu/h-i686-mingw32/bin/../lib/gcc/nios2-elf/4.1.2/../../../../nios2-elf/lib/mno-hw-mul\libc.a(lib_a-findfp.o)
                              c:/altera/13.0sp1/nios2eds/bin/gnu/h-i686-mingw32/bin/../lib/gcc/nios2-elf/4.1.2/../../../../nios2-elf/lib/mno-hw-mul\libc.a(lib_a-wsetup.o) (__sinit)
c:/altera/13.0sp1/nios2eds/bin/gnu/h-i686-mingw32/bin/../lib/gcc/nios2-elf/4.1.2/../../../../nios2-elf/lib/mno-hw-mul\libc.a(lib_a-freer.o)
                              c:/altera/13.0sp1/nios2eds/bin/gnu/h-i686-mingw32/bin/../lib/gcc/nios2-elf/4.1.2/../../../../nios2-elf/lib/mno-hw-mul\libc.a(lib_a-fvwrite.o) (_free_r)
c:/altera/13.0sp1/nios2eds/bin/gnu/h-i686-mingw32/bin/../lib/gcc/nios2-elf/4.1.2/../../../../nios2-elf/lib/mno-hw-mul\libc.a(lib_a-fwalk.o)
                              c:/altera/13.0sp1/nios2eds/bin/gnu/h-i686-mingw32/bin/../lib/gcc/nios2-elf/4.1.2/../../../../nios2-elf/lib/mno-hw-mul\libc.a(lib_a-fflush.o) (_fwalk_reent)
c:/altera/13.0sp1/nios2eds/bin/gnu/h-i686-mingw32/bin/../lib/gcc/nios2-elf/4.1.2/../../../../nios2-elf/lib/mno-hw-mul\libc.a(lib_a-int_errno.o)
[...]
Memory Configuration

Name             Origin             Length             Attributes
onchip_memory2_0 0x00000000         0x00001000
reset            0x01000000         0x00000020
sdram            0x01000020         0x007fffe0
*default*        0x00000000         0xffffffff

Linker script and memory map

LOAD ../Mod2_DE2_program_bsp//obj/HAL/src/crt0.o
LOAD obj/default/Mod2_DE2_program.o
LOAD c:/altera/13.0sp1/nios2eds/bin/gnu/h-i686-mingw32/bin/../lib/gcc/nios2-elf/4.1.2/../../../../nios2-elf/lib/mno-hw-mul\libstdc++.a
LOAD c:/altera/13.0sp1/nios2eds/bin/gnu/h-i686-mingw32/bin/../lib/gcc/nios2-elf/4.1.2/../../../../nios2-elf/lib/mno-hw-mul\libm.a
LOAD c:/altera/13.0sp1/nios2eds/bin/gnu/h-i686-mingw32/bin/../lib/gcc/nios2-elf/4.1.2/mno-hw-mul\libgcc.a
START GROUP
LOAD c:/altera/13.0sp1/nios2eds/bin/gnu/h-i686-mingw32/bin/../lib/gcc/nios2-elf/4.1.2/../../../../nios2-elf/lib/mno-hw-mul\libc.a
LOAD c:/altera/13.0sp1/nios2eds/bin/gnu/h-i686-mingw32/bin/../lib/gcc/nios2-elf/4.1.2/mno-hw-mul\libgcc.a
LOAD ../Mod2_DE2_program_bsp/\libhal_bsp.a
END GROUP
LOAD c:/altera/13.0sp1/nios2eds/bin/gnu/h-i686-mingw32/bin/../lib/gcc/nios2-elf/4.1.2/mno-hw-mul\libgcc.a
                0x00000000                __alt_mem_onchip_memory2_0 = 0x0
                0x01000000                __alt_mem_sdram = 0x1000000

.entry          0x01000000       0x20
 *(.entry)
 .entry         0x01000000       0x20 ../Mod2_DE2_program_bsp//obj/HAL/src/crt0.o
                0x01000000                __reset

.exceptions     0x01000020      0x198
                0x01000020                PROVIDE (__ram_exceptions_start, ABSOLUTE (.))
                0x01000020                . = ALIGN (0x20)
 *(.irq)
 *(.exceptions.entry.label)
 .exceptions.entry.label
                0x01000020        0x0 ../Mod2_DE2_program_bsp/\libhal_bsp.a(alt_irq_entry.o)
                0x01000020                alt_irq_entry
 .exceptions.entry.label
                0x01000020        0x0 ../Mod2_DE2_program_bsp/\libhal_bsp.a(alt_exception_entry.o)
                0x01000020                alt_exception
 *(.exceptions.entry.user)
 *(.exceptions.entry)
 .exceptions.entry
                0x01000020       0x54 ../Mod2_DE2_program_bsp/\libhal_bsp.a(alt_exception_entry.o)
 *(.exceptions.irqtest.user)
 *(.exceptions.irqtest)
 .exceptions.irqtest
                0x01000074       0x10 ../Mod2_DE2_program_bsp/\libhal_bsp.a(alt_irq_entry.o)
 *(.exceptions.irqhandler.user)
 *(.exceptions.irqhandler)
 .exceptions.irqhandler
                0x01000084        0x4 ../Mod2_DE2_program_bsp/\libhal_bsp.a(alt_irq_entry.o)
 *(.exceptions.irqreturn.user)
 *(.exceptions.irqreturn)
 .exceptions.irqreturn
                0x01000088        0x4 ../Mod2_DE2_program_bsp/\libhal_bsp.a(alt_irq_entry.o)
 *(.exceptions.notirq.label)
 .exceptions.notirq.label
                0x0100008c        0x0 ../Mod2_DE2_program_bsp/\libhal_bsp.a(alt_irq_entry.o)
 *(.exceptions.notirq.user)
 *(.exceptions.notirq)
 .exceptions.notirq
                0x0100008c        0x8 ../Mod2_DE2_program_bsp/\libhal_bsp.a(alt_exception_entry.o)
 *(.exceptions.soft.user)
 *(.exceptions.soft)
 *(.exceptions.unknown.user)
 *(.exceptions.unknown)
 .exceptions.unknown
                0x01000094        0x4 ../Mod2_DE2_program_bsp/\libhal_bsp.a(alt_exception_entry.o)
 *(.exceptions.exit.label)
 .exceptions.exit.label
                0x01000098        0x0 ../Mod2_DE2_program_bsp/\libhal_bsp.a(alt_irq_entry.o)
 .exceptions.exit.label
                0x01000098        0x0 ../Mod2_DE2_program_bsp/\libhal_bsp.a(alt_exception_entry.o)
 *(.exceptions.exit.user)
 *(.exceptions.exit)
 .exceptions.exit
                0x01000098       0x54 ../Mod2_DE2_program_bsp/\libhal_bsp.a(alt_exception_entry.o)
 *(.exceptions)
 .exceptions    0x010000ec       0xcc ../Mod2_DE2_program_bsp/\libhal_bsp.a(alt_irq_handler.o)
                0x010000ec                alt_irq_handler
                0x010001b8                PROVIDE (__ram_exceptions_end, ABSOLUTE (.))
                0x01000020                PROVIDE (__flash_exceptions_start, LOADADDR (.exceptions))

.text           0x010001b8     0x7c44
                0x010001b8                PROVIDE (stext, ABSOLUTE (.))
 *(.interp)
 *(.hash)
 *(.dynsym)
 *(.dynstr)
 *(.gnu.version)
 *(.gnu.version_d)
 *(.gnu.version_r)
 *(.rel.init)
 *(.rela.init)
 *(.rel.text .rel.text.* .rel.gnu.linkonce.t.*)
 *(.rela.text .rela.text.* .rela.gnu.linkonce.t.*)
 *(.rel.fini)
 *(.rela.fini)
 *(.rel.rodata .rel.rodata.* .rel.gnu.linkonce.r.*)
 *(.rela.rodata .rela.rodata.* .rela.gnu.linkonce.r.*)
 *(.rel.data .rel.data.* .rel.gnu.linkonce.d.*)
 *(.rela.data .rela.data.* .rela.gnu.linkonce.d.*)
 *(.rel.tdata .rel.tdata.* .rel.gnu.linkonce.td.*)
 *(.rela.tdata .rela.tdata.* .rela.gnu.linkonce.td.*)
 *(.rel.tbss .rel.tbss.* .rel.gnu.linkonce.tb.*)
 *(.rela.tbss .rela.tbss.* .rela.gnu.linkonce.tb.*)
 *(.rel.ctors)
 *(.rela.ctors)
 *(.rel.dtors)
 *(.rela.dtors)
 *(.rel.got)
 *(.rela.got)
 *(.rel.sdata .rel.sdata.* .rel.gnu.linkonce.s.*)
 *(.rela.sdata .rela.sdata.* .rela.gnu.linkonce.s.*)
 *(.rel.sbss .rel.sbss.* .rel.gnu.linkonce.sb.*)
 *(.rela.sbss .rela.sbss.* .rela.gnu.linkonce.sb.*)
 *(.rel.sdata2 .rel.sdata2.* .rel.gnu.linkonce.s2.*)
 *(.rela.sdata2 .rela.sdata2.* .rela.gnu.linkonce.s2.*)
 *(.rel.sbss2 .rel.sbss2.* .rel.gnu.linkonce.sb2.*)
 *(.rela.sbss2 .rela.sbss2.* .rela.gnu.linkonce.sb2.*)
 *(.rel.bss .rel.bss.* .rel.gnu.linkonce.b.*)
 *(.rela.bss .rela.bss.* .rela.gnu.linkonce.b.*)
 *(.rel.plt)
 *(.rela.plt)
 *(.rel.dyn)
 *(.init)
 *(.plt)
 *(.text .stub .text.* .gnu.linkonce.t.*)
 .text          0x010001b8       0x3c ../Mod2_DE2_program_bsp//obj/HAL/src/crt0.o
                0x010001b8                _start
 .text          0x010001f4      0x4c8 obj/default/Mod2_DE2_program.o
                0x010001f4                main
                0x010005ac                av_config_setup
                0x01000600                timer_isr
                0x01000640                audio_isr
 .text          0x010006bc       0xb4 c:/altera/13.0sp1/nios2eds/bin/gnu/h-i686-mingw32/bin/../lib/gcc/nios2-elf/4.1.2/../../../../nios2-elf/lib/mno-hw-mul\libc.a(lib_a-puts.o)
                0x010006bc                _puts_r
                0x0100075c                puts
 .text          0x01000770       0x74 c:/altera/13.0sp1/nios2eds/bin/gnu/h-i686-mingw32/bin/../lib/gcc/nios2-elf/4.1.2/../../../../nios2-elf/lib/mno-hw-mul\libc.a(lib_a-strlen.o)
                0x01000770                strlen
 .text          0x010007e4      0x49c c:/altera/13.0sp1/nios2eds/bin/gnu/h-i686-mingw32/bin/../lib/gcc/nios2-elf/4.1.2/../../../../nios2-elf/lib/mno-hw-mul\libc.a(lib_a-fvwrite.o)
                0x010007e4                __sfvwrite_r
 .text          0x01000c80        0x0 c:/altera/13.0sp1/nios2eds/bin/gnu/h-i686-mingw32/bin/../lib/gcc/nios2-elf/4.1.2/../../../../nios2-elf/lib/mno-hw-mul\libc.a(lib_a-impure.o)
 .text          0x01000c80      0x740 c:/altera/13.0sp1/nios2eds/bin/gnu/h-i686-mingw32/bin/../lib/gcc/nios2-elf/4.1.2/../../../../nios2-elf/lib/mno-hw-mul\libc.a(lib_a-mallocr.o)
                0x01000c80                _malloc_r
 .text          0x010013c0       0xe4 c:/altera/13.0sp1/nios2eds/bin/gnu/h-i686-mingw32/bin/../lib/gcc/nios2-elf/4.1.2/../../../../nios2-elf/lib/mno-hw-mul\libc.a(lib_a-memchr.o)
                0x010013c0                memchr
 .text          0x010014a4       0xa0 c:/altera/13.0sp1/nios2eds/bin/gnu/h-i686-mingw32/bin/../lib/gcc/nios2-elf/4.1.2/../../../../nios2-elf/lib/mno-hw-mul\libc.a(lib_a-memcpy.o)
                0x010014a4                memcpy
 .text          0x01001544       0xe0 c:/altera/13.0sp1/nios2eds/bin/gnu/h-i686-mingw32/bin/../lib/gcc/nios2-elf/4.1.2/../../../../nios2-elf/lib/mno-hw-mul\libc.a(lib_a-memmove.o)
                0x01001544                memmove
 .text          0x01001624      0x5f4 c:/altera/13.0sp1/nios2eds/bin/gnu/h-i686-mingw32/bin/../lib/gcc/nios2-elf/4.1.2/../../../../nios2-elf/lib/mno-hw-mul\libc.a(lib_a-reallocr.o)
                0x01001624                _realloc_r
 .text          0x01001c18       0x70 c:/altera/13.0sp1/nios2eds/bin/gnu/h-i686-mingw32/bin/../lib/gcc/nios2-elf/4.1.2/../../../../nios2-elf/lib/mno-hw-mul\libc.a(lib_a-sbrkr.o)
                0x01001c18                _sbrk_r
 .text          0x01001c88      0x13c c:/altera/13.0sp1/nios2eds/bin/gnu/h-i686-mingw32/bin/../lib/gcc/nios2-elf/4.1.2/../../../../nios2-elf/lib/mno-hw-mul\libc.a(lib_a-wsetup.o)
                0x01001c88                __swsetup_r
 .text          0x01001dc4      0x230 c:/altera/13.0sp1/nios2eds/bin/gnu/h-i686-mingw32/bin/../lib/gcc/nios2-elf/4.1.2/../../../../nios2-elf/lib/mno-hw-mul\libc.a(lib_a-fflush.o)
                0x01001dc4                _fflush_r
                0x01001fc0                fflush
 .text          0x01001ff4      0x2f4 c:/altera/13.0sp1/nios2eds/bin/gnu/h-i686-mingw32/bin/../lib/gcc/nios2-elf/4.1.2/../../../../nios2-elf/lib/mno-hw-mul\libc.a(lib_a-findfp.o)
                0x0100204c                __sfp_lock_acquire
                0x01002050                __sfp_lock_release
                0x01002054                __sinit_lock_acquire
                0x01002058                __sinit_lock_release
                0x0100205c                __sinit
                0x01002110                __fp_unlock_all
                0x01002128                __fp_lock_all
                0x01002140                _cleanup_r
                0x0100214c                _cleanup
                0x0100215c                __sfmoreglue
                0x010021f8                __sfp
 .text          0x010022e8      0x440 c:/altera/13.0sp1/nios2eds/bin/gnu/h-i686-mingw32/bin/../lib/gcc/nios2-elf/4.1.2/../../../../nios2-elf/lib/mno-hw-mul\libc.a(lib_a-freer.o)
                0x010022e8                _malloc_trim_r
                0x01002414                _free_r
 .text          0x01002728      0x180 c:/altera/13.0sp1/nios2eds/bin/gnu/h-i686-mingw32/bin/../lib/gcc/nios2-elf/4.1.2/../../../../nios2-elf/lib/mno-hw-mul\libc.a(lib_a-fwalk.o)
                0x01002728                _fwalk_reent
                0x010027f0                _fwalk
 .text          0x010028a8        0x0 c:/altera/13.0sp1/nios2eds/bin/gnu/h-i686-mingw32/bin/../lib/gcc/nios2-elf/4.1.2/../../../../nios2-elf/lib/mno-hw-mul\libc.a(lib_a-int_errno.o)
 .text          0x010028a8      0x194 c:/altera/13.0sp1/nios2eds/bin/gnu/h-i686-mingw32/bin/../lib/gcc/nios2-elf/4.1.2/../../../../nios2-elf/lib/mno-hw-mul\libc.a(lib_a-makebuf.o)
                0x010028a8                __smakebuf_r
 .text          0x01002a3c       0x98 c:/altera/13.0sp1/nios2eds/bin/gnu/h-i686-mingw32/bin/../lib/gcc/nios2-elf/4.1.2/../../../../nios2-elf/lib/mno-hw-mul\libc.a(lib_a-memset.o)
                0x01002a3c                memset
 .text          0x01002ad4      0x14c c:/altera/13.0sp1/nios2eds/bin/gnu/h-i686-mingw32/bin/../lib/gcc/nios2-elf/4.1.2/../../../../nios2-elf/lib/mno-hw-mul\libc.a(lib_a-stdio.o)
                0x01002ad4                __sclose
                0x01002adc                __sseek
                0x01002b44                __swrite
                0x01002bc0                __sread
 .text          0x01002c20       0x78 c:/altera/13.0sp1/nios2eds/bin/gnu/h-i686-mingw32/bin/../lib/gcc/nios2-elf/4.1.2/../../../../nios2-elf/lib/mno-hw-mul\libc.a(lib_a-writer.o)
                0x01002c20                _write_r
 .text          0x01002c98       0x70 c:/altera/13.0sp1/nios2eds/bin/gnu/h-i686-mingw32/bin/../lib/gcc/nios2-elf/4.1.2/../../../../nios2-elf/lib/mno-hw-mul\libc.a(lib_a-closer.o)
                0x01002c98                _close_r
 .text          0x01002d08      0x124 c:/altera/13.0sp1/nios2eds/bin/gnu/h-i686-mingw32/bin/../lib/gcc/nios2-elf/4.1.2/../../../../nios2-elf/lib/mno-hw-mul\libc.a(lib_a-fclose.o)
                0x01002d08                _fclose_r
                0x01002e18                fclose
 .text          0x01002e2c       0x74 c:/altera/13.0sp1/nios2eds/bin/gnu/h-i686-mingw32/bin/../lib/gcc/nios2-elf/4.1.2/../../../../nios2-elf/lib/mno-hw-mul\libc.a(lib_a-fstatr.o)
                0x01002e2c                _fstat_r
 .text          0x01002ea0       0x70 c:/altera/13.0sp1/nios2eds/bin/gnu/h-i686-mingw32/bin/../lib/gcc/nios2-elf/4.1.2/../../../../nios2-elf/lib/mno-hw-mul\libc.a(lib_a-isattyr.o)
                0x01002ea0                _isatty_r
 .text          0x01002f10       0x78 c:/altera/13.0sp1/nios2eds/bin/gnu/h-i686-mingw32/bin/../lib/gcc/nios2-elf/4.1.2/../../../../nios2-elf/lib/mno-hw-mul\libc.a(lib_a-lseekr.o)
                0x01002f10                _lseek_r
 .text          0x01002f88       0x78 c:/altera/13.0sp1/nios2eds/bin/gnu/h-i686-mingw32/bin/../lib/gcc/nios2-elf/4.1.2/../../../../nios2-elf/lib/mno-hw-mul\libc.a(lib_a-readr.o)
                0x01002f88                _read_r
 .text          0x01003000       0x38 c:/altera/13.0sp1/nios2eds/bin/gnu/h-i686-mingw32/bin/../lib/gcc/nios2-elf/4.1.2/mno-hw-mul\libgcc.a(lib2-mul.o)
                0x01003000                __mulsi3
 .text          0x01003038      0x160 ../Mod2_DE2_program_bsp/\libhal_bsp.a(alt_close.o)
                0x01003038                close
 .text          0x01003198       0x2c ../Mod2_DE2_program_bsp/\libhal_bsp.a(alt_dev.o)
 .text          0x010031c4        0x0 ../Mod2_DE2_program_bsp/\libhal_bsp.a(alt_errno.o)
 .text          0x010031c4      0x138 ../Mod2_DE2_program_bsp/\libhal_bsp.a(alt_fstat.o)
                0x010031c4                fstat
 .text          0x010032fc      0x1c0 ../Mod2_DE2_program_bsp/\libhal_bsp.a(alt_irq_register.o)
                0x010032fc                alt_irq_register
 .text          0x010034bc        0x0 ../Mod2_DE2_program_bsp/\libhal_bsp.a(alt_irq_vars.o)
 .text          0x010034bc      0x124 ../Mod2_DE2_program_bsp/\libhal_bsp.a(alt_isatty.o)
                0x010034bc                isatty
 .text          0x010035e0       0xec ../Mod2_DE2_program_bsp/\libhal_bsp.a(alt_load.o)
                0x010035e0                alt_load
 .text          0x010036cc      0x154 ../Mod2_DE2_program_bsp/\libhal_bsp.a(alt_lseek.o)
                0x010036cc                lseek
 .text          0x01003820       0x6c ../Mod2_DE2_program_bsp/\libhal_bsp.a(alt_main.o)
                0x01003820                alt_main
 .text          0x0100388c       0x40 ../Mod2_DE2_program_bsp/\libhal_bsp.a(alt_malloc_lock.o)
                0x0100388c                __malloc_lock
                0x010038ac                __malloc_unlock
 .text          0x010038cc      0x2e4 ../Mod2_DE2_program_bsp/\libhal_bsp.a(alt_open.o)
                0x010039c4                open
 .text          0x01003bb0      0x258 ../Mod2_DE2_program_bsp/\libhal_bsp.a(alt_printf.o)
                0x01003bb0                alt_printf
 .text          0x01003e08       0x40 ../Mod2_DE2_program_bsp/\libhal_bsp.a(alt_putchar.o)
                0x01003e08                alt_putchar
 .text          0x01003e48      0x184 ../Mod2_DE2_program_bsp/\libhal_bsp.a(alt_read.o)
                0x01003e48                read
 .text          0x01003fcc       0x78 ../Mod2_DE2_program_bsp/\libhal_bsp.a(alt_release_fd.o)
                0x01003fcc                alt_release_fd
 .text          0x01004044       0xbc ../Mod2_DE2_program_bsp/\libhal_bsp.a(alt_sbrk.o)
                0x01004044                sbrk
 .text          0x01004100      0x184 ../Mod2_DE2_program_bsp/\libhal_bsp.a(alt_write.o)
                0x01004100                write
 .text          0x01004284      0x120 ../Mod2_DE2_program_bsp/\libhal_bsp.a(alt_sys_init.o)
                0x01004284                alt_irq_init
                0x010042b8                alt_sys_init
 .text          0x010043a4      0x148 ../Mod2_DE2_program_bsp/\libhal_bsp.a(altera_avalon_jtag_uart_fd.o)
                0x010043a4                altera_avalon_jtag_uart_read_fd
                0x010043fc                altera_avalon_jtag_uart_write_fd
                0x01004454                altera_avalon_jtag_uart_close_fd
                0x0100449c                altera_avalon_jtag_uart_ioctl_fd
 .text          0x010044ec      0x408 ../Mod2_DE2_program_bsp/\libhal_bsp.a(altera_avalon_jtag_uart_init.o)
                0x010044ec                altera_avalon_jtag_uart_init
                0x01004880                altera_avalon_jtag_uart_close
 .text          0x010048f4       0xf4 ../Mod2_DE2_program_bsp/\libhal_bsp.a(altera_avalon_jtag_uart_ioctl.o)
                0x010048f4                altera_avalon_jtag_uart_ioctl
 .text          0x010049e8      0x224 ../Mod2_DE2_program_bsp/\libhal_bsp.a(altera_avalon_jtag_uart_read.o)
                0x010049e8                altera_avalon_jtag_uart_read
 .text          0x01004c0c      0x240 ../Mod2_DE2_program_bsp/\libhal_bsp.a(altera_avalon_jtag_uart_write.o)
                0x01004c0c                altera_avalon_jtag_uart_write
 .text          0x01004e4c       0xfc ../Mod2_DE2_program_bsp/\libhal_bsp.a(altera_avalon_timer_sc.o)
                0x01004ec0                alt_avalon_timer_sc_init
 .text          0x01004f48       0xf8 ../Mod2_DE2_program_bsp/\libhal_bsp.a(altera_avalon_uart_fd.o)
                0x01004f48                altera_avalon_uart_read_fd
                0x01004fa0                altera_avalon_uart_write_fd
                0x01004ff8                altera_avalon_uart_close_fd
 .text          0x01005040      0x3fc ../Mod2_DE2_program_bsp/\libhal_bsp.a(altera_avalon_uart_init.o)
                0x01005040                altera_avalon_uart_init
                0x010053dc                altera_avalon_uart_close
 .text          0x0100543c      0x290 ../Mod2_DE2_program_bsp/\libhal_bsp.a(altera_avalon_uart_read.o)
                0x0100543c                altera_avalon_uart_read
 .text          0x010056cc      0x228 ../Mod2_DE2_program_bsp/\libhal_bsp.a(altera_avalon_uart_write.o)
                0x010056cc                altera_avalon_uart_write
 .text          0x010058f4      0x80c ../Mod2_DE2_program_bsp/\libhal_bsp.a(altera_up_avalon_audio.o)
                0x010058f4                alt_up_audio_open_dev
                0x01005934                alt_up_audio_enable_read_interrupt
                0x01005980                alt_up_audio_disable_read_interrupt
                0x010059d0                alt_up_audio_enable_write_interrupt
                0x01005a1c                alt_up_audio_disable_write_interrupt
                0x01005a6c                alt_up_audio_read_interrupt_pending
                0x01005aa8                alt_up_audio_write_interrupt_pending
                0x01005ae4                alt_up_audio_reset_audio_core
                0x01005b6c                alt_up_audio_read_fifo_avail
                0x01005bdc                alt_up_audio_record_r
                0x01005c4c                alt_up_audio_record_l
                0x01005cbc                alt_up_audio_write_fifo_space
                0x01005d30                alt_up_audio_play_r
                0x01005da0                alt_up_audio_play_l
                0x01005e10                alt_up_audio_read_fifo
                0x01005f14                alt_up_audio_write_fifo
                0x01006040                alt_up_audio_read_fifo_head
                0x010060a0                alt_up_audio_write_fifo_head
 .text          0x01006100      0x788 ../Mod2_DE2_program_bsp/\libhal_bsp.a(altera_up_avalon_audio_and_video_config.o)
                0x01006100                alt_up_av_config_open_dev
                0x01006164                alt_up_av_config_write_data
                0x010061c8                alt_up_av_config_read_data
                0x01006254                alt_up_av_config_reset
                0x0100628c                alt_up_av_config_enable_interrupt
                0x010062c4                alt_up_av_config_disable_interrupt
                0x010062f4                alt_up_av_config_read_acknowledge
                0x0100635c                alt_up_av_config_read_ready
                0x01006394                alt_up_av_config_write_audio_cfg_register
                0x01006440                alt_up_av_config_read_video_cfg_register
                0x01006538                alt_up_av_config_write_video_cfg_register
                0x01006630                alt_up_av_config_read_DC2_cfg_register
                0x01006694                alt_up_av_config_write_DC2_cfg_register
                0x010066f8                alt_up_av_config_read_D5M_cfg_register
                0x0100675c                alt_up_av_config_write_D5M_cfg_register
                0x010067c0                alt_up_av_config_read_LTM_cfg_register
                0x01006824                alt_up_av_config_write_LTM_cfg_register
 .text          0x01006888      0x530 ../Mod2_DE2_program_bsp/\libhal_bsp.a(altera_up_avalon_character_lcd.o)
                0x01006888                get_DDRAM_addr
                0x01006904                alt_up_character_lcd_send_cmd
                0x01006938                alt_up_character_lcd_init
                0x0100696c                alt_up_character_lcd_open_dev
                0x010069ac                alt_up_character_lcd_write
                0x01006a24                alt_up_character_lcd_string
                0x01006a9c                alt_up_character_lcd_write_fd
                0x01006ae8                alt_up_character_lcd_set_cursor_pos
                0x01006b60                alt_up_character_lcd_shift_cursor
                0x01006c10                alt_up_character_lcd_shift_display
                0x01006cc0                alt_up_character_lcd_erase_pos
                0x01006d50                alt_up_character_lcd_cursor_off
                0x01006d84                alt_up_character_lcd_cursor_blink_on
 .text          0x01006db8      0x154 ../Mod2_DE2_program_bsp/\libhal_bsp.a(alt_alarm_start.o)
                0x01006db8                alt_alarm_start
 .text          0x01006f0c       0x1c ../Mod2_DE2_program_bsp/\libhal_bsp.a(alt_dcache_flush_all.o)
                0x01006f0c                alt_dcache_flush_all
 .text          0x01006f28      0x114 ../Mod2_DE2_program_bsp/\libhal_bsp.a(alt_dev_llist_insert.o)
                0x01006f28                alt_dev_llist_insert
 .text          0x0100703c       0x64 ../Mod2_DE2_program_bsp/\libhal_bsp.a(alt_do_ctors.o)
                0x0100703c                _do_ctors
 .text          0x010070a0       0x64 ../Mod2_DE2_program_bsp/\libhal_bsp.a(alt_do_dtors.o)
                0x010070a0                _do_dtors
 .text          0x01007104       0x94 ../Mod2_DE2_program_bsp/\libhal_bsp.a(alt_find_dev.o)
                0x01007104                alt_find_dev
 .text          0x01007198      0x120 ../Mod2_DE2_program_bsp/\libhal_bsp.a(alt_find_file.o)
                0x01007198                alt_find_file
 .text          0x010072b8       0xd0 ../Mod2_DE2_program_bsp/\libhal_bsp.a(alt_get_fd.o)
                0x010072b8                alt_get_fd
 .text          0x01007388       0x1c ../Mod2_DE2_program_bsp/\libhal_bsp.a(alt_icache_flush_all.o)
                0x01007388                alt_icache_flush_all
 .text          0x010073a4      0x150 ../Mod2_DE2_program_bsp/\libhal_bsp.a(alt_io_redirect.o)
                0x0100747c                alt_io_redirect
 .text          0x010074f4        0x0 ../Mod2_DE2_program_bsp/\libhal_bsp.a(alt_irq_entry.o)
 .text          0x010074f4        0x0 ../Mod2_DE2_program_bsp/\libhal_bsp.a(alt_irq_handler.o)
 .text          0x010074f4      0x1a4 ../Mod2_DE2_program_bsp/\libhal_bsp.a(alt_tick.o)
                0x010074f4                alt_alarm_stop
                0x0100758c                alt_tick
 .text          0x01007698       0x20 ../Mod2_DE2_program_bsp/\libhal_bsp.a(altera_nios2_qsys_irq.o)
                0x01007698                altera_nios2_qsys_irq_init
 .text          0x010076b8        0x0 ../Mod2_DE2_program_bsp/\libhal_bsp.a(alt_exception_entry.o)
 .text          0x010076b8       0x14 c:/altera/13.0sp1/nios2eds/bin/gnu/h-i686-mingw32/bin/../lib/gcc/nios2-elf/4.1.2/../../../../nios2-elf/lib/mno-hw-mul\libc.a(lib_a-atexit.o)
                0x010076b8                atexit
 .text          0x010076cc       0x38 c:/altera/13.0sp1/nios2eds/bin/gnu/h-i686-mingw32/bin/../lib/gcc/nios2-elf/4.1.2/../../../../nios2-elf/lib/mno-hw-mul\libc.a(lib_a-exit.o)
                0x010076cc                exit
 .text          0x01007704       0x74 c:/altera/13.0sp1/nios2eds/bin/gnu/h-i686-mingw32/bin/../lib/gcc/nios2-elf/4.1.2/../../../../nios2-elf/lib/mno-hw-mul\libc.a(lib_a-memcmp.o)
                0x01007704                memcmp
 .text          0x01007778      0x1ec c:/altera/13.0sp1/nios2eds/bin/gnu/h-i686-mingw32/bin/../lib/gcc/nios2-elf/4.1.2/../../../../nios2-elf/lib/mno-hw-mul\libc.a(lib_a-putc.o)
                0x01007778                putc
                0x0100787c                _putc_r
 .text          0x01007964      0x14c c:/altera/13.0sp1/nios2eds/bin/gnu/h-i686-mingw32/bin/../lib/gcc/nios2-elf/4.1.2/../../../../nios2-elf/lib/mno-hw-mul\libc.a(lib_a-wbuf.o)
                0x01007964                __swbuf_r
                0x01007a94                __swbuf
 .text          0x01007ab0      0x134 c:/altera/13.0sp1/nios2eds/bin/gnu/h-i686-mingw32/bin/../lib/gcc/nios2-elf/4.1.2/../../../../nios2-elf/lib/mno-hw-mul\libc.a(lib_a-__atexit.o)
                0x01007ab0                __register_exitproc
 .text          0x01007be4      0x1b4 c:/altera/13.0sp1/nios2eds/bin/gnu/h-i686-mingw32/bin/../lib/gcc/nios2-elf/4.1.2/../../../../nios2-elf/lib/mno-hw-mul\libc.a(lib_a-__call_atexit.o)
                0x01007be8                __call_exitprocs
 .text          0x01007d98       0x60 ../Mod2_DE2_program_bsp/\libhal_bsp.a(alt_exit.o)
                0x01007dd8                _exit
 *(.gnu.warning.*)
 *(.fini)
                0x01007df8                PROVIDE (__etext, ABSOLUTE (.))
                0x01007df8                PROVIDE (_etext, ABSOLUTE (.))
                0x01007df8                PROVIDE (etext, ABSOLUTE (.))
 *(.eh_frame_hdr)
                0x01007df8                . = ALIGN (0x4)
                0x01007df8                PROVIDE (__preinit_array_start, ABSOLUTE (.))
 *(.preinit_array)
                0x01007df8                PROVIDE (__preinit_array_end, ABSOLUTE (.))
                0x01007df8                PROVIDE (__init_array_start, ABSOLUTE (.))
 *(.init_array)
                0x01007df8                PROVIDE (__init_array_end, ABSOLUTE (.))
                0x01007df8                PROVIDE (__fini_array_start, ABSOLUTE (.))
 *(.fini_array)
                0x01007df8                PROVIDE (__fini_array_end, ABSOLUTE (.))
 *(.eh_frame)
 *(.gcc_except_table)
 *(.dynamic)
                0x01007df8                PROVIDE (__CTOR_LIST__, ABSOLUTE (.))
 *(.ctors)
 *(SORT(.ctors.*))
 .ctors.65535   0x01007df8        0x4 c:/altera/13.0sp1/nios2eds/bin/gnu/h-i686-mingw32/bin/../lib/gcc/nios2-elf/4.1.2/../../../../nios2-elf/lib/mno-hw-mul\libc.a(lib_a-__call_atexit.o)
                0x01007dfc                PROVIDE (__CTOR_END__, ABSOLUTE (.))
                0x01007dfc                PROVIDE (__DTOR_LIST__, ABSOLUTE (.))
 *(.dtors)
 *(SORT(.dtors.*))
                0x01007dfc                PROVIDE (__DTOR_END__, ABSOLUTE (.))
 *(.jcr)
                0x01007dfc                . = ALIGN (0x4)

.rodata         0x01007dfc      0x1fc
                0x01007dfc                PROVIDE (__ram_rodata_start, ABSOLUTE (.))
                0x01007dfc                . = ALIGN (0x4)
 *(.rodata .rodata.* .gnu.linkonce.r.*)
 .rodata        0x01007dfc      0x14c obj/default/Mod2_DE2_program.o
 .rodata.str1.4
                0x01007f48        0x2 c:/altera/13.0sp1/nios2eds/bin/gnu/h-i686-mingw32/bin/../lib/gcc/nios2-elf/4.1.2/../../../../nios2-elf/lib/mno-hw-mul\libc.a(lib_a-puts.o)
                                  0x4 (size before relaxing)
 *fill*         0x01007f4a        0x2 00
 .rodata.str1.4
                0x01007f4c        0x4 c:/altera/13.0sp1/nios2eds/bin/gnu/h-i686-mingw32/bin/../lib/gcc/nios2-elf/4.1.2/../../../../nios2-elf/lib/mno-hw-mul\libc.a(lib_a-impure.o)
 .rodata        0x01007f50        0xc ../Mod2_DE2_program_bsp/\libhal_bsp.a(alt_dev.o)
 .rodata        0x01007f5c       0x14 ../Mod2_DE2_program_bsp/\libhal_bsp.a(alt_main.o)
 .rodata        0x01007f70       0x88 ../Mod2_DE2_program_bsp/\libhal_bsp.a(alt_sys_init.o)
 *(.rodata1)
                0x01007ff8                . = ALIGN (0x4)
                0x01007ff8                PROVIDE (__ram_rodata_end, ABSOLUTE (.))
                0x01007dfc                PROVIDE (__flash_rodata_start, LOADADDR (.rodata))

.rwdata         0x01007ff8     0x1bcc load address 0x01009bc4
                0x01007ff8                PROVIDE (__ram_rwdata_start, ABSOLUTE (.))
                0x01007ff8                . = ALIGN (0x4)
 *(.got.plt)
 *(.got)
 *(.data1)
 *(.data .data.* .gnu.linkonce.d.*)
 .data          0x01007ff8        0x0 ../Mod2_DE2_program_bsp//obj/HAL/src/crt0.o
 .data          0x01007ff8        0x0 obj/default/Mod2_DE2_program.o
 .data          0x01007ff8        0x0 c:/altera/13.0sp1/nios2eds/bin/gnu/h-i686-mingw32/bin/../lib/gcc/nios2-elf/4.1.2/../../../../nios2-elf/lib/mno-hw-mul\libc.a(lib_a-puts.o)
 .data          0x01007ff8        0x0 c:/altera/13.0sp1/nios2eds/bin/gnu/h-i686-mingw32/bin/../lib/gcc/nios2-elf/4.1.2/../../../../nios2-elf/lib/mno-hw-mul\libc.a(lib_a-strlen.o)
 .data          0x01007ff8        0x0 c:/altera/13.0sp1/nios2eds/bin/gnu/h-i686-mingw32/bin/../lib/gcc/nios2-elf/4.1.2/../../../../nios2-elf/lib/mno-hw-mul\libc.a(lib_a-fvwrite.o)
 .data          0x01007ff8      0x400 c:/altera/13.0sp1/nios2eds/bin/gnu/h-i686-mingw32/bin/../lib/gcc/nios2-elf/4.1.2/../../../../nios2-elf/lib/mno-hw-mul\libc.a(lib_a-impure.o)
 .data          0x010083f8      0x408 c:/altera/13.0sp1/nios2eds/bin/gnu/h-i686-mingw32/bin/../lib/gcc/nios2-elf/4.1.2/../../../../nios2-elf/lib/mno-hw-mul\libc.a(lib_a-mallocr.o)
                0x010083f8                __malloc_av_
 .data          0x01008800        0x0 c:/altera/13.0sp1/nios2eds/bin/gnu/h-i686-mingw32/bin/../lib/gcc/nios2-elf/4.1.2/../../../../nios2-elf/lib/mno-hw-mul\libc.a(lib_a-memchr.o)
 .data          0x01008800        0x0 c:/altera/13.0sp1/nios2eds/bin/gnu/h-i686-mingw32/bin/../lib/gcc/nios2-elf/4.1.2/../../../../nios2-elf/lib/mno-hw-mul\libc.a(lib_a-memcpy.o)
 .data          0x01008800        0x0 c:/altera/13.0sp1/nios2eds/bin/gnu/h-i686-mingw32/bin/../lib/gcc/nios2-elf/4.1.2/../../../../nios2-elf/lib/mno-hw-mul\libc.a(lib_a-memmove.o)
 .data          0x01008800        0x0 c:/altera/13.0sp1/nios2eds/bin/gnu/h-i686-mingw32/bin/../lib/gcc/nios2-elf/4.1.2/../../../../nios2-elf/lib/mno-hw-mul\libc.a(lib_a-reallocr.o)
 .data          0x01008800        0x0 c:/altera/13.0sp1/nios2eds/bin/gnu/h-i686-mingw32/bin/../lib/gcc/nios2-elf/4.1.2/../../../../nios2-elf/lib/mno-hw-mul\libc.a(lib_a-sbrkr.o)
 .data          0x01008800        0x0 c:/altera/13.0sp1/nios2eds/bin/gnu/h-i686-mingw32/bin/../lib/gcc/nios2-elf/4.1.2/../../../../nios2-elf/lib/mno-hw-mul\libc.a(lib_a-wsetup.o)
 .data          0x01008800        0x0 c:/altera/13.0sp1/nios2eds/bin/gnu/h-i686-mingw32/bin/../lib/gcc/nios2-elf/4.1.2/../../../../nios2-elf/lib/mno-hw-mul\libc.a(lib_a-fflush.o)
 .data          0x01008800        0x0 c:/altera/13.0sp1/nios2eds/bin/gnu/h-i686-mingw32/bin/../lib/gcc/nios2-elf/4.1.2/../../../../nios2-elf/lib/mno-hw-mul\libc.a(lib_a-findfp.o)
 .data          0x01008800        0x0 c:/altera/13.0sp1/nios2eds/bin/gnu/h-i686-mingw32/bin/../lib/gcc/nios2-elf/4.1.2/../../../../nios2-elf/lib/mno-hw-mul\libc.a(lib_a-freer.o)
 .data          0x01008800        0x0 c:/altera/13.0sp1/nios2eds/bin/gnu/h-i686-mingw32/bin/../lib/gcc/nios2-elf/4.1.2/../../../../nios2-elf/lib/mno-hw-mul\libc.a(lib_a-fwalk.o)
 .data          0x01008800        0x0 c:/altera/13.0sp1/nios2eds/bin/gnu/h-i686-mingw32/bin/../lib/gcc/nios2-elf/4.1.2/../../../../nios2-elf/lib/mno-hw-mul\libc.a(lib_a-int_errno.o)
 .data          0x01008800        0x0 c:/altera/13.0sp1/nios2eds/bin/gnu/h-i686-mingw32/bin/../lib/gcc/nios2-elf/4.1.2/../../../../nios2-elf/lib/mno-hw-mul\libc.a(lib_a-makebuf.o)
 .data          0x01008800        0x0 c:/altera/13.0sp1/nios2eds/bin/gnu/h-i686-mingw32/bin/../lib/gcc/nios2-elf/4.1.2/../../../../nios2-elf/lib/mno-hw-mul\libc.a(lib_a-memset.o)
 .data          0x01008800        0x0 c:/altera/13.0sp1/nios2eds/bin/gnu/h-i686-mingw32/bin/../lib/gcc/nios2-elf/4.1.2/../../../../nios2-elf/lib/mno-hw-mul\libc.a(lib_a-stdio.o)
 .data          0x01008800        0x0 c:/altera/13.0sp1/nios2eds/bin/gnu/h-i686-mingw32/bin/../lib/gcc/nios2-elf/4.1.2/../../../../nios2-elf/lib/mno-hw-mul\libc.a(lib_a-writer.o)
 .data          0x01008800        0x0 c:/altera/13.0sp1/nios2eds/bin/gnu/h-i686-mingw32/bin/../lib/gcc/nios2-elf/4.1.2/../../../../nios2-elf/lib/mno-hw-mul\libc.a(lib_a-closer.o)
 .data          0x01008800        0x0 c:/altera/13.0sp1/nios2eds/bin/gnu/h-i686-mingw32/bin/../lib/gcc/nios2-elf/4.1.2/../../../../nios2-elf/lib/mno-hw-mul\libc.a(lib_a-fclose.o)
 .data          0x01008800        0x0 c:/altera/13.0sp1/nios2eds/bin/gnu/h-i686-mingw32/bin/../lib/gcc/nios2-elf/4.1.2/../../../../nios2-elf/lib/mno-hw-mul\libc.a(lib_a-fstatr.o)
 .data          0x01008800        0x0 c:/altera/13.0sp1/nios2eds/bin/gnu/h-i686-mingw32/bin/../lib/gcc/nios2-elf/4.1.2/../../../../nios2-elf/lib/mno-hw-mul\libc.a(lib_a-isattyr.o)
 .data          0x01008800        0x0 c:/altera/13.0sp1/nios2eds/bin/gnu/h-i686-mingw32/bin/../lib/gcc/nios2-elf/4.1.2/../../../../nios2-elf/lib/mno-hw-mul\libc.a(lib_a-lseekr.o)
 .data          0x01008800        0x0 c:/altera/13.0sp1/nios2eds/bin/gnu/h-i686-mingw32/bin/../lib/gcc/nios2-elf/4.1.2/../../../../nios2-elf/lib/mno-hw-mul\libc.a(lib_a-readr.o)
 .data          0x01008800        0x0 c:/altera/13.0sp1/nios2eds/bin/gnu/h-i686-mingw32/bin/../lib/gcc/nios2-elf/4.1.2/mno-hw-mul\libgcc.a(lib2-mul.o)
 .data          0x01008800        0x0 ../Mod2_DE2_program_bsp/\libhal_bsp.a(alt_close.o)
 .data          0x01008800      0x1a8 ../Mod2_DE2_program_bsp/\libhal_bsp.a(alt_dev.o)
                0x01008800                alt_dev_null
                0x01008828                alt_fd_list
 .data          0x010089a8        0x0 ../Mod2_DE2_program_bsp/\libhal_bsp.a(alt_errno.o)
 .data          0x010089a8        0x0 ../Mod2_DE2_program_bsp/\libhal_bsp.a(alt_fstat.o)
 .data          0x010089a8        0x0 ../Mod2_DE2_program_bsp/\libhal_bsp.a(alt_irq_register.o)
 .data          0x010089a8        0x0 ../Mod2_DE2_program_bsp/\libhal_bsp.a(alt_irq_vars.o)
 .data          0x010089a8        0x0 ../Mod2_DE2_program_bsp/\libhal_bsp.a(alt_isatty.o)
 .data          0x010089a8        0x0 ../Mod2_DE2_program_bsp/\libhal_bsp.a(alt_load.o)
 .data          0x010089a8        0x0 ../Mod2_DE2_program_bsp/\libhal_bsp.a(alt_lseek.o)
 .data          0x010089a8        0x0 ../Mod2_DE2_program_bsp/\libhal_bsp.a(alt_main.o)
 .data          0x010089a8        0x0 ../Mod2_DE2_program_bsp/\libhal_bsp.a(alt_malloc_lock.o)
 .data          0x010089a8        0x0 ../Mod2_DE2_program_bsp/\libhal_bsp.a(alt_open.o)
 .data          0x010089a8        0x0 ../Mod2_DE2_program_bsp/\libhal_bsp.a(alt_printf.o)
 .data          0x010089a8        0x0 ../Mod2_DE2_program_bsp/\libhal_bsp.a(alt_putchar.o)
 .data          0x010089a8        0x0 ../Mod2_DE2_program_bsp/\libhal_bsp.a(alt_read.o)
 .data          0x010089a8        0x0 ../Mod2_DE2_program_bsp/\libhal_bsp.a(alt_release_fd.o)
 .data          0x010089a8        0x0 ../Mod2_DE2_program_bsp/\libhal_bsp.a(alt_sbrk.o)
 .data          0x010089a8        0x0 ../Mod2_DE2_program_bsp/\libhal_bsp.a(alt_write.o)
 .data          0x010089a8     0x11dc ../Mod2_DE2_program_bsp/\libhal_bsp.a(alt_sys_init.o)
 .data          0x01009b84        0x0 ../Mod2_DE2_program_bsp/\libhal_bsp.a(altera_avalon_jtag_uart_fd.o)
 .data          0x01009b84        0x0 ../Mod2_DE2_program_bsp/\libhal_bsp.a(altera_avalon_jtag_uart_init.o)
 .data          0x01009b84        0x0 ../Mod2_DE2_program_bsp/\libhal_bsp.a(altera_avalon_jtag_uart_ioctl.o)
 .data          0x01009b84        0x0 ../Mod2_DE2_program_bsp/\libhal_bsp.a(altera_avalon_jtag_uart_read.o)
 .data          0x01009b84        0x0 ../Mod2_DE2_program_bsp/\libhal_bsp.a(altera_avalon_jtag_uart_write.o)
 .data          0x01009b84        0x0 ../Mod2_DE2_program_bsp/\libhal_bsp.a(altera_avalon_timer_sc.o)
 .data          0x01009b84        0x0 ../Mod2_DE2_program_bsp/\libhal_bsp.a(altera_avalon_uart_fd.o)
 .data          0x01009b84        0x0 ../Mod2_DE2_program_bsp/\libhal_bsp.a(altera_avalon_uart_init.o)
 .data          0x01009b84        0x0 ../Mod2_DE2_program_bsp/\libhal_bsp.a(altera_avalon_uart_read.o)
 .data          0x01009b84        0x0 ../Mod2_DE2_program_bsp/\libhal_bsp.a(altera_avalon_uart_write.o)
 .data          0x01009b84        0x0 ../Mod2_DE2_program_bsp/\libhal_bsp.a(altera_up_avalon_audio.o)
 .data          0x01009b84        0x0 ../Mod2_DE2_program_bsp/\libhal_bsp.a(altera_up_avalon_audio_and_video_config.o)
 .data          0x01009b84        0x0 ../Mod2_DE2_program_bsp/\libhal_bsp.a(altera_up_avalon_character_lcd.o)
 .data          0x01009b84        0x0 ../Mod2_DE2_program_bsp/\libhal_bsp.a(alt_alarm_start.o)
 .data          0x01009b84        0x0 ../Mod2_DE2_program_bsp/\libhal_bsp.a(alt_dcache_flush_all.o)
 .data          0x01009b84        0x0 ../Mod2_DE2_program_bsp/\libhal_bsp.a(alt_dev_llist_insert.o)
 .data          0x01009b84        0x0 ../Mod2_DE2_program_bsp/\libhal_bsp.a(alt_do_ctors.o)
 .data          0x01009b84        0x0 ../Mod2_DE2_program_bsp/\libhal_bsp.a(alt_do_dtors.o)
 .data          0x01009b84        0x0 ../Mod2_DE2_program_bsp/\libhal_bsp.a(alt_find_dev.o)
 .data          0x01009b84        0x0 ../Mod2_DE2_program_bsp/\libhal_bsp.a(alt_find_file.o)
 .data          0x01009b84        0x0 ../Mod2_DE2_program_bsp/\libhal_bsp.a(alt_get_fd.o)
 .data          0x01009b84        0x0 ../Mod2_DE2_program_bsp/\libhal_bsp.a(alt_icache_flush_all.o)
 .data          0x01009b84        0x0 ../Mod2_DE2_program_bsp/\libhal_bsp.a(alt_io_redirect.o)
 .data          0x01009b84        0x0 ../Mod2_DE2_program_bsp/\libhal_bsp.a(alt_irq_entry.o)
 .data          0x01009b84        0x0 ../Mod2_DE2_program_bsp/\libhal_bsp.a(alt_irq_handler.o)
 .data          0x01009b84        0x0 ../Mod2_DE2_program_bsp/\libhal_bsp.a(alt_tick.o)
 .data          0x01009b84        0x0 ../Mod2_DE2_program_bsp/\libhal_bsp.a(altera_nios2_qsys_irq.o)
 .data          0x01009b84        0x0 ../Mod2_DE2_program_bsp/\libhal_bsp.a(alt_exception_entry.o)
 .data          0x01009b84        0x0 c:/altera/13.0sp1/nios2eds/bin/gnu/h-i686-mingw32/bin/../lib/gcc/nios2-elf/4.1.2/../../../../nios2-elf/lib/mno-hw-mul\libc.a(lib_a-atexit.o)
 .data          0x01009b84        0x0 c:/altera/13.0sp1/nios2eds/bin/gnu/h-i686-mingw32/bin/../lib/gcc/nios2-elf/4.1.2/../../../../nios2-elf/lib/mno-hw-mul\libc.a(lib_a-exit.o)
 .data          0x01009b84        0x0 c:/altera/13.0sp1/nios2eds/bin/gnu/h-i686-mingw32/bin/../lib/gcc/nios2-elf/4.1.2/../../../../nios2-elf/lib/mno-hw-mul\libc.a(lib_a-memcmp.o)
 .data          0x01009b84        0x0 c:/altera/13.0sp1/nios2eds/bin/gnu/h-i686-mingw32/bin/../lib/gcc/nios2-elf/4.1.2/../../../../nios2-elf/lib/mno-hw-mul\libc.a(lib_a-putc.o)
 .data          0x01009b84        0x0 c:/altera/13.0sp1/nios2eds/bin/gnu/h-i686-mingw32/bin/../lib/gcc/nios2-elf/4.1.2/../../../../nios2-elf/lib/mno-hw-mul\libc.a(lib_a-wbuf.o)
 .data          0x01009b84        0x0 c:/altera/13.0sp1/nios2eds/bin/gnu/h-i686-mingw32/bin/../lib/gcc/nios2-elf/4.1.2/../../../../nios2-elf/lib/mno-hw-mul\libc.a(lib_a-__atexit.o)
 .data          0x01009b84        0x0 c:/altera/13.0sp1/nios2eds/bin/gnu/h-i686-mingw32/bin/../lib/gcc/nios2-elf/4.1.2/../../../../nios2-elf/lib/mno-hw-mul\libc.a(lib_a-__call_atexit.o)
 .data          0x01009b84        0x0 ../Mod2_DE2_program_bsp/\libhal_bsp.a(alt_exit.o)
                0x01011b84                _gp = ABSOLUTE ((. + 0x8000))
                0x01011b84                PROVIDE (gp, _gp)
 *(.rwdata .rwdata.*)
 *(.sdata .sdata.* .gnu.linkonce.s.*)
 .sdata         0x01009b84        0x8 obj/default/Mod2_DE2_program.o
                0x01009b84                isComplete
                0x01009b88                amp
 .sdata         0x01009b8c        0x8 c:/altera/13.0sp1/nios2eds/bin/gnu/h-i686-mingw32/bin/../lib/gcc/nios2-elf/4.1.2/../../../../nios2-elf/lib/mno-hw-mul\libc.a(lib_a-impure.o)
                0x01009b8c                _impure_ptr
                0x01009b90                _global_impure_ptr
 .sdata         0x01009b94        0x8 c:/altera/13.0sp1/nios2eds/bin/gnu/h-i686-mingw32/bin/../lib/gcc/nios2-elf/4.1.2/../../../../nios2-elf/lib/mno-hw-mul\libc.a(lib_a-mallocr.o)
                0x01009b94                __malloc_trim_threshold
                0x01009b98                __malloc_sbrk_base
 .sdata         0x01009b9c       0x14 ../Mod2_DE2_program_bsp/\libhal_bsp.a(alt_dev.o)
                0x01009b9c                alt_fs_list
                0x01009ba4                alt_dev_list
                0x01009bac                alt_max_fd
 .sdata         0x01009bb0        0x4 ../Mod2_DE2_program_bsp/\libhal_bsp.a(alt_errno.o)
                0x01009bb0                alt_errno
 .sdata         0x01009bb4        0x4 ../Mod2_DE2_program_bsp/\libhal_bsp.a(alt_irq_vars.o)
                0x01009bb4                alt_priority_mask
 .sdata         0x01009bb8        0x4 ../Mod2_DE2_program_bsp/\libhal_bsp.a(alt_sbrk.o)
 .sdata         0x01009bbc        0x8 ../Mod2_DE2_program_bsp/\libhal_bsp.a(alt_tick.o)
                0x01009bbc                alt_alarm_list
 *(.sdata2 .sdata2.* .gnu.linkonce.s2.*)
                0x01009bc4                . = ALIGN (0x4)
                0x01009bc4                _edata = ABSOLUTE (.)
                0x01009bc4                PROVIDE (edata, ABSOLUTE (.))
                0x01009bc4                PROVIDE (__ram_rwdata_end, ABSOLUTE (.))
                0x01009bc4                PROVIDE (__flash_rwdata_start, LOADADDR (.rwdata))

.bss            0x0100b790      0x3f4
                0x0100b790                __bss_start = ABSOLUTE (.)
                0x0100b790                PROVIDE (__sbss_start, ABSOLUTE (.))
                0x0100b790                PROVIDE (___sbss_start, ABSOLUTE (.))
 *(.dynsbss)
 *(.sbss .sbss.* .gnu.linkonce.sb.*)
 .sbss          0x0100b790        0x8 obj/default/Mod2_DE2_program.o
                0x0100b790                val
                0x0100b794                ans
 .sbss          0x0100b798        0xc obj/default/Mod2_DE2_program.o
                0x0100b798                audio_dev
                0x0100b79c                char_lcd_dev
                0x0100b7a0                global_count
 .sbss          0x0100b7a4        0xc c:/altera/13.0sp1/nios2eds/bin/gnu/h-i686-mingw32/bin/../lib/gcc/nios2-elf/4.1.2/../../../../nios2-elf/lib/mno-hw-mul\libc.a(lib_a-mallocr.o)
                0x0100b7a4                __malloc_top_pad
                0x0100b7a8                __malloc_max_sbrked_mem
                0x0100b7ac                __malloc_max_total_mem
 .sbss          0x0100b7b0        0x4 c:/altera/13.0sp1/nios2eds/bin/gnu/h-i686-mingw32/bin/../lib/gcc/nios2-elf/4.1.2/../../../../nios2-elf/lib/mno-hw-mul\libc.a(lib_a-int_errno.o)
                0x0100b7b0                errno
 .sbss          0x0100b7b4        0x4 ../Mod2_DE2_program_bsp/\libhal_bsp.a(alt_irq_vars.o)
                0x0100b7b4                alt_irq_active
 .sbss          0x0100b7b8        0xc ../Mod2_DE2_program_bsp/\libhal_bsp.a(alt_main.o)
                0x0100b7b8                alt_argc
                0x0100b7bc                alt_argv
                0x0100b7c0                alt_envp
 .sbss          0x0100b7c4        0x8 ../Mod2_DE2_program_bsp/\libhal_bsp.a(alt_tick.o)
                0x0100b7c4                _alt_tick_rate
                0x0100b7c8                _alt_nticks
 *(.sbss2 .sbss2.* .gnu.linkonce.sb2.*)
 *(.scommon)
                0x0100b7cc                PROVIDE (__sbss_end, ABSOLUTE (.))
                0x0100b7cc                PROVIDE (___sbss_end, ABSOLUTE (.))
 *(.dynbss)
 *(.bss .bss.* .gnu.linkonce.b.*)
 .bss           0x0100b7cc        0x0 ../Mod2_DE2_program_bsp//obj/HAL/src/crt0.o
 .bss           0x0100b7cc        0x0 obj/default/Mod2_DE2_program.o
 .bss           0x0100b7cc        0x0 c:/altera/13.0sp1/nios2eds/bin/gnu/h-i686-mingw32/bin/../lib/gcc/nios2-elf/4.1.2/../../../../nios2-elf/lib/mno-hw-mul\libc.a(lib_a-puts.o)
 .bss           0x0100b7cc        0x0 c:/altera/13.0sp1/nios2eds/bin/gnu/h-i686-mingw32/bin/../lib/gcc/nios2-elf/4.1.2/../../../../nios2-elf/lib/mno-hw-mul\libc.a(lib_a-strlen.o)
 .bss           0x0100b7cc        0x0 c:/altera/13.0sp1/nios2eds/bin/gnu/h-i686-mingw32/bin/../lib/gcc/nios2-elf/4.1.2/../../../../nios2-elf/lib/mno-hw-mul\libc.a(lib_a-fvwrite.o)
 .bss           0x0100b7cc        0x0 c:/altera/13.0sp1/nios2eds/bin/gnu/h-i686-mingw32/bin/../lib/gcc/nios2-elf/4.1.2/../../../../nios2-elf/lib/mno-hw-mul\libc.a(lib_a-impure.o)
 .bss           0x0100b7cc       0x28 c:/altera/13.0sp1/nios2eds/bin/gnu/h-i686-mingw32/bin/../lib/gcc/nios2-elf/4.1.2/../../../../nios2-elf/lib/mno-hw-mul\libc.a(lib_a-mallocr.o)
                0x0100b7cc                __malloc_current_mallinfo
 .bss           0x0100b7f4        0x0 c:/altera/13.0sp1/nios2eds/bin/gnu/h-i686-mingw32/bin/../lib/gcc/nios2-elf/4.1.2/../../../../nios2-elf/lib/mno-hw-mul\libc.a(lib_a-memchr.o)
 .bss           0x0100b7f4        0x0 c:/altera/13.0sp1/nios2eds/bin/gnu/h-i686-mingw32/bin/../lib/gcc/nios2-elf/4.1.2/../../../../nios2-elf/lib/mno-hw-mul\libc.a(lib_a-memcpy.o)
 .bss           0x0100b7f4        0x0 c:/altera/13.0sp1/nios2eds/bin/gnu/h-i686-mingw32/bin/../lib/gcc/nios2-elf/4.1.2/../../../../nios2-elf/lib/mno-hw-mul\libc.a(lib_a-memmove.o)
 .bss           0x0100b7f4        0x0 c:/altera/13.0sp1/nios2eds/bin/gnu/h-i686-mingw32/bin/../lib/gcc/nios2-elf/4.1.2/../../../../nios2-elf/lib/mno-hw-mul\libc.a(lib_a-reallocr.o)
 .bss           0x0100b7f4        0x0 c:/altera/13.0sp1/nios2eds/bin/gnu/h-i686-mingw32/bin/../lib/gcc/nios2-elf/4.1.2/../../../../nios2-elf/lib/mno-hw-mul\libc.a(lib_a-sbrkr.o)
 .bss           0x0100b7f4        0x0 c:/altera/13.0sp1/nios2eds/bin/gnu/h-i686-mingw32/bin/../lib/gcc/nios2-elf/4.1.2/../../../../nios2-elf/lib/mno-hw-mul\libc.a(lib_a-wsetup.o)
 .bss           0x0100b7f4        0x0 c:/altera/13.0sp1/nios2eds/bin/gnu/h-i686-mingw32/bin/../lib/gcc/nios2-elf/4.1.2/../../../../nios2-elf/lib/mno-hw-mul\libc.a(lib_a-fflush.o)
 .bss           0x0100b7f4        0x0 c:/altera/13.0sp1/nios2eds/bin/gnu/h-i686-mingw32/bin/../lib/gcc/nios2-elf/4.1.2/../../../../nios2-elf/lib/mno-hw-mul\libc.a(lib_a-findfp.o)
 .bss           0x0100b7f4        0x0 c:/altera/13.0sp1/nios2eds/bin/gnu/h-i686-mingw32/bin/../lib/gcc/nios2-elf/4.1.2/../../../../nios2-elf/lib/mno-hw-mul\libc.a(lib_a-freer.o)
 .bss           0x0100b7f4        0x0 c:/altera/13.0sp1/nios2eds/bin/gnu/h-i686-mingw32/bin/../lib/gcc/nios2-elf/4.1.2/../../../../nios2-elf/lib/mno-hw-mul\libc.a(lib_a-fwalk.o)
 .bss           0x0100b7f4        0x0 c:/altera/13.0sp1/nios2eds/bin/gnu/h-i686-mingw32/bin/../lib/gcc/nios2-elf/4.1.2/../../../../nios2-elf/lib/mno-hw-mul\libc.a(lib_a-int_errno.o)
 .bss           0x0100b7f4        0x0 c:/altera/13.0sp1/nios2eds/bin/gnu/h-i686-mingw32/bin/../lib/gcc/nios2-elf/4.1.2/../../../../nios2-elf/lib/mno-hw-mul\libc.a(lib_a-makebuf.o)
 .bss           0x0100b7f4        0x0 c:/altera/13.0sp1/nios2eds/bin/gnu/h-i686-mingw32/bin/../lib/gcc/nios2-elf/4.1.2/../../../../nios2-elf/lib/mno-hw-mul\libc.a(lib_a-memset.o)
 .bss           0x0100b7f4        0x0 c:/altera/13.0sp1/nios2eds/bin/gnu/h-i686-mingw32/bin/../lib/gcc/nios2-elf/4.1.2/../../../../nios2-elf/lib/mno-hw-mul\libc.a(lib_a-stdio.o)
 .bss           0x0100b7f4        0x0 c:/altera/13.0sp1/nios2eds/bin/gnu/h-i686-mingw32/bin/../lib/gcc/nios2-elf/4.1.2/../../../../nios2-elf/lib/mno-hw-mul\libc.a(lib_a-writer.o)
 .bss           0x0100b7f4        0x0 c:/altera/13.0sp1/nios2eds/bin/gnu/h-i686-mingw32/bin/../lib/gcc/nios2-elf/4.1.2/../../../../nios2-elf/lib/mno-hw-mul\libc.a(lib_a-closer.o)
 .bss           0x0100b7f4        0x0 c:/altera/13.0sp1/nios2eds/bin/gnu/h-i686-mingw32/bin/../lib/gcc/nios2-elf/4.1.2/../../../../nios2-elf/lib/mno-hw-mul\libc.a(lib_a-fclose.o)
 .bss           0x0100b7f4        0x0 c:/altera/13.0sp1/nios2eds/bin/gnu/h-i686-mingw32/bin/../lib/gcc/nios2-elf/4.1.2/../../../../nios2-elf/lib/mno-hw-mul\libc.a(lib_a-fstatr.o)
 .bss           0x0100b7f4        0x0 c:/altera/13.0sp1/nios2eds/bin/gnu/h-i686-mingw32/bin/../lib/gcc/nios2-elf/4.1.2/../../../../nios2-elf/lib/mno-hw-mul\libc.a(lib_a-isattyr.o)
 .bss           0x0100b7f4        0x0 c:/altera/13.0sp1/nios2eds/bin/gnu/h-i686-mingw32/bin/../lib/gcc/nios2-elf/4.1.2/../../../../nios2-elf/lib/mno-hw-mul\libc.a(lib_a-lseekr.o)
 .bss           0x0100b7f4        0x0 c:/altera/13.0sp1/nios2eds/bin/gnu/h-i686-mingw32/bin/../lib/gcc/nios2-elf/4.1.2/../../../../nios2-elf/lib/mno-hw-mul\libc.a(lib_a-readr.o)
 .bss           0x0100b7f4        0x0 c:/altera/13.0sp1/nios2eds/bin/gnu/h-i686-mingw32/bin/../lib/gcc/nios2-elf/4.1.2/mno-hw-mul\libgcc.a(lib2-mul.o)
 .bss           0x0100b7f4        0x0 ../Mod2_DE2_program_bsp/\libhal_bsp.a(alt_close.o)
 .bss           0x0100b7f4        0x0 ../Mod2_DE2_program_bsp/\libhal_bsp.a(alt_dev.o)
 .bss           0x0100b7f4        0x0 ../Mod2_DE2_program_bsp/\libhal_bsp.a(alt_errno.o)
 .bss           0x0100b7f4        0x0 ../Mod2_DE2_program_bsp/\libhal_bsp.a(alt_fstat.o)
 .bss           0x0100b7f4        0x0 ../Mod2_DE2_program_bsp/\libhal_bsp.a(alt_irq_register.o)
 .bss           0x0100b7f4        0x0 ../Mod2_DE2_program_bsp/\libhal_bsp.a(alt_irq_vars.o)
 .bss           0x0100b7f4        0x0 ../Mod2_DE2_program_bsp/\libhal_bsp.a(alt_isatty.o)
 .bss           0x0100b7f4        0x0 ../Mod2_DE2_program_bsp/\libhal_bsp.a(alt_load.o)
 .bss           0x0100b7f4        0x0 ../Mod2_DE2_program_bsp/\libhal_bsp.a(alt_lseek.o)
 .bss           0x0100b7f4        0x0 ../Mod2_DE2_program_bsp/\libhal_bsp.a(alt_main.o)
 .bss           0x0100b7f4        0x0 ../Mod2_DE2_program_bsp/\libhal_bsp.a(alt_malloc_lock.o)
 .bss           0x0100b7f4        0x0 ../Mod2_DE2_program_bsp/\libhal_bsp.a(alt_open.o)
 .bss           0x0100b7f4        0x0 ../Mod2_DE2_program_bsp/\libhal_bsp.a(alt_printf.o)
 .bss           0x0100b7f4        0x0 ../Mod2_DE2_program_bsp/\libhal_bsp.a(alt_putchar.o)
 .bss           0x0100b7f4        0x0 ../Mod2_DE2_program_bsp/\libhal_bsp.a(alt_read.o)
 .bss           0x0100b7f4        0x0 ../Mod2_DE2_program_bsp/\libhal_bsp.a(alt_release_fd.o)
 .bss           0x0100b7f4        0x0 ../Mod2_DE2_program_bsp/\libhal_bsp.a(alt_sbrk.o)
 .bss           0x0100b7f4        0x0 ../Mod2_DE2_program_bsp/\libhal_bsp.a(alt_write.o)
 .bss           0x0100b7f4        0x0 ../Mod2_DE2_program_bsp/\libhal_bsp.a(alt_sys_init.o)
 .bss           0x0100b7f4        0x0 ../Mod2_DE2_program_bsp/\libhal_bsp.a(altera_avalon_jtag_uart_fd.o)
 .bss           0x0100b7f4        0x0 ../Mod2_DE2_program_bsp/\libhal_bsp.a(altera_avalon_jtag_uart_init.o)
 .bss           0x0100b7f4        0x0 ../Mod2_DE2_program_bsp/\libhal_bsp.a(altera_avalon_jtag_uart_ioctl.o)
 .bss           0x0100b7f4        0x0 ../Mod2_DE2_program_bsp/\libhal_bsp.a(altera_avalon_jtag_uart_read.o)
 .bss           0x0100b7f4        0x0 ../Mod2_DE2_program_bsp/\libhal_bsp.a(altera_avalon_jtag_uart_write.o)
 .bss           0x0100b7f4        0x0 ../Mod2_DE2_program_bsp/\libhal_bsp.a(altera_avalon_timer_sc.o)
 .bss           0x0100b7f4        0x0 ../Mod2_DE2_program_bsp/\libhal_bsp.a(altera_avalon_uart_fd.o)
 .bss           0x0100b7f4        0x0 ../Mod2_DE2_program_bsp/\libhal_bsp.a(altera_avalon_uart_init.o)
 .bss           0x0100b7f4        0x0 ../Mod2_DE2_program_bsp/\libhal_bsp.a(altera_avalon_uart_read.o)
 .bss           0x0100b7f4        0x0 ../Mod2_DE2_program_bsp/\libhal_bsp.a(altera_avalon_uart_write.o)
 .bss           0x0100b7f4        0x0 ../Mod2_DE2_program_bsp/\libhal_bsp.a(altera_up_avalon_audio.o)
 .bss           0x0100b7f4        0x0 ../Mod2_DE2_program_bsp/\libhal_bsp.a(altera_up_avalon_audio_and_video_config.o)
 .bss           0x0100b7f4        0x0 ../Mod2_DE2_program_bsp/\libhal_bsp.a(altera_up_avalon_character_lcd.o)
 .bss           0x0100b7f4        0x0 ../Mod2_DE2_program_bsp/\libhal_bsp.a(alt_alarm_start.o)
 .bss           0x0100b7f4        0x0 ../Mod2_DE2_program_bsp/\libhal_bsp.a(alt_dcache_flush_all.o)
 .bss           0x0100b7f4        0x0 ../Mod2_DE2_program_bsp/\libhal_bsp.a(alt_dev_llist_insert.o)
 .bss           0x0100b7f4        0x0 ../Mod2_DE2_program_bsp/\libhal_bsp.a(alt_do_ctors.o)
 .bss           0x0100b7f4        0x0 ../Mod2_DE2_program_bsp/\libhal_bsp.a(alt_do_dtors.o)
 .bss           0x0100b7f4        0x0 ../Mod2_DE2_program_bsp/\libhal_bsp.a(alt_find_dev.o)
 .bss           0x0100b7f4        0x0 ../Mod2_DE2_program_bsp/\libhal_bsp.a(alt_find_file.o)
 .bss           0x0100b7f4        0x0 ../Mod2_DE2_program_bsp/\libhal_bsp.a(alt_get_fd.o)
 .bss           0x0100b7f4        0x0 ../Mod2_DE2_program_bsp/\libhal_bsp.a(alt_icache_flush_all.o)
 .bss           0x0100b7f4        0x0 ../Mod2_DE2_program_bsp/\libhal_bsp.a(alt_io_redirect.o)
 .bss           0x0100b7f4        0x0 ../Mod2_DE2_program_bsp/\libhal_bsp.a(alt_irq_entry.o)
 .bss           0x0100b7f4        0x0 ../Mod2_DE2_program_bsp/\libhal_bsp.a(alt_irq_handler.o)
 .bss           0x0100b7f4        0x0 ../Mod2_DE2_program_bsp/\libhal_bsp.a(alt_tick.o)
 .bss           0x0100b7f4        0x0 ../Mod2_DE2_program_bsp/\libhal_bsp.a(altera_nios2_qsys_irq.o)
 .bss           0x0100b7f4        0x0 ../Mod2_DE2_program_bsp/\libhal_bsp.a(alt_exception_entry.o)
 .bss           0x0100b7f4        0x0 c:/altera/13.0sp1/nios2eds/bin/gnu/h-i686-mingw32/bin/../lib/gcc/nios2-elf/4.1.2/../../../../nios2-elf/lib/mno-hw-mul\libc.a(lib_a-atexit.o)
 .bss           0x0100b7f4        0x0 c:/altera/13.0sp1/nios2eds/bin/gnu/h-i686-mingw32/bin/../lib/gcc/nios2-elf/4.1.2/../../../../nios2-elf/lib/mno-hw-mul\libc.a(lib_a-exit.o)
 .bss           0x0100b7f4        0x0 c:/altera/13.0sp1/nios2eds/bin/gnu/h-i686-mingw32/bin/../lib/gcc/nios2-elf/4.1.2/../../../../nios2-elf/lib/mno-hw-mul\libc.a(lib_a-memcmp.o)
 .bss           0x0100b7f4        0x0 c:/altera/13.0sp1/nios2eds/bin/gnu/h-i686-mingw32/bin/../lib/gcc/nios2-elf/4.1.2/../../../../nios2-elf/lib/mno-hw-mul\libc.a(lib_a-putc.o)
 .bss           0x0100b7f4        0x0 c:/altera/13.0sp1/nios2eds/bin/gnu/h-i686-mingw32/bin/../lib/gcc/nios2-elf/4.1.2/../../../../nios2-elf/lib/mno-hw-mul\libc.a(lib_a-wbuf.o)
 .bss           0x0100b7f4        0x0 c:/altera/13.0sp1/nios2eds/bin/gnu/h-i686-mingw32/bin/../lib/gcc/nios2-elf/4.1.2/../../../../nios2-elf/lib/mno-hw-mul\libc.a(lib_a-__atexit.o)
 .bss           0x0100b7f4        0x0 c:/altera/13.0sp1/nios2eds/bin/gnu/h-i686-mingw32/bin/../lib/gcc/nios2-elf/4.1.2/../../../../nios2-elf/lib/mno-hw-mul\libc.a(lib_a-__call_atexit.o)
 .bss           0x0100b7f4        0x0 ../Mod2_DE2_program_bsp/\libhal_bsp.a(alt_exit.o)
 *(COMMON)
 COMMON         0x0100b7f4      0x100 obj/default/Mod2_DE2_program.o
                0x0100b7f4                audio_buf
 COMMON         0x0100b8f4      0x100 ../Mod2_DE2_program_bsp/\libhal_bsp.a(alt_irq_handler.o)
                0x0100b8f4                alt_irq
 COMMON         0x0100b9f4      0x190 c:/altera/13.0sp1/nios2eds/bin/gnu/h-i686-mingw32/bin/../lib/gcc/nios2-elf/4.1.2/../../../../nios2-elf/lib/mno-hw-mul\libc.a(lib_a-atexit.o)
                0x0100b9f4                _atexit0
                0x0100bb84                . = ALIGN (0x4)
                0x0100bb84                __bss_end = ABSOLUTE (.)

.onchip_memory2_0
                0x00000000        0x0 load address 0x0100bb84
                0x00000000                PROVIDE (_alt_partition_onchip_memory2_0_start, ABSOLUTE (.))
 *(.onchip_memory2_0. onchip_memory2_0.*)
                0x00000000                . = ALIGN (0x4)
                0x00000000                PROVIDE (_alt_partition_onchip_memory2_0_end, ABSOLUTE (.))
                0x0100bb84                PROVIDE (_alt_partition_onchip_memory2_0_load_addr, LOADADDR (.onchip_memory2_0))

.sdram          0x0100bb84        0x0
                0x0100bb84                PROVIDE (_alt_partition_sdram_start, ABSOLUTE (.))
 *(.sdram. sdram.*)
                0x0100bb84                . = ALIGN (0x4)
                0x0100bb84                PROVIDE (_alt_partition_sdram_end, ABSOLUTE (.))
                0x0100bb84                _end = ABSOLUTE (.)
                0x0100bb84                end = ABSOLUTE (.)
                0x0100bb84                __alt_stack_base = ABSOLUTE (.)
                0x0100bb84                PROVIDE (_alt_partition_sdram_load_addr, LOADADDR (.sdram))

.stab
 *(.stab)

.stabstr
 *(.stabstr)

.stab.excl
 *(.stab.excl)

.stab.exclstr
 *(.stab.exclstr)

.stab.index
 *(.stab.index)

.stab.indexstr
 *(.stab.indexstr)

.comment        0x00000000       0x26
 *(.comment)
 .comment       0x00000000       0x26 obj/default/Mod2_DE2_program.o
                                 0x27 (size before relaxing)
 .comment       0x00000000       0x27 c:/altera/13.0sp1/nios2eds/bin/gnu/h-i686-mingw32/bin/../lib/gcc/nios2-elf/4.1.2/../../../../nios2-elf/lib/mno-hw-mul\libc.a(lib_a-puts.o)
 .comment       0x00000000       0x27 c:/altera/13.0sp1/nios2eds/bin/gnu/h-i686-mingw32/bin/../lib/gcc/nios2-elf/4.1.2/../../../../nios2-elf/lib/mno-hw-mul\libc.a(lib_a-strlen.o)
 .comment       0x00000000       0x27 c:/altera/13.0sp1/nios2eds/bin/gnu/h-i686-mingw32/bin/../lib/gcc/nios2-elf/4.1.2/../../../../nios2-elf/lib/mno-hw-mul\libc.a(lib_a-fvwrite.o)
 .comment       0x00000000       0x27 c:/altera/13.0sp1/nios2eds/bin/gnu/h-i686-mingw32/bin/../lib/gcc/nios2-elf/4.1.2/../../../../nios2-elf/lib/mno-hw-mul\libc.a(lib_a-impure.o)
 .comment       0x00000000       0x27 c:/altera/13.0sp1/nios2eds/bin/gnu/h-i686-mingw32/bin/../lib/gcc/nios2-elf/4.1.2/../../../../nios2-elf/lib/mno-hw-mul\libc.a(lib_a-mallocr.o)
 .comment       0x00000000       0x27 c:/altera/13.0sp1/nios2eds/bin/gnu/h-i686-mingw32/bin/../lib/gcc/nios2-elf/4.1.2/../../../../nios2-elf/lib/mno-hw-mul\libc.a(lib_a-memchr.o)
 .comment       0x00000000       0x27 c:/altera/13.0sp1/nios2eds/bin/gnu/h-i686-mingw32/bin/../lib/gcc/nios2-elf/4.1.2/../../../../nios2-elf/lib/mno-hw-mul\libc.a(lib_a-memcpy.o)
 .comment       0x00000000       0x27 c:/altera/13.0sp1/nios2eds/bin/gnu/h-i686-mingw32/bin/../lib/gcc/nios2-elf/4.1.2/../../../../nios2-elf/lib/mno-hw-mul\libc.a(lib_a-memmove.o)
 .comment       0x00000000       0x27 c:/altera/13.0sp1/nios2eds/bin/gnu/h-i686-mingw32/bin/../lib/gcc/nios2-elf/4.1.2/../../../../nios2-elf/lib/mno-hw-mul\libc.a(lib_a-reallocr.o)
 .comment       0x00000000       0x27 c:/altera/13.0sp1/nios2eds/bin/gnu/h-i686-mingw32/bin/../lib/gcc/nios2-elf/4.1.2/../../../../nios2-elf/lib/mno-hw-mul\libc.a(lib_a-sbrkr.o)
 .comment       0x00000000       0x27 c:/altera/13.0sp1/nios2eds/bin/gnu/h-i686-mingw32/bin/../lib/gcc/nios2-elf/4.1.2/../../../../nios2-elf/lib/mno-hw-mul\libc.a(lib_a-wsetup.o)
 .comment       0x00000000       0x27 c:/altera/13.0sp1/nios2eds/bin/gnu/h-i686-mingw32/bin/../lib/gcc/nios2-elf/4.1.2/../../../../nios2-elf/lib/mno-hw-mul\libc.a(lib_a-fflush.o)
 .comment       0x00000000       0x27 c:/altera/13.0sp1/nios2eds/bin/gnu/h-i686-mingw32/bin/../lib/gcc/nios2-elf/4.1.2/../../../../nios2-elf/lib/mno-hw-mul\libc.a(lib_a-findfp.o)
 .comment       0x00000000       0x27 c:/altera/13.0sp1/nios2eds/bin/gnu/h-i686-mingw32/bin/../lib/gcc/nios2-elf/4.1.2/../../../../nios2-elf/lib/mno-hw-mul\libc.a(lib_a-freer.o)
 .comment       0x00000000       0x27 c:/altera/13.0sp1/nios2eds/bin/gnu/h-i686-mingw32/bin/../lib/gcc/nios2-elf/4.1.2/../../../../nios2-elf/lib/mno-hw-mul\libc.a(lib_a-fwalk.o)
 .comment       0x00000000       0x27 c:/altera/13.0sp1/nios2eds/bin/gnu/h-i686-mingw32/bin/../lib/gcc/nios2-elf/4.1.2/../../../../nios2-elf/lib/mno-hw-mul\libc.a(lib_a-int_errno.o)
 .comment       0x00000000       0x27 c:/altera/13.0sp1/nios2eds/bin/gnu/h-i686-mingw32/bin/../lib/gcc/nios2-elf/4.1.2/../../../../nios2-elf/lib/mno-hw-mul\libc.a(lib_a-makebuf.o)
 .comment       0x00000000       0x27 c:/altera/13.0sp1/nios2eds/bin/gnu/h-i686-mingw32/bin/../lib/gcc/nios2-elf/4.1.2/../../../../nios2-elf/lib/mno-hw-mul\libc.a(lib_a-memset.o)
 .comment       0x00000000       0x27 c:/altera/13.0sp1/nios2eds/bin/gnu/h-i686-mingw32/bin/../lib/gcc/nios2-elf/4.1.2/../../../../nios2-elf/lib/mno-hw-mul\libc.a(lib_a-stdio.o)
 .comment       0x00000000       0x27 c:/altera/13.0sp1/nios2eds/bin/gnu/h-i686-mingw32/bin/../lib/gcc/nios2-elf/4.1.2/../../../../nios2-elf/lib/mno-hw-mul\libc.a(lib_a-writer.o)
 .comment       0x00000000       0x27 c:/altera/13.0sp1/nios2eds/bin/gnu/h-i686-mingw32/bin/../lib/gcc/nios2-elf/4.1.2/../../../../nios2-elf/lib/mno-hw-mul\libc.a(lib_a-closer.o)
 .comment       0x00000000       0x27 c:/altera/13.0sp1/nios2eds/bin/gnu/h-i686-mingw32/bin/../lib/gcc/nios2-elf/4.1.2/../../../../nios2-elf/lib/mno-hw-mul\libc.a(lib_a-fclose.o)
 .comment       0x00000000       0x27 c:/altera/13.0sp1/nios2eds/bin/gnu/h-i686-mingw32/bin/../lib/gcc/nios2-elf/4.1.2/../../../../nios2-elf/lib/mno-hw-mul\libc.a(lib_a-fstatr.o)
 .comment       0x00000000       0x27 c:/altera/13.0sp1/nios2eds/bin/gnu/h-i686-mingw32/bin/../lib/gcc/nios2-elf/4.1.2/../../../../nios2-elf/lib/mno-hw-mul\libc.a(lib_a-isattyr.o)
 .comment       0x00000000       0x27 c:/altera/13.0sp1/nios2eds/bin/gnu/h-i686-mingw32/bin/../lib/gcc/nios2-elf/4.1.2/../../../../nios2-elf/lib/mno-hw-mul\libc.a(lib_a-lseekr.o)
 .comment       0x00000000       0x27 c:/altera/13.0sp1/nios2eds/bin/gnu/h-i686-mingw32/bin/../lib/gcc/nios2-elf/4.1.2/../../../../nios2-elf/lib/mno-hw-mul\libc.a(lib_a-readr.o)
 .comment       0x00000000       0x27 c:/altera/13.0sp1/nios2eds/bin/gnu/h-i686-mingw32/bin/../lib/gcc/nios2-elf/4.1.2/mno-hw-mul\libgcc.a(lib2-mul.o)
 .comment       0x00000000       0x27 ../Mod2_DE2_program_bsp/\libhal_bsp.a(alt_close.o)
 .comment       0x00000000       0x27 ../Mod2_DE2_program_bsp/\libhal_bsp.a(alt_dev.o)
 .comment       0x00000000       0x27 ../Mod2_DE2_program_bsp/\libhal_bsp.a(alt_errno.o)
 .comment       0x00000000       0x27 ../Mod2_DE2_program_bsp/\libhal_bsp.a(alt_fstat.o)
 .comment       0x00000000       0x27 ../Mod2_DE2_program_bsp/\libhal_bsp.a(alt_irq_register.o)
 .comment       0x00000000       0x27 ../Mod2_DE2_program_bsp/\libhal_bsp.a(alt_irq_vars.o)
 .comment       0x00000000       0x27 ../Mod2_DE2_program_bsp/\libhal_bsp.a(alt_isatty.o)
 .comment       0x00000000       0x27 ../Mod2_DE2_program_bsp/\libhal_bsp.a(alt_load.o)
 .comment       0x00000000       0x27 ../Mod2_DE2_program_bsp/\libhal_bsp.a(alt_lseek.o)
 .comment       0x00000000       0x27 ../Mod2_DE2_program_bsp/\libhal_bsp.a(alt_main.o)
 .comment       0x00000000       0x27 ../Mod2_DE2_program_bsp/\libhal_bsp.a(alt_malloc_lock.o)
 .comment       0x00000000       0x27 ../Mod2_DE2_program_bsp/\libhal_bsp.a(alt_open.o)
 .comment       0x00000000       0x27 ../Mod2_DE2_program_bsp/\libhal_bsp.a(alt_printf.o)
 .comment       0x00000000       0x27 ../Mod2_DE2_program_bsp/\libhal_bsp.a(alt_putchar.o)
 .comment       0x00000000       0x27 ../Mod2_DE2_program_bsp/\libhal_bsp.a(alt_read.o)
 .comment       0x00000000       0x27 ../Mod2_DE2_program_bsp/\libhal_bsp.a(alt_release_fd.o)
 .comment       0x00000000       0x27 ../Mod2_DE2_program_bsp/\libhal_bsp.a(alt_sbrk.o)
 .comment       0x00000000       0x27 ../Mod2_DE2_program_bsp/\libhal_bsp.a(alt_write.o)
 .comment       0x00000000       0x27 ../Mod2_DE2_program_bsp/\libhal_bsp.a(alt_sys_init.o)
 .comment       0x00000000       0x27 ../Mod2_DE2_program_bsp/\libhal_bsp.a(altera_avalon_jtag_uart_fd.o)
 .comment       0x00000000       0x27 ../Mod2_DE2_program_bsp/\libhal_bsp.a(altera_avalon_jtag_uart_init.o)
 .comment       0x00000000       0x27 ../Mod2_DE2_program_bsp/\libhal_bsp.a(altera_avalon_jtag_uart_ioctl.o)
 .comment       0x00000000       0x27 ../Mod2_DE2_program_bsp/\libhal_bsp.a(altera_avalon_jtag_uart_read.o)
 .comment       0x00000000       0x27 ../Mod2_DE2_program_bsp/\libhal_bsp.a(altera_avalon_jtag_uart_write.o)
 .comment       0x00000000       0x27 ../Mod2_DE2_program_bsp/\libhal_bsp.a(altera_avalon_timer_sc.o)
 .comment       0x00000000       0x27 ../Mod2_DE2_program_bsp/\libhal_bsp.a(altera_avalon_uart_fd.o)
 .comment       0x00000000       0x27 ../Mod2_DE2_program_bsp/\libhal_bsp.a(altera_avalon_uart_init.o)
 .comment       0x00000000       0x27 ../Mod2_DE2_program_bsp/\libhal_bsp.a(altera_avalon_uart_read.o)
 .comment       0x00000000       0x27 ../Mod2_DE2_program_bsp/\libhal_bsp.a(altera_avalon_uart_write.o)
 .comment       0x00000000       0x27 ../Mod2_DE2_program_bsp/\libhal_bsp.a(altera_up_avalon_audio.o)
 .comment       0x00000000       0x27 ../Mod2_DE2_program_bsp/\libhal_bsp.a(altera_up_avalon_audio_and_video_config.o)
 .comment       0x00000000       0x27 ../Mod2_DE2_program_bsp/\libhal_bsp.a(altera_up_avalon_character_lcd.o)
 .comment       0x00000000       0x27 ../Mod2_DE2_program_bsp/\libhal_bsp.a(alt_alarm_start.o)
 .comment       0x00000000       0x27 ../Mod2_DE2_program_bsp/\libhal_bsp.a(alt_dcache_flush_all.o)
 .comment       0x00000000       0x27 ../Mod2_DE2_program_bsp/\libhal_bsp.a(alt_dev_llist_insert.o)
 .comment       0x00000000       0x27 ../Mod2_DE2_program_bsp/\libhal_bsp.a(alt_do_ctors.o)
 .comment       0x00000000       0x27 ../Mod2_DE2_program_bsp/\libhal_bsp.a(alt_do_dtors.o)
 .comment       0x00000000       0x27 ../Mod2_DE2_program_bsp/\libhal_bsp.a(alt_find_dev.o)
 .comment       0x00000000       0x27 ../Mod2_DE2_program_bsp/\libhal_bsp.a(alt_find_file.o)
 .comment       0x00000000       0x27 ../Mod2_DE2_program_bsp/\libhal_bsp.a(alt_get_fd.o)
 .comment       0x00000000       0x27 ../Mod2_DE2_program_bsp/\libhal_bsp.a(alt_icache_flush_all.o)
 .comment       0x00000000       0x27 ../Mod2_DE2_program_bsp/\libhal_bsp.a(alt_io_redirect.o)
 .comment       0x00000000       0x27 ../Mod2_DE2_program_bsp/\libhal_bsp.a(alt_irq_handler.o)
 .comment       0x00000000       0x27 ../Mod2_DE2_program_bsp/\libhal_bsp.a(alt_tick.o)
 .comment       0x00000000       0x27 ../Mod2_DE2_program_bsp/\libhal_bsp.a(altera_nios2_qsys_irq.o)
 .comment       0x00000000       0x27 c:/altera/13.0sp1/nios2eds/bin/gnu/h-i686-mingw32/bin/../lib/gcc/nios2-elf/4.1.2/../../../../nios2-elf/lib/mno-hw-mul\libc.a(lib_a-atexit.o)
 .comment       0x00000000       0x27 c:/altera/13.0sp1/nios2eds/bin/gnu/h-i686-mingw32/bin/../lib/gcc/nios2-elf/4.1.2/../../../../nios2-elf/lib/mno-hw-mul\libc.a(lib_a-exit.o)
 .comment       0x00000000       0x27 c:/altera/13.0sp1/nios2eds/bin/gnu/h-i686-mingw32/bin/../lib/gcc/nios2-elf/4.1.2/../../../../nios2-elf/lib/mno-hw-mul\libc.a(lib_a-memcmp.o)
 .comment       0x00000000       0x27 c:/altera/13.0sp1/nios2eds/bin/gnu/h-i686-mingw32/bin/../lib/gcc/nios2-elf/4.1.2/../../../../nios2-elf/lib/mno-hw-mul\libc.a(lib_a-putc.o)
 .comment       0x00000000       0x27 c:/altera/13.0sp1/nios2eds/bin/gnu/h-i686-mingw32/bin/../lib/gcc/nios2-elf/4.1.2/../../../../nios2-elf/lib/mno-hw-mul\libc.a(lib_a-wbuf.o)
 .comment       0x00000000       0x27 c:/altera/13.0sp1/nios2eds/bin/gnu/h-i686-mingw32/bin/../lib/gcc/nios2-elf/4.1.2/../../../../nios2-elf/lib/mno-hw-mul\libc.a(lib_a-__atexit.o)
 .comment       0x00000000       0x27 c:/altera/13.0sp1/nios2eds/bin/gnu/h-i686-mingw32/bin/../lib/gcc/nios2-elf/4.1.2/../../../../nios2-elf/lib/mno-hw-mul\libc.a(lib_a-__call_atexit.o)
 .comment       0x00000000       0x27 ../Mod2_DE2_program_bsp/\libhal_bsp.a(alt_exit.o)

.debug
 *(.debug)

.line
 *(.line)

.debug_srcinfo
 *(.debug_srcinfo)

.debug_sfnames
 *(.debug_sfnames)

.debug_aranges  0x00000000      0xa38
 *(.debug_aranges)
 .debug_aranges
                0x00000000       0x28 ../Mod2_DE2_program_bsp//obj/HAL/src/crt0.o
 .debug_aranges
                0x00000028       0x20 obj/default/Mod2_DE2_program.o
 .debug_aranges
                0x00000048       0x20 c:/altera/13.0sp1/nios2eds/bin/gnu/h-i686-mingw32/bin/../lib/gcc/nios2-elf/4.1.2/../../../../nios2-elf/lib/mno-hw-mul\libc.a(lib_a-puts.o)
 .debug_aranges
                0x00000068       0x20 c:/altera/13.0sp1/nios2eds/bin/gnu/h-i686-mingw32/bin/../lib/gcc/nios2-elf/4.1.2/../../../../nios2-elf/lib/mno-hw-mul\libc.a(lib_a-strlen.o)
 .debug_aranges
                0x00000088       0x20 c:/altera/13.0sp1/nios2eds/bin/gnu/h-i686-mingw32/bin/../lib/gcc/nios2-elf/4.1.2/../../../../nios2-elf/lib/mno-hw-mul\libc.a(lib_a-fvwrite.o)
 .debug_aranges
                0x000000a8       0x20 c:/altera/13.0sp1/nios2eds/bin/gnu/h-i686-mingw32/bin/../lib/gcc/nios2-elf/4.1.2/../../../../nios2-elf/lib/mno-hw-mul\libc.a(lib_a-mallocr.o)
 .debug_aranges
                0x000000c8       0x20 c:/altera/13.0sp1/nios2eds/bin/gnu/h-i686-mingw32/bin/../lib/gcc/nios2-elf/4.1.2/../../../../nios2-elf/lib/mno-hw-mul\libc.a(lib_a-memchr.o)
 .debug_aranges
                0x000000e8       0x20 c:/altera/13.0sp1/nios2eds/bin/gnu/h-i686-mingw32/bin/../lib/gcc/nios2-elf/4.1.2/../../../../nios2-elf/lib/mno-hw-mul\libc.a(lib_a-memcpy.o)
 .debug_aranges
                0x00000108       0x20 c:/altera/13.0sp1/nios2eds/bin/gnu/h-i686-mingw32/bin/../lib/gcc/nios2-elf/4.1.2/../../../../nios2-elf/lib/mno-hw-mul\libc.a(lib_a-memmove.o)
 .debug_aranges
                0x00000128       0x20 c:/altera/13.0sp1/nios2eds/bin/gnu/h-i686-mingw32/bin/../lib/gcc/nios2-elf/4.1.2/../../../../nios2-elf/lib/mno-hw-mul\libc.a(lib_a-reallocr.o)
 .debug_aranges
                0x00000148       0x20 c:/altera/13.0sp1/nios2eds/bin/gnu/h-i686-mingw32/bin/../lib/gcc/nios2-elf/4.1.2/../../../../nios2-elf/lib/mno-hw-mul\libc.a(lib_a-sbrkr.o)
 .debug_aranges
                0x00000168       0x20 c:/altera/13.0sp1/nios2eds/bin/gnu/h-i686-mingw32/bin/../lib/gcc/nios2-elf/4.1.2/../../../../nios2-elf/lib/mno-hw-mul\libc.a(lib_a-wsetup.o)
 .debug_aranges
                0x00000188       0x20 c:/altera/13.0sp1/nios2eds/bin/gnu/h-i686-mingw32/bin/../lib/gcc/nios2-elf/4.1.2/../../../../nios2-elf/lib/mno-hw-mul\libc.a(lib_a-fflush.o)
 .debug_aranges
                0x000001a8       0x20 c:/altera/13.0sp1/nios2eds/bin/gnu/h-i686-mingw32/bin/../lib/gcc/nios2-elf/4.1.2/../../../../nios2-elf/lib/mno-hw-mul\libc.a(lib_a-findfp.o)
 .debug_aranges
                0x000001c8       0x20 c:/altera/13.0sp1/nios2eds/bin/gnu/h-i686-mingw32/bin/../lib/gcc/nios2-elf/4.1.2/../../../../nios2-elf/lib/mno-hw-mul\libc.a(lib_a-freer.o)
 .debug_aranges
                0x000001e8       0x20 c:/altera/13.0sp1/nios2eds/bin/gnu/h-i686-mingw32/bin/../lib/gcc/nios2-elf/4.1.2/../../../../nios2-elf/lib/mno-hw-mul\libc.a(lib_a-fwalk.o)
 .debug_aranges
                0x00000208       0x20 c:/altera/13.0sp1/nios2eds/bin/gnu/h-i686-mingw32/bin/../lib/gcc/nios2-elf/4.1.2/../../../../nios2-elf/lib/mno-hw-mul\libc.a(lib_a-makebuf.o)
 .debug_aranges
                0x00000228       0x20 c:/altera/13.0sp1/nios2eds/bin/gnu/h-i686-mingw32/bin/../lib/gcc/nios2-elf/4.1.2/../../../../nios2-elf/lib/mno-hw-mul\libc.a(lib_a-memset.o)
 .debug_aranges
                0x00000248       0x20 c:/altera/13.0sp1/nios2eds/bin/gnu/h-i686-mingw32/bin/../lib/gcc/nios2-elf/4.1.2/../../../../nios2-elf/lib/mno-hw-mul\libc.a(lib_a-stdio.o)
 .debug_aranges
                0x00000268       0x20 c:/altera/13.0sp1/nios2eds/bin/gnu/h-i686-mingw32/bin/../lib/gcc/nios2-elf/4.1.2/../../../../nios2-elf/lib/mno-hw-mul\libc.a(lib_a-writer.o)
 .debug_aranges
                0x00000288       0x20 c:/altera/13.0sp1/nios2eds/bin/gnu/h-i686-mingw32/bin/../lib/gcc/nios2-elf/4.1.2/../../../../nios2-elf/lib/mno-hw-mul\libc.a(lib_a-closer.o)
 .debug_aranges
                0x000002a8       0x20 c:/altera/13.0sp1/nios2eds/bin/gnu/h-i686-mingw32/bin/../lib/gcc/nios2-elf/4.1.2/../../../../nios2-elf/lib/mno-hw-mul\libc.a(lib_a-fclose.o)
 .debug_aranges
                0x000002c8       0x20 c:/altera/13.0sp1/nios2eds/bin/gnu/h-i686-mingw32/bin/../lib/gcc/nios2-elf/4.1.2/../../../../nios2-elf/lib/mno-hw-mul\libc.a(lib_a-fstatr.o)
 .debug_aranges
                0x000002e8       0x20 c:/altera/13.0sp1/nios2eds/bin/gnu/h-i686-mingw32/bin/../lib/gcc/nios2-elf/4.1.2/../../../../nios2-elf/lib/mno-hw-mul\libc.a(lib_a-isattyr.o)
 .debug_aranges
                0x00000308       0x20 c:/altera/13.0sp1/nios2eds/bin/gnu/h-i686-mingw32/bin/../lib/gcc/nios2-elf/4.1.2/../../../../nios2-elf/lib/mno-hw-mul\libc.a(lib_a-lseekr.o)
 .debug_aranges
                0x00000328       0x20 c:/altera/13.0sp1/nios2eds/bin/gnu/h-i686-mingw32/bin/../lib/gcc/nios2-elf/4.1.2/../../../../nios2-elf/lib/mno-hw-mul\libc.a(lib_a-readr.o)
 .debug_aranges
                0x00000348       0x20 c:/altera/13.0sp1/nios2eds/bin/gnu/h-i686-mingw32/bin/../lib/gcc/nios2-elf/4.1.2/mno-hw-mul\libgcc.a(lib2-mul.o)
 .debug_aranges
                0x00000368       0x20 ../Mod2_DE2_program_bsp/\libhal_bsp.a(alt_close.o)
 .debug_aranges
                0x00000388       0x20 ../Mod2_DE2_program_bsp/\libhal_bsp.a(alt_dev.o)
 .debug_aranges
                0x000003a8       0x20 ../Mod2_DE2_program_bsp/\libhal_bsp.a(alt_fstat.o)
 .debug_aranges
                0x000003c8       0x20 ../Mod2_DE2_program_bsp/\libhal_bsp.a(alt_irq_register.o)
 .debug_aranges
                0x000003e8       0x20 ../Mod2_DE2_program_bsp/\libhal_bsp.a(alt_isatty.o)
 .debug_aranges
                0x00000408       0x20 ../Mod2_DE2_program_bsp/\libhal_bsp.a(alt_load.o)
 .debug_aranges
                0x00000428       0x20 ../Mod2_DE2_program_bsp/\libhal_bsp.a(alt_lseek.o)
 .debug_aranges
                0x00000448       0x20 ../Mod2_DE2_program_bsp/\libhal_bsp.a(alt_main.o)
 .debug_aranges
                0x00000468       0x20 ../Mod2_DE2_program_bsp/\libhal_bsp.a(alt_malloc_lock.o)
 .debug_aranges
                0x00000488       0x20 ../Mod2_DE2_program_bsp/\libhal_bsp.a(alt_open.o)
 .debug_aranges
                0x000004a8       0x20 ../Mod2_DE2_program_bsp/\libhal_bsp.a(alt_printf.o)
 .debug_aranges
                0x000004c8       0x20 ../Mod2_DE2_program_bsp/\libhal_bsp.a(alt_putchar.o)
 .debug_aranges
                0x000004e8       0x20 ../Mod2_DE2_program_bsp/\libhal_bsp.a(alt_read.o)
 .debug_aranges
                0x00000508       0x20 ../Mod2_DE2_program_bsp/\libhal_bsp.a(alt_release_fd.o)
 .debug_aranges
                0x00000528       0x20 ../Mod2_DE2_program_bsp/\libhal_bsp.a(alt_sbrk.o)
 .debug_aranges
                0x00000548       0x20 ../Mod2_DE2_program_bsp/\libhal_bsp.a(alt_write.o)
 .debug_aranges
                0x00000568       0x20 ../Mod2_DE2_program_bsp/\libhal_bsp.a(alt_sys_init.o)
 .debug_aranges
                0x00000588       0x20 ../Mod2_DE2_program_bsp/\libhal_bsp.a(altera_avalon_jtag_uart_fd.o)
 .debug_aranges
                0x000005a8       0x20 ../Mod2_DE2_program_bsp/\libhal_bsp.a(altera_avalon_jtag_uart_init.o)
 .debug_aranges
                0x000005c8       0x20 ../Mod2_DE2_program_bsp/\libhal_bsp.a(altera_avalon_jtag_uart_ioctl.o)
 .debug_aranges
                0x000005e8       0x20 ../Mod2_DE2_program_bsp/\libhal_bsp.a(altera_avalon_jtag_uart_read.o)
 .debug_aranges
                0x00000608       0x20 ../Mod2_DE2_program_bsp/\libhal_bsp.a(altera_avalon_jtag_uart_write.o)
 .debug_aranges
                0x00000628       0x20 ../Mod2_DE2_program_bsp/\libhal_bsp.a(altera_avalon_timer_sc.o)
 .debug_aranges
                0x00000648       0x20 ../Mod2_DE2_program_bsp/\libhal_bsp.a(altera_avalon_uart_fd.o)
 .debug_aranges
                0x00000668       0x20 ../Mod2_DE2_program_bsp/\libhal_bsp.a(altera_avalon_uart_init.o)
 .debug_aranges
                0x00000688       0x20 ../Mod2_DE2_program_bsp/\libhal_bsp.a(altera_avalon_uart_read.o)
 .debug_aranges
                0x000006a8       0x20 ../Mod2_DE2_program_bsp/\libhal_bsp.a(altera_avalon_uart_write.o)
 .debug_aranges
                0x000006c8       0x20 ../Mod2_DE2_program_bsp/\libhal_bsp.a(altera_up_avalon_audio.o)
 .debug_aranges
                0x000006e8       0x20 ../Mod2_DE2_program_bsp/\libhal_bsp.a(altera_up_avalon_audio_and_video_config.o)
 .debug_aranges
                0x00000708       0x20 ../Mod2_DE2_program_bsp/\libhal_bsp.a(altera_up_avalon_character_lcd.o)
 .debug_aranges
                0x00000728       0x20 ../Mod2_DE2_program_bsp/\libhal_bsp.a(alt_alarm_start.o)
 .debug_aranges
                0x00000748       0x20 ../Mod2_DE2_program_bsp/\libhal_bsp.a(alt_dcache_flush_all.o)
 .debug_aranges
                0x00000768       0x20 ../Mod2_DE2_program_bsp/\libhal_bsp.a(alt_dev_llist_insert.o)
 .debug_aranges
                0x00000788       0x20 ../Mod2_DE2_program_bsp/\libhal_bsp.a(alt_do_ctors.o)
 .debug_aranges
                0x000007a8       0x20 ../Mod2_DE2_program_bsp/\libhal_bsp.a(alt_do_dtors.o)
 .debug_aranges
                0x000007c8       0x20 ../Mod2_DE2_program_bsp/\libhal_bsp.a(alt_find_dev.o)
 .debug_aranges
                0x000007e8       0x20 ../Mod2_DE2_program_bsp/\libhal_bsp.a(alt_find_file.o)
 .debug_aranges
                0x00000808       0x20 ../Mod2_DE2_program_bsp/\libhal_bsp.a(alt_get_fd.o)
 .debug_aranges
                0x00000828       0x20 ../Mod2_DE2_program_bsp/\libhal_bsp.a(alt_icache_flush_all.o)
 .debug_aranges
                0x00000848       0x20 ../Mod2_DE2_program_bsp/\libhal_bsp.a(alt_io_redirect.o)
 .debug_aranges
                0x00000868       0x30 ../Mod2_DE2_program_bsp/\libhal_bsp.a(alt_irq_entry.o)
 .debug_aranges
                0x00000898       0x28 ../Mod2_DE2_program_bsp/\libhal_bsp.a(alt_irq_handler.o)
 .debug_aranges
                0x000008c0       0x20 ../Mod2_DE2_program_bsp/\libhal_bsp.a(alt_tick.o)
 .debug_aranges
                0x000008e0       0x20 ../Mod2_DE2_program_bsp/\libhal_bsp.a(altera_nios2_qsys_irq.o)
 .debug_aranges
                0x00000900       0x38 ../Mod2_DE2_program_bsp/\libhal_bsp.a(alt_exception_entry.o)
 .debug_aranges
                0x00000938       0x20 c:/altera/13.0sp1/nios2eds/bin/gnu/h-i686-mingw32/bin/../lib/gcc/nios2-elf/4.1.2/../../../../nios2-elf/lib/mno-hw-mul\libc.a(lib_a-atexit.o)
 .debug_aranges
                0x00000958       0x20 c:/altera/13.0sp1/nios2eds/bin/gnu/h-i686-mingw32/bin/../lib/gcc/nios2-elf/4.1.2/../../../../nios2-elf/lib/mno-hw-mul\libc.a(lib_a-exit.o)
 .debug_aranges
                0x00000978       0x20 c:/altera/13.0sp1/nios2eds/bin/gnu/h-i686-mingw32/bin/../lib/gcc/nios2-elf/4.1.2/../../../../nios2-elf/lib/mno-hw-mul\libc.a(lib_a-memcmp.o)
 .debug_aranges
                0x00000998       0x20 c:/altera/13.0sp1/nios2eds/bin/gnu/h-i686-mingw32/bin/../lib/gcc/nios2-elf/4.1.2/../../../../nios2-elf/lib/mno-hw-mul\libc.a(lib_a-putc.o)
 .debug_aranges
                0x000009b8       0x20 c:/altera/13.0sp1/nios2eds/bin/gnu/h-i686-mingw32/bin/../lib/gcc/nios2-elf/4.1.2/../../../../nios2-elf/lib/mno-hw-mul\libc.a(lib_a-wbuf.o)
 .debug_aranges
                0x000009d8       0x20 c:/altera/13.0sp1/nios2eds/bin/gnu/h-i686-mingw32/bin/../lib/gcc/nios2-elf/4.1.2/../../../../nios2-elf/lib/mno-hw-mul\libc.a(lib_a-__atexit.o)
 .debug_aranges
                0x000009f8       0x20 c:/altera/13.0sp1/nios2eds/bin/gnu/h-i686-mingw32/bin/../lib/gcc/nios2-elf/4.1.2/../../../../nios2-elf/lib/mno-hw-mul\libc.a(lib_a-__call_atexit.o)
 .debug_aranges
                0x00000a18       0x20 ../Mod2_DE2_program_bsp/\libhal_bsp.a(alt_exit.o)

.debug_pubnames
                0x00000000     0x15f1
 *(.debug_pubnames)
 .debug_pubnames
                0x00000000       0xb0 obj/default/Mod2_DE2_program.o
 .debug_pubnames
                0x000000b0       0x27 c:/altera/13.0sp1/nios2eds/bin/gnu/h-i686-mingw32/bin/../lib/gcc/nios2-elf/4.1.2/../../../../nios2-elf/lib/mno-hw-mul\libc.a(lib_a-puts.o)
 .debug_pubnames
                0x000000d7       0x1d c:/altera/13.0sp1/nios2eds/bin/gnu/h-i686-mingw32/bin/../lib/gcc/nios2-elf/4.1.2/../../../../nios2-elf/lib/mno-hw-mul\libc.a(lib_a-strlen.o)
 .debug_pubnames
                0x000000f4       0x23 c:/altera/13.0sp1/nios2eds/bin/gnu/h-i686-mingw32/bin/../lib/gcc/nios2-elf/4.1.2/../../../../nios2-elf/lib/mno-hw-mul\libc.a(lib_a-fvwrite.o)
 .debug_pubnames
                0x00000117       0x39 c:/altera/13.0sp1/nios2eds/bin/gnu/h-i686-mingw32/bin/../lib/gcc/nios2-elf/4.1.2/../../../../nios2-elf/lib/mno-hw-mul\libc.a(lib_a-impure.o)
 .debug_pubnames
                0x00000150       0xce c:/altera/13.0sp1/nios2eds/bin/gnu/h-i686-mingw32/bin/../lib/gcc/nios2-elf/4.1.2/../../../../nios2-elf/lib/mno-hw-mul\libc.a(lib_a-mallocr.o)
 .debug_pubnames
                0x0000021e       0x1d c:/altera/13.0sp1/nios2eds/bin/gnu/h-i686-mingw32/bin/../lib/gcc/nios2-elf/4.1.2/../../../../nios2-elf/lib/mno-hw-mul\libc.a(lib_a-memchr.o)
 .debug_pubnames
                0x0000023b       0x1d c:/altera/13.0sp1/nios2eds/bin/gnu/h-i686-mingw32/bin/../lib/gcc/nios2-elf/4.1.2/../../../../nios2-elf/lib/mno-hw-mul\libc.a(lib_a-memcpy.o)
 .debug_pubnames
                0x00000258       0x1e c:/altera/13.0sp1/nios2eds/bin/gnu/h-i686-mingw32/bin/../lib/gcc/nios2-elf/4.1.2/../../../../nios2-elf/lib/mno-hw-mul\libc.a(lib_a-memmove.o)
 .debug_pubnames
                0x00000276       0x21 c:/altera/13.0sp1/nios2eds/bin/gnu/h-i686-mingw32/bin/../lib/gcc/nios2-elf/4.1.2/../../../../nios2-elf/lib/mno-hw-mul\libc.a(lib_a-reallocr.o)
 .debug_pubnames
                0x00000297       0x1e c:/altera/13.0sp1/nios2eds/bin/gnu/h-i686-mingw32/bin/../lib/gcc/nios2-elf/4.1.2/../../../../nios2-elf/lib/mno-hw-mul\libc.a(lib_a-sbrkr.o)
 .debug_pubnames
                0x000002b5       0x22 c:/altera/13.0sp1/nios2eds/bin/gnu/h-i686-mingw32/bin/../lib/gcc/nios2-elf/4.1.2/../../../../nios2-elf/lib/mno-hw-mul\libc.a(lib_a-wsetup.o)
 .debug_pubnames
                0x000002d7       0x2b c:/altera/13.0sp1/nios2eds/bin/gnu/h-i686-mingw32/bin/../lib/gcc/nios2-elf/4.1.2/../../../../nios2-elf/lib/mno-hw-mul\libc.a(lib_a-fflush.o)
 .debug_pubnames
                0x00000302       0xdb c:/altera/13.0sp1/nios2eds/bin/gnu/h-i686-mingw32/bin/../lib/gcc/nios2-elf/4.1.2/../../../../nios2-elf/lib/mno-hw-mul\libc.a(lib_a-findfp.o)
 .debug_pubnames
                0x000003dd       0x31 c:/altera/13.0sp1/nios2eds/bin/gnu/h-i686-mingw32/bin/../lib/gcc/nios2-elf/4.1.2/../../../../nios2-elf/lib/mno-hw-mul\libc.a(lib_a-freer.o)
 .debug_pubnames
                0x0000040e       0x2e c:/altera/13.0sp1/nios2eds/bin/gnu/h-i686-mingw32/bin/../lib/gcc/nios2-elf/4.1.2/../../../../nios2-elf/lib/mno-hw-mul\libc.a(lib_a-fwalk.o)
 .debug_pubnames
                0x0000043c       0x1c c:/altera/13.0sp1/nios2eds/bin/gnu/h-i686-mingw32/bin/../lib/gcc/nios2-elf/4.1.2/../../../../nios2-elf/lib/mno-hw-mul\libc.a(lib_a-int_errno.o)
 .debug_pubnames
                0x00000458       0x23 c:/altera/13.0sp1/nios2eds/bin/gnu/h-i686-mingw32/bin/../lib/gcc/nios2-elf/4.1.2/../../../../nios2-elf/lib/mno-hw-mul\libc.a(lib_a-makebuf.o)
 .debug_pubnames
                0x0000047b       0x1d c:/altera/13.0sp1/nios2eds/bin/gnu/h-i686-mingw32/bin/../lib/gcc/nios2-elf/4.1.2/../../../../nios2-elf/lib/mno-hw-mul\libc.a(lib_a-memset.o)
 .debug_pubnames
                0x00000498       0x44 c:/altera/13.0sp1/nios2eds/bin/gnu/h-i686-mingw32/bin/../lib/gcc/nios2-elf/4.1.2/../../../../nios2-elf/lib/mno-hw-mul\libc.a(lib_a-stdio.o)
 .debug_pubnames
                0x000004dc       0x1f c:/altera/13.0sp1/nios2eds/bin/gnu/h-i686-mingw32/bin/../lib/gcc/nios2-elf/4.1.2/../../../../nios2-elf/lib/mno-hw-mul\libc.a(lib_a-writer.o)
 .debug_pubnames
                0x000004fb       0x1f c:/altera/13.0sp1/nios2eds/bin/gnu/h-i686-mingw32/bin/../lib/gcc/nios2-elf/4.1.2/../../../../nios2-elf/lib/mno-hw-mul\libc.a(lib_a-closer.o)
 .debug_pubnames
                0x0000051a       0x2b c:/altera/13.0sp1/nios2eds/bin/gnu/h-i686-mingw32/bin/../lib/gcc/nios2-elf/4.1.2/../../../../nios2-elf/lib/mno-hw-mul\libc.a(lib_a-fclose.o)
 .debug_pubnames
                0x00000545       0x1f c:/altera/13.0sp1/nios2eds/bin/gnu/h-i686-mingw32/bin/../lib/gcc/nios2-elf/4.1.2/../../../../nios2-elf/lib/mno-hw-mul\libc.a(lib_a-fstatr.o)
 .debug_pubnames
                0x00000564       0x20 c:/altera/13.0sp1/nios2eds/bin/gnu/h-i686-mingw32/bin/../lib/gcc/nios2-elf/4.1.2/../../../../nios2-elf/lib/mno-hw-mul\libc.a(lib_a-isattyr.o)
 .debug_pubnames
                0x00000584       0x1f c:/altera/13.0sp1/nios2eds/bin/gnu/h-i686-mingw32/bin/../lib/gcc/nios2-elf/4.1.2/../../../../nios2-elf/lib/mno-hw-mul\libc.a(lib_a-lseekr.o)
 .debug_pubnames
                0x000005a3       0x1e c:/altera/13.0sp1/nios2eds/bin/gnu/h-i686-mingw32/bin/../lib/gcc/nios2-elf/4.1.2/../../../../nios2-elf/lib/mno-hw-mul\libc.a(lib_a-readr.o)
 .debug_pubnames
                0x000005c1       0x1f c:/altera/13.0sp1/nios2eds/bin/gnu/h-i686-mingw32/bin/../lib/gcc/nios2-elf/4.1.2/mno-hw-mul\libgcc.a(lib2-mul.o)
 .debug_pubnames
                0x000005e0       0x1c ../Mod2_DE2_program_bsp/\libhal_bsp.a(alt_close.o)
 .debug_pubnames
                0x000005fc       0x63 ../Mod2_DE2_program_bsp/\libhal_bsp.a(alt_dev.o)
 .debug_pubnames
                0x0000065f       0x20 ../Mod2_DE2_program_bsp/\libhal_bsp.a(alt_errno.o)
 .debug_pubnames
                0x0000067f       0x1c ../Mod2_DE2_program_bsp/\libhal_bsp.a(alt_fstat.o)
 .debug_pubnames
                0x0000069b       0x27 ../Mod2_DE2_program_bsp/\libhal_bsp.a(alt_irq_register.o)
 .debug_pubnames
                0x000006c2       0x3b ../Mod2_DE2_program_bsp/\libhal_bsp.a(alt_irq_vars.o)
 .debug_pubnames
                0x000006fd       0x1d ../Mod2_DE2_program_bsp/\libhal_bsp.a(alt_isatty.o)
 .debug_pubnames
                0x0000071a       0x1f ../Mod2_DE2_program_bsp/\libhal_bsp.a(alt_load.o)
 .debug_pubnames
                0x00000739       0x1c ../Mod2_DE2_program_bsp/\libhal_bsp.a(alt_lseek.o)
 .debug_pubnames
                0x00000755       0x46 ../Mod2_DE2_program_bsp/\libhal_bsp.a(alt_main.o)
 .debug_pubnames
                0x0000079b       0x38 ../Mod2_DE2_program_bsp/\libhal_bsp.a(alt_malloc_lock.o)
 .debug_pubnames
                0x000007d3       0x1b ../Mod2_DE2_program_bsp/\libhal_bsp.a(alt_open.o)
 .debug_pubnames
                0x000007ee       0x21 ../Mod2_DE2_program_bsp/\libhal_bsp.a(alt_printf.o)
 .debug_pubnames
                0x0000080f       0x22 ../Mod2_DE2_program_bsp/\libhal_bsp.a(alt_putchar.o)
 .debug_pubnames
                0x00000831       0x1b ../Mod2_DE2_program_bsp/\libhal_bsp.a(alt_read.o)
 .debug_pubnames
                0x0000084c       0x25 ../Mod2_DE2_program_bsp/\libhal_bsp.a(alt_release_fd.o)
 .debug_pubnames
                0x00000871       0x1b ../Mod2_DE2_program_bsp/\libhal_bsp.a(alt_sbrk.o)
 .debug_pubnames
                0x0000088c       0x1c ../Mod2_DE2_program_bsp/\libhal_bsp.a(alt_write.o)
 .debug_pubnames
                0x000008a8       0x34 ../Mod2_DE2_program_bsp/\libhal_bsp.a(alt_sys_init.o)
 .debug_pubnames
                0x000008dc       0xa5 ../Mod2_DE2_program_bsp/\libhal_bsp.a(altera_avalon_jtag_uart_fd.o)
 .debug_pubnames
                0x00000981       0x55 ../Mod2_DE2_program_bsp/\libhal_bsp.a(altera_avalon_jtag_uart_init.o)
 .debug_pubnames
                0x000009d6       0x34 ../Mod2_DE2_program_bsp/\libhal_bsp.a(altera_avalon_jtag_uart_ioctl.o)
 .debug_pubnames
                0x00000a0a       0x33 ../Mod2_DE2_program_bsp/\libhal_bsp.a(altera_avalon_jtag_uart_read.o)
 .debug_pubnames
                0x00000a3d       0x34 ../Mod2_DE2_program_bsp/\libhal_bsp.a(altera_avalon_jtag_uart_write.o)
 .debug_pubnames
                0x00000a71       0x2f ../Mod2_DE2_program_bsp/\libhal_bsp.a(altera_avalon_timer_sc.o)
 .debug_pubnames
                0x00000aa0       0x71 ../Mod2_DE2_program_bsp/\libhal_bsp.a(altera_avalon_uart_fd.o)
 .debug_pubnames
                0x00000b11       0x4b ../Mod2_DE2_program_bsp/\libhal_bsp.a(altera_avalon_uart_init.o)
 .debug_pubnames
                0x00000b5c       0x2e ../Mod2_DE2_program_bsp/\libhal_bsp.a(altera_avalon_uart_read.o)
 .debug_pubnames
                0x00000b8a       0x2f ../Mod2_DE2_program_bsp/\libhal_bsp.a(altera_avalon_uart_write.o)
 .debug_pubnames
                0x00000bb9      0x25e ../Mod2_DE2_program_bsp/\libhal_bsp.a(altera_up_avalon_audio.o)
 .debug_pubnames
                0x00000e17      0x2ab ../Mod2_DE2_program_bsp/\libhal_bsp.a(altera_up_avalon_audio_and_video_config.o)
 .debug_pubnames
                0x000010c2      0x1cd ../Mod2_DE2_program_bsp/\libhal_bsp.a(altera_up_avalon_character_lcd.o)
 .debug_pubnames
                0x0000128f       0x26 ../Mod2_DE2_program_bsp/\libhal_bsp.a(alt_alarm_start.o)
 .debug_pubnames
                0x000012b5       0x2b ../Mod2_DE2_program_bsp/\libhal_bsp.a(alt_dcache_flush_all.o)
 .debug_pubnames
                0x000012e0       0x2b ../Mod2_DE2_program_bsp/\libhal_bsp.a(alt_dev_llist_insert.o)
 .debug_pubnames
                0x0000130b       0x20 ../Mod2_DE2_program_bsp/\libhal_bsp.a(alt_do_ctors.o)
 .debug_pubnames
                0x0000132b       0x20 ../Mod2_DE2_program_bsp/\libhal_bsp.a(alt_do_dtors.o)
 .debug_pubnames
                0x0000134b       0x23 ../Mod2_DE2_program_bsp/\libhal_bsp.a(alt_find_dev.o)
 .debug_pubnames
                0x0000136e       0x24 ../Mod2_DE2_program_bsp/\libhal_bsp.a(alt_find_file.o)
 .debug_pubnames
                0x00001392       0x21 ../Mod2_DE2_program_bsp/\libhal_bsp.a(alt_get_fd.o)
 .debug_pubnames
                0x000013b3       0x2b ../Mod2_DE2_program_bsp/\libhal_bsp.a(alt_icache_flush_all.o)
 .debug_pubnames
                0x000013de       0x26 ../Mod2_DE2_program_bsp/\libhal_bsp.a(alt_io_redirect.o)
 .debug_pubnames
                0x00001404       0x32 ../Mod2_DE2_program_bsp/\libhal_bsp.a(alt_irq_handler.o)
 .debug_pubnames
                0x00001436       0x68 ../Mod2_DE2_program_bsp/\libhal_bsp.a(alt_tick.o)
 .debug_pubnames
                0x0000149e       0x31 ../Mod2_DE2_program_bsp/\libhal_bsp.a(altera_nios2_qsys_irq.o)
 .debug_pubnames
                0x000014cf       0x2a c:/altera/13.0sp1/nios2eds/bin/gnu/h-i686-mingw32/bin/../lib/gcc/nios2-elf/4.1.2/../../../../nios2-elf/lib/mno-hw-mul\libc.a(lib_a-atexit.o)
 .debug_pubnames
                0x000014f9       0x1b c:/altera/13.0sp1/nios2eds/bin/gnu/h-i686-mingw32/bin/../lib/gcc/nios2-elf/4.1.2/../../../../nios2-elf/lib/mno-hw-mul\libc.a(lib_a-exit.o)
 .debug_pubnames
                0x00001514       0x1d c:/altera/13.0sp1/nios2eds/bin/gnu/h-i686-mingw32/bin/../lib/gcc/nios2-elf/4.1.2/../../../../nios2-elf/lib/mno-hw-mul\libc.a(lib_a-memcmp.o)
 .debug_pubnames
                0x00001531       0x27 c:/altera/13.0sp1/nios2eds/bin/gnu/h-i686-mingw32/bin/../lib/gcc/nios2-elf/4.1.2/../../../../nios2-elf/lib/mno-hw-mul\libc.a(lib_a-putc.o)
 .debug_pubnames
                0x00001558       0x2c c:/altera/13.0sp1/nios2eds/bin/gnu/h-i686-mingw32/bin/../lib/gcc/nios2-elf/4.1.2/../../../../nios2-elf/lib/mno-hw-mul\libc.a(lib_a-wbuf.o)
 .debug_pubnames
                0x00001584       0x2a c:/altera/13.0sp1/nios2eds/bin/gnu/h-i686-mingw32/bin/../lib/gcc/nios2-elf/4.1.2/../../../../nios2-elf/lib/mno-hw-mul\libc.a(lib_a-__atexit.o)
 .debug_pubnames
                0x000015ae       0x27 c:/altera/13.0sp1/nios2eds/bin/gnu/h-i686-mingw32/bin/../lib/gcc/nios2-elf/4.1.2/../../../../nios2-elf/lib/mno-hw-mul\libc.a(lib_a-__call_atexit.o)
 .debug_pubnames
                0x000015d5       0x1c ../Mod2_DE2_program_bsp/\libhal_bsp.a(alt_exit.o)

.debug_info     0x00000000    0x1f7ee
 *(.debug_info .gnu.linkonce.wi.*)
 .debug_info    0x00000000       0x6a ../Mod2_DE2_program_bsp//obj/HAL/src/crt0.o
 .debug_info    0x0000006a      0xb31 obj/default/Mod2_DE2_program.o
 .debug_info    0x00000b9b      0xa25 c:/altera/13.0sp1/nios2eds/bin/gnu/h-i686-mingw32/bin/../lib/gcc/nios2-elf/4.1.2/../../../../nios2-elf/lib/mno-hw-mul\libc.a(lib_a-puts.o)
 .debug_info    0x000015c0       0xdb c:/altera/13.0sp1/nios2eds/bin/gnu/h-i686-mingw32/bin/../lib/gcc/nios2-elf/4.1.2/../../../../nios2-elf/lib/mno-hw-mul\libc.a(lib_a-strlen.o)
 .debug_info    0x0000169b      0xa88 c:/altera/13.0sp1/nios2eds/bin/gnu/h-i686-mingw32/bin/../lib/gcc/nios2-elf/4.1.2/../../../../nios2-elf/lib/mno-hw-mul\libc.a(lib_a-fvwrite.o)
 .debug_info    0x00002123      0x93d c:/altera/13.0sp1/nios2eds/bin/gnu/h-i686-mingw32/bin/../lib/gcc/nios2-elf/4.1.2/../../../../nios2-elf/lib/mno-hw-mul\libc.a(lib_a-impure.o)
 .debug_info    0x00002a60      0xcd0 c:/altera/13.0sp1/nios2eds/bin/gnu/h-i686-mingw32/bin/../lib/gcc/nios2-elf/4.1.2/../../../../nios2-elf/lib/mno-hw-mul\libc.a(lib_a-mallocr.o)
 .debug_info    0x00003730      0x138 c:/altera/13.0sp1/nios2eds/bin/gnu/h-i686-mingw32/bin/../lib/gcc/nios2-elf/4.1.2/../../../../nios2-elf/lib/mno-hw-mul\libc.a(lib_a-memchr.o)
 .debug_info    0x00003868      0x106 c:/altera/13.0sp1/nios2eds/bin/gnu/h-i686-mingw32/bin/../lib/gcc/nios2-elf/4.1.2/../../../../nios2-elf/lib/mno-hw-mul\libc.a(lib_a-memcpy.o)
 .debug_info    0x0000396e      0x13e c:/altera/13.0sp1/nios2eds/bin/gnu/h-i686-mingw32/bin/../lib/gcc/nios2-elf/4.1.2/../../../../nios2-elf/lib/mno-hw-mul\libc.a(lib_a-memmove.o)
 .debug_info    0x00003aac      0xbd7 c:/altera/13.0sp1/nios2eds/bin/gnu/h-i686-mingw32/bin/../lib/gcc/nios2-elf/4.1.2/../../../../nios2-elf/lib/mno-hw-mul\libc.a(lib_a-reallocr.o)
 .debug_info    0x00004683      0x962 c:/altera/13.0sp1/nios2eds/bin/gnu/h-i686-mingw32/bin/../lib/gcc/nios2-elf/4.1.2/../../../../nios2-elf/lib/mno-hw-mul\libc.a(lib_a-sbrkr.o)
 .debug_info    0x00004fe5      0x95d c:/altera/13.0sp1/nios2eds/bin/gnu/h-i686-mingw32/bin/../lib/gcc/nios2-elf/4.1.2/../../../../nios2-elf/lib/mno-hw-mul\libc.a(lib_a-wsetup.o)
 .debug_info    0x00005942      0x9fe c:/altera/13.0sp1/nios2eds/bin/gnu/h-i686-mingw32/bin/../lib/gcc/nios2-elf/4.1.2/../../../../nios2-elf/lib/mno-hw-mul\libc.a(lib_a-fflush.o)