Archive member included because of file (symbol)

c:/altera/13.0sp1/nios2eds/bin/gnu/h-i686-mingw32/bin/../lib/gcc/nios2-elf/4.1.2/../../../../nios2-elf/lib/mno-hw-mul\libc.a(lib_a-puts.o)
                              obj/default/Mod2_DE2_program.o (puts)
c:/altera/13.0sp1/nios2eds/bin/gnu/h-i686-mingw32/bin/../lib/gcc/nios2-elf/4.1.2/../../../../nios2-elf/lib/mno-hw-mul\libc.a(lib_a-strcmp.o)
                              obj/default/Mod2_DE2_program.o (strcmp)
c:/altera/13.0sp1/nios2eds/bin/gnu/h-i686-mingw32/bin/../lib/gcc/nios2-elf/4.1.2/../../../../nios2-elf/lib/mno-hw-mul\libc.a(lib_a-strlen.o)
                              obj/default/Mod2_DE2_program.o (strlen)
c:/altera/13.0sp1/nios2eds/bin/gnu/h-i686-mingw32/bin/../lib/gcc/nios2-elf/4.1.2/../../../../nios2-elf/lib/mno-hw-mul\libc.a(lib_a-fvwrite.o)
                              c:/altera/13.0sp1/nios2eds/bin/gnu/h-i686-mingw32/bin/../lib/gcc/nios2-elf/4.1.2/../../../../nios2-elf/lib/mno-hw-mul\libc.a(lib_a-puts.o) (__sfvwrite_r)
c:/altera/13.0sp1/nios2eds/bin/gnu/h-i686-mingw32/bin/../lib/gcc/nios2-elf/4.1.2/../../../../nios2-elf/lib/mno-hw-mul\libc.a(lib_a-impure.o)
                              c:/altera/13.0sp1/nios2eds/bin/gnu/h-i686-mingw32/bin/../lib/gcc/nios2-elf/4.1.2/../../../../nios2-elf/lib/mno-hw-mul\libc.a(lib_a-puts.o) (_impure_ptr)
c:/altera/13.0sp1/nios2eds/bin/gnu/h-i686-mingw32/bin/../lib/gcc/nios2-elf/4.1.2/../../../../nios2-elf/lib/mno-hw-mul\libc.a(lib_a-mallocr.o)
                              c:/altera/13.0sp1/nios2eds/bin/gnu/h-i686-mingw32/bin/../lib/gcc/nios2-elf/4.1.2/../../../../nios2-elf/lib/mno-hw-mul\libc.a(lib_a-fvwrite.o) (_malloc_r)
c:/altera/13.0sp1/nios2eds/bin/gnu/h-i686-mingw32/bin/../lib/gcc/nios2-elf/4.1.2/../../../../nios2-elf/lib/mno-hw-mul\libc.a(lib_a-memchr.o)
                              c:/altera/13.0sp1/nios2eds/bin/gnu/h-i686-mingw32/bin/../lib/gcc/nios2-elf/4.1.2/../../../../nios2-elf/lib/mno-hw-mul\libc.a(lib_a-fvwrite.o) (memchr)
c:/altera/13.0sp1/nios2eds/bin/gnu/h-i686-mingw32/bin/../lib/gcc/nios2-elf/4.1.2/../../../../nios2-elf/lib/mno-hw-mul\libc.a(lib_a-memcpy.o)
                              c:/altera/13.0sp1/nios2eds/bin/gnu/h-i686-mingw32/bin/../lib/gcc/nios2-elf/4.1.2/../../../../nios2-elf/lib/mno-hw-mul\libc.a(lib_a-fvwrite.o) (memcpy)
c:/altera/13.0sp1/nios2eds/bin/gnu/h-i686-mingw32/bin/../lib/gcc/nios2-elf/4.1.2/../../../../nios2-elf/lib/mno-hw-mul\libc.a(lib_a-memmove.o)
                              c:/altera/13.0sp1/nios2eds/bin/gnu/h-i686-mingw32/bin/../lib/gcc/nios2-elf/4.1.2/../../../../nios2-elf/lib/mno-hw-mul\libc.a(lib_a-fvwrite.o) (memmove)
c:/altera/13.0sp1/nios2eds/bin/gnu/h-i686-mingw32/bin/../lib/gcc/nios2-elf/4.1.2/../../../../nios2-elf/lib/mno-hw-mul\libc.a(lib_a-reallocr.o)
                              c:/altera/13.0sp1/nios2eds/bin/gnu/h-i686-mingw32/bin/../lib/gcc/nios2-elf/4.1.2/../../../../nios2-elf/lib/mno-hw-mul\libc.a(lib_a-fvwrite.o) (_realloc_r)
c:/altera/13.0sp1/nios2eds/bin/gnu/h-i686-mingw32/bin/../lib/gcc/nios2-elf/4.1.2/../../../../nios2-elf/lib/mno-hw-mul\libc.a(lib_a-sbrkr.o)
                              c:/altera/13.0sp1/nios2eds/bin/gnu/h-i686-mingw32/bin/../lib/gcc/nios2-elf/4.1.2/../../../../nios2-elf/lib/mno-hw-mul\libc.a(lib_a-mallocr.o) (_sbrk_r)
c:/altera/13.0sp1/nios2eds/bin/gnu/h-i686-mingw32/bin/../lib/gcc/nios2-elf/4.1.2/../../../../nios2-elf/lib/mno-hw-mul\libc.a(lib_a-wsetup.o)
                              c:/altera/13.0sp1/nios2eds/bin/gnu/h-i686-mingw32/bin/../lib/gcc/nios2-elf/4.1.2/../../../../nios2-elf/lib/mno-hw-mul\libc.a(lib_a-fvwrite.o) (__swsetup_r)
c:/altera/13.0sp1/nios2eds/bin/gnu/h-i686-mingw32/bin/../lib/gcc/nios2-elf/4.1.2/../../../../nios2-elf/lib/mno-hw-mul\libc.a(lib_a-fflush.o)
                              c:/altera/13.0sp1/nios2eds/bin/gnu/h-i686-mingw32/bin/../lib/gcc/nios2-elf/4.1.2/../../../../nios2-elf/lib/mno-hw-mul\libc.a(lib_a-fvwrite.o) (_fflush_r)
c:/altera/13.0sp1/nios2eds/bin/gnu/h-i686-mingw32/bin/../lib/gcc/nios2-elf/4.1.2/../../../../nios2-elf/lib/mno-hw-mul\libc.a(lib_a-findfp.o)
                              c:/altera/13.0sp1/nios2eds/bin/gnu/h-i686-mingw32/bin/../lib/gcc/nios2-elf/4.1.2/../../../../nios2-elf/lib/mno-hw-mul\libc.a(lib_a-wsetup.o) (__sinit)
c:/altera/13.0sp1/nios2eds/bin/gnu/h-i686-mingw32/bin/../lib/gcc/nios2-elf/4.1.2/../../../../nios2-elf/lib/mno-hw-mul\libc.a(lib_a-freer.o)
                              c:/altera/13.0sp1/nios2eds/bin/gnu/h-i686-mingw32/bin/../lib/gcc/nios2-elf/4.1.2/../../../../nios2-elf/lib/mno-hw-mul\libc.a(lib_a-fvwrite.o) (_free_r)
c:/altera/13.0sp1/nios2eds/bin/gnu/h-i686-mingw32/bin/../lib/gcc/nios2-elf/4.1.2/../../../../nios2-elf/lib/mno-hw-mul\libc.a(lib_a-fwalk.o)
                              c:/altera/13.0sp1/nios2eds/bin/gnu/h-i686-mingw32/bin/../lib/gcc/nios2-elf/4.1.2/../../../../nios2-elf/lib/mno-hw-mul\libc.a(lib_a-fflush.o) (_fwalk_reent)
[...]
Memory Configuration

Name             Origin             Length             Attributes
onchip_memory2_0 0x00000000         0x00001000
reset            0x01000000         0x00000020
sdram            0x01000020         0x007fffe0
*default*        0x00000000         0xffffffff

Linker script and memory map

LOAD ../Mod2_DE2_program_bsp//obj/HAL/src/crt0.o
LOAD obj/default/Mod2_DE2_program.o
LOAD c:/altera/13.0sp1/nios2eds/bin/gnu/h-i686-mingw32/bin/../lib/gcc/nios2-elf/4.1.2/../../../../nios2-elf/lib/mno-hw-mul\libstdc++.a
LOAD c:/altera/13.0sp1/nios2eds/bin/gnu/h-i686-mingw32/bin/../lib/gcc/nios2-elf/4.1.2/../../../../nios2-elf/lib/mno-hw-mul\libm.a
LOAD c:/altera/13.0sp1/nios2eds/bin/gnu/h-i686-mingw32/bin/../lib/gcc/nios2-elf/4.1.2/mno-hw-mul\libgcc.a
START GROUP
LOAD c:/altera/13.0sp1/nios2eds/bin/gnu/h-i686-mingw32/bin/../lib/gcc/nios2-elf/4.1.2/../../../../nios2-elf/lib/mno-hw-mul\libc.a
LOAD c:/altera/13.0sp1/nios2eds/bin/gnu/h-i686-mingw32/bin/../lib/gcc/nios2-elf/4.1.2/mno-hw-mul\libgcc.a
LOAD ../Mod2_DE2_program_bsp/\libhal_bsp.a
END GROUP
LOAD c:/altera/13.0sp1/nios2eds/bin/gnu/h-i686-mingw32/bin/../lib/gcc/nios2-elf/4.1.2/mno-hw-mul\libgcc.a
                0x00000000                __alt_mem_onchip_memory2_0 = 0x0
                0x01000000                __alt_mem_sdram = 0x1000000

.entry          0x01000000       0x20
 *(.entry)
 .entry         0x01000000       0x20 ../Mod2_DE2_program_bsp//obj/HAL/src/crt0.o
                0x01000000                __reset

.exceptions     0x01000020      0x198
                0x01000020                PROVIDE (__ram_exceptions_start, ABSOLUTE (.))
                0x01000020                . = ALIGN (0x20)
 *(.irq)
 *(.exceptions.entry.label)
 .exceptions.entry.label
                0x01000020        0x0 ../Mod2_DE2_program_bsp/\libhal_bsp.a(alt_irq_entry.o)
                0x01000020                alt_irq_entry
 .exceptions.entry.label
                0x01000020        0x0 ../Mod2_DE2_program_bsp/\libhal_bsp.a(alt_exception_entry.o)
                0x01000020                alt_exception
 *(.exceptions.entry.user)
 *(.exceptions.entry)
 .exceptions.entry
                0x01000020       0x54 ../Mod2_DE2_program_bsp/\libhal_bsp.a(alt_exception_entry.o)
 *(.exceptions.irqtest.user)
 *(.exceptions.irqtest)
 .exceptions.irqtest
                0x01000074       0x10 ../Mod2_DE2_program_bsp/\libhal_bsp.a(alt_irq_entry.o)
 *(.exceptions.irqhandler.user)
 *(.exceptions.irqhandler)
 .exceptions.irqhandler
                0x01000084        0x4 ../Mod2_DE2_program_bsp/\libhal_bsp.a(alt_irq_entry.o)
 *(.exceptions.irqreturn.user)
 *(.exceptions.irqreturn)
 .exceptions.irqreturn
                0x01000088        0x4 ../Mod2_DE2_program_bsp/\libhal_bsp.a(alt_irq_entry.o)
 *(.exceptions.notirq.label)
 .exceptions.notirq.label
                0x0100008c        0x0 ../Mod2_DE2_program_bsp/\libhal_bsp.a(alt_irq_entry.o)
 *(.exceptions.notirq.user)
 *(.exceptions.notirq)
 .exceptions.notirq
                0x0100008c        0x8 ../Mod2_DE2_program_bsp/\libhal_bsp.a(alt_exception_entry.o)
 *(.exceptions.soft.user)
 *(.exceptions.soft)
 *(.exceptions.unknown.user)
 *(.exceptions.unknown)
 .exceptions.unknown
                0x01000094        0x4 ../Mod2_DE2_program_bsp/\libhal_bsp.a(alt_exception_entry.o)
 *(.exceptions.exit.label)
 .exceptions.exit.label
                0x01000098        0x0 ../Mod2_DE2_program_bsp/\libhal_bsp.a(alt_irq_entry.o)
 .exceptions.exit.label
                0x01000098        0x0 ../Mod2_DE2_program_bsp/\libhal_bsp.a(alt_exception_entry.o)
 *(.exceptions.exit.user)
 *(.exceptions.exit)
 .exceptions.exit
                0x01000098       0x54 ../Mod2_DE2_program_bsp/\libhal_bsp.a(alt_exception_entry.o)
 *(.exceptions)
 .exceptions    0x010000ec       0xcc ../Mod2_DE2_program_bsp/\libhal_bsp.a(alt_irq_handler.o)
                0x010000ec                alt_irq_handler
                0x010001b8                PROVIDE (__ram_exceptions_end, ABSOLUTE (.))
                0x01000020                PROVIDE (__flash_exceptions_start, LOADADDR (.exceptions))

.text           0x010001b8     0x7f10
                0x010001b8                PROVIDE (stext, ABSOLUTE (.))
 *(.interp)
 *(.hash)
 *(.dynsym)
 *(.dynstr)
 *(.gnu.version)
 *(.gnu.version_d)
 *(.gnu.version_r)
 *(.rel.init)
 *(.rela.init)
 *(.rel.text .rel.text.* .rel.gnu.linkonce.t.*)
 *(.rela.text .rela.text.* .rela.gnu.linkonce.t.*)
 *(.rel.fini)
 *(.rela.fini)
 *(.rel.rodata .rel.rodata.* .rel.gnu.linkonce.r.*)
 *(.rela.rodata .rela.rodata.* .rela.gnu.linkonce.r.*)
 *(.rel.data .rel.data.* .rel.gnu.linkonce.d.*)
 *(.rela.data .rela.data.* .rela.gnu.linkonce.d.*)
 *(.rel.tdata .rel.tdata.* .rel.gnu.linkonce.td.*)
 *(.rela.tdata .rela.tdata.* .rela.gnu.linkonce.td.*)
 *(.rel.tbss .rel.tbss.* .rel.gnu.linkonce.tb.*)
 *(.rela.tbss .rela.tbss.* .rela.gnu.linkonce.tb.*)
 *(.rel.ctors)
 *(.rela.ctors)
 *(.rel.dtors)
 *(.rela.dtors)
 *(.rel.got)
 *(.rela.got)
 *(.rel.sdata .rel.sdata.* .rel.gnu.linkonce.s.*)
 *(.rela.sdata .rela.sdata.* .rela.gnu.linkonce.s.*)
 *(.rel.sbss .rel.sbss.* .rel.gnu.linkonce.sb.*)
 *(.rela.sbss .rela.sbss.* .rela.gnu.linkonce.sb.*)
 *(.rel.sdata2 .rel.sdata2.* .rel.gnu.linkonce.s2.*)
 *(.rela.sdata2 .rela.sdata2.* .rela.gnu.linkonce.s2.*)
 *(.rel.sbss2 .rel.sbss2.* .rel.gnu.linkonce.sb2.*)
 *(.rela.sbss2 .rela.sbss2.* .rela.gnu.linkonce.sb2.*)
 *(.rel.bss .rel.bss.* .rel.gnu.linkonce.b.*)
 *(.rela.bss .rela.bss.* .rela.gnu.linkonce.b.*)
 *(.rel.plt)
 *(.rela.plt)
 *(.rel.dyn)
 *(.init)
 *(.plt)
 *(.text .stub .text.* .gnu.linkonce.t.*)
 .text          0x010001b8       0x3c ../Mod2_DE2_program_bsp//obj/HAL/src/crt0.o
                0x010001b8                _start
 .text          0x010001f4      0x6d8 obj/default/Mod2_DE2_program.o
                0x010001f4                main
                0x010007bc                av_config_setup
                0x01000810                timer_isr
                0x01000850                audio_isr
 .text          0x010008cc       0xb4 c:/altera/13.0sp1/nios2eds/bin/gnu/h-i686-mingw32/bin/../lib/gcc/nios2-elf/4.1.2/../../../../nios2-elf/lib/mno-hw-mul\libc.a(lib_a-puts.o)
                0x010008cc                _puts_r
                0x0100096c                puts
 .text          0x01000980       0xbc c:/altera/13.0sp1/nios2eds/bin/gnu/h-i686-mingw32/bin/../lib/gcc/nios2-elf/4.1.2/../../../../nios2-elf/lib/mno-hw-mul\libc.a(lib_a-strcmp.o)
                0x01000980                strcmp
 .text          0x01000a3c       0x74 c:/altera/13.0sp1/nios2eds/bin/gnu/h-i686-mingw32/bin/../lib/gcc/nios2-elf/4.1.2/../../../../nios2-elf/lib/mno-hw-mul\libc.a(lib_a-strlen.o)
                0x01000a3c                strlen
 .text          0x01000ab0      0x49c c:/altera/13.0sp1/nios2eds/bin/gnu/h-i686-mingw32/bin/../lib/gcc/nios2-elf/4.1.2/../../../../nios2-elf/lib/mno-hw-mul\libc.a(lib_a-fvwrite.o)
                0x01000ab0                __sfvwrite_r
 .text          0x01000f4c        0x0 c:/altera/13.0sp1/nios2eds/bin/gnu/h-i686-mingw32/bin/../lib/gcc/nios2-elf/4.1.2/../../../../nios2-elf/lib/mno-hw-mul\libc.a(lib_a-impure.o)
 .text          0x01000f4c      0x740 c:/altera/13.0sp1/nios2eds/bin/gnu/h-i686-mingw32/bin/../lib/gcc/nios2-elf/4.1.2/../../../../nios2-elf/lib/mno-hw-mul\libc.a(lib_a-mallocr.o)
                0x01000f4c                _malloc_r
 .text          0x0100168c       0xe4 c:/altera/13.0sp1/nios2eds/bin/gnu/h-i686-mingw32/bin/../lib/gcc/nios2-elf/4.1.2/../../../../nios2-elf/lib/mno-hw-mul\libc.a(lib_a-memchr.o)
                0x0100168c                memchr
 .text          0x01001770       0xa0 c:/altera/13.0sp1/nios2eds/bin/gnu/h-i686-mingw32/bin/../lib/gcc/nios2-elf/4.1.2/../../../../nios2-elf/lib/mno-hw-mul\libc.a(lib_a-memcpy.o)
                0x01001770                memcpy
 .text          0x01001810       0xe0 c:/altera/13.0sp1/nios2eds/bin/gnu/h-i686-mingw32/bin/../lib/gcc/nios2-elf/4.1.2/../../../../nios2-elf/lib/mno-hw-mul\libc.a(lib_a-memmove.o)
                0x01001810                memmove
 .text          0x010018f0      0x5f4 c:/altera/13.0sp1/nios2eds/bin/gnu/h-i686-mingw32/bin/../lib/gcc/nios2-elf/4.1.2/../../../../nios2-elf/lib/mno-hw-mul\libc.a(lib_a-reallocr.o)
                0x010018f0                _realloc_r
 .text          0x01001ee4       0x70 c:/altera/13.0sp1/nios2eds/bin/gnu/h-i686-mingw32/bin/../lib/gcc/nios2-elf/4.1.2/../../../../nios2-elf/lib/mno-hw-mul\libc.a(lib_a-sbrkr.o)
                0x01001ee4                _sbrk_r
 .text          0x01001f54      0x13c c:/altera/13.0sp1/nios2eds/bin/gnu/h-i686-mingw32/bin/../lib/gcc/nios2-elf/4.1.2/../../../../nios2-elf/lib/mno-hw-mul\libc.a(lib_a-wsetup.o)
                0x01001f54                __swsetup_r
 .text          0x01002090      0x230 c:/altera/13.0sp1/nios2eds/bin/gnu/h-i686-mingw32/bin/../lib/gcc/nios2-elf/4.1.2/../../../../nios2-elf/lib/mno-hw-mul\libc.a(lib_a-fflush.o)
                0x01002090                _fflush_r
                0x0100228c                fflush
 .text          0x010022c0      0x2f4 c:/altera/13.0sp1/nios2eds/bin/gnu/h-i686-mingw32/bin/../lib/gcc/nios2-elf/4.1.2/../../../../nios2-elf/lib/mno-hw-mul\libc.a(lib_a-findfp.o)
                0x01002318                __sfp_lock_acquire
                0x0100231c                __sfp_lock_release
                0x01002320                __sinit_lock_acquire
                0x01002324                __sinit_lock_release
                0x01002328                __sinit
                0x010023dc                __fp_unlock_all
                0x010023f4                __fp_lock_all
                0x0100240c                _cleanup_r
                0x01002418                _cleanup
                0x01002428                __sfmoreglue
                0x010024c4                __sfp
 .text          0x010025b4      0x440 c:/altera/13.0sp1/nios2eds/bin/gnu/h-i686-mingw32/bin/../lib/gcc/nios2-elf/4.1.2/../../../../nios2-elf/lib/mno-hw-mul\libc.a(lib_a-freer.o)
                0x010025b4                _malloc_trim_r
                0x010026e0                _free_r
 .text          0x010029f4      0x180 c:/altera/13.0sp1/nios2eds/bin/gnu/h-i686-mingw32/bin/../lib/gcc/nios2-elf/4.1.2/../../../../nios2-elf/lib/mno-hw-mul\libc.a(lib_a-fwalk.o)
                0x010029f4                _fwalk_reent
                0x01002abc                _fwalk
 .text          0x01002b74        0x0 c:/altera/13.0sp1/nios2eds/bin/gnu/h-i686-mingw32/bin/../lib/gcc/nios2-elf/4.1.2/../../../../nios2-elf/lib/mno-hw-mul\libc.a(lib_a-int_errno.o)
 .text          0x01002b74      0x194 c:/altera/13.0sp1/nios2eds/bin/gnu/h-i686-mingw32/bin/../lib/gcc/nios2-elf/4.1.2/../../../../nios2-elf/lib/mno-hw-mul\libc.a(lib_a-makebuf.o)
                0x01002b74                __smakebuf_r
 .text          0x01002d08       0x98 c:/altera/13.0sp1/nios2eds/bin/gnu/h-i686-mingw32/bin/../lib/gcc/nios2-elf/4.1.2/../../../../nios2-elf/lib/mno-hw-mul\libc.a(lib_a-memset.o)
                0x01002d08                memset
 .text          0x01002da0      0x14c c:/altera/13.0sp1/nios2eds/bin/gnu/h-i686-mingw32/bin/../lib/gcc/nios2-elf/4.1.2/../../../../nios2-elf/lib/mno-hw-mul\libc.a(lib_a-stdio.o)
                0x01002da0                __sclose
                0x01002da8                __sseek
                0x01002e10                __swrite
                0x01002e8c                __sread
 .text          0x01002eec       0x78 c:/altera/13.0sp1/nios2eds/bin/gnu/h-i686-mingw32/bin/../lib/gcc/nios2-elf/4.1.2/../../../../nios2-elf/lib/mno-hw-mul\libc.a(lib_a-writer.o)
                0x01002eec                _write_r
 .text          0x01002f64       0x70 c:/altera/13.0sp1/nios2eds/bin/gnu/h-i686-mingw32/bin/../lib/gcc/nios2-elf/4.1.2/../../../../nios2-elf/lib/mno-hw-mul\libc.a(lib_a-closer.o)
                0x01002f64                _close_r
 .text          0x01002fd4      0x124 c:/altera/13.0sp1/nios2eds/bin/gnu/h-i686-mingw32/bin/../lib/gcc/nios2-elf/4.1.2/../../../../nios2-elf/lib/mno-hw-mul\libc.a(lib_a-fclose.o)
                0x01002fd4                _fclose_r
                0x010030e4                fclose
 .text          0x010030f8       0x74 c:/altera/13.0sp1/nios2eds/bin/gnu/h-i686-mingw32/bin/../lib/gcc/nios2-elf/4.1.2/../../../../nios2-elf/lib/mno-hw-mul\libc.a(lib_a-fstatr.o)
                0x010030f8                _fstat_r
 .text          0x0100316c       0x70 c:/altera/13.0sp1/nios2eds/bin/gnu/h-i686-mingw32/bin/../lib/gcc/nios2-elf/4.1.2/../../../../nios2-elf/lib/mno-hw-mul\libc.a(lib_a-isattyr.o)
                0x0100316c                _isatty_r
 .text          0x010031dc       0x78 c:/altera/13.0sp1/nios2eds/bin/gnu/h-i686-mingw32/bin/../lib/gcc/nios2-elf/4.1.2/../../../../nios2-elf/lib/mno-hw-mul\libc.a(lib_a-lseekr.o)
                0x010031dc                _lseek_r
 .text          0x01003254       0x78 c:/altera/13.0sp1/nios2eds/bin/gnu/h-i686-mingw32/bin/../lib/gcc/nios2-elf/4.1.2/../../../../nios2-elf/lib/mno-hw-mul\libc.a(lib_a-readr.o)
                0x01003254                _read_r
 .text          0x010032cc       0x38 c:/altera/13.0sp1/nios2eds/bin/gnu/h-i686-mingw32/bin/../lib/gcc/nios2-elf/4.1.2/mno-hw-mul\libgcc.a(lib2-mul.o)
                0x010032cc                __mulsi3
 .text          0x01003304      0x160 ../Mod2_DE2_program_bsp/\libhal_bsp.a(alt_close.o)
                0x01003304                close
 .text          0x01003464       0x2c ../Mod2_DE2_program_bsp/\libhal_bsp.a(alt_dev.o)
 .text          0x01003490        0x0 ../Mod2_DE2_program_bsp/\libhal_bsp.a(alt_errno.o)
 .text          0x01003490      0x138 ../Mod2_DE2_program_bsp/\libhal_bsp.a(alt_fstat.o)
                0x01003490                fstat
 .text          0x010035c8      0x1c0 ../Mod2_DE2_program_bsp/\libhal_bsp.a(alt_irq_register.o)
                0x010035c8                alt_irq_register
 .text          0x01003788        0x0 ../Mod2_DE2_program_bsp/\libhal_bsp.a(alt_irq_vars.o)
 .text          0x01003788      0x124 ../Mod2_DE2_program_bsp/\libhal_bsp.a(alt_isatty.o)
                0x01003788                isatty
 .text          0x010038ac       0xec ../Mod2_DE2_program_bsp/\libhal_bsp.a(alt_load.o)
                0x010038ac                alt_load
 .text          0x01003998      0x154 ../Mod2_DE2_program_bsp/\libhal_bsp.a(alt_lseek.o)
                0x01003998                lseek
 .text          0x01003aec       0x6c ../Mod2_DE2_program_bsp/\libhal_bsp.a(alt_main.o)
                0x01003aec                alt_main
 .text          0x01003b58       0x40 ../Mod2_DE2_program_bsp/\libhal_bsp.a(alt_malloc_lock.o)
                0x01003b58                __malloc_lock
                0x01003b78                __malloc_unlock
 .text          0x01003b98      0x2e4 ../Mod2_DE2_program_bsp/\libhal_bsp.a(alt_open.o)
                0x01003c90                open
 .text          0x01003e7c      0x258 ../Mod2_DE2_program_bsp/\libhal_bsp.a(alt_printf.o)
                0x01003e7c                alt_printf
 .text          0x010040d4       0x40 ../Mod2_DE2_program_bsp/\libhal_bsp.a(alt_putchar.o)
                0x010040d4                alt_putchar
 .text          0x01004114      0x184 ../Mod2_DE2_program_bsp/\libhal_bsp.a(alt_read.o)
                0x01004114                read
 .text          0x01004298       0x78 ../Mod2_DE2_program_bsp/\libhal_bsp.a(alt_release_fd.o)
                0x01004298                alt_release_fd
 .text          0x01004310       0xbc ../Mod2_DE2_program_bsp/\libhal_bsp.a(alt_sbrk.o)
                0x01004310                sbrk
 .text          0x010043cc      0x184 ../Mod2_DE2_program_bsp/\libhal_bsp.a(alt_write.o)
                0x010043cc                write
 .text          0x01004550      0x120 ../Mod2_DE2_program_bsp/\libhal_bsp.a(alt_sys_init.o)
                0x01004550                alt_irq_init
                0x01004584                alt_sys_init
 .text          0x01004670      0x148 ../Mod2_DE2_program_bsp/\libhal_bsp.a(altera_avalon_jtag_uart_fd.o)
                0x01004670                altera_avalon_jtag_uart_read_fd
                0x010046c8                altera_avalon_jtag_uart_write_fd
                0x01004720                altera_avalon_jtag_uart_close_fd
                0x01004768                altera_avalon_jtag_uart_ioctl_fd
 .text          0x010047b8      0x408 ../Mod2_DE2_program_bsp/\libhal_bsp.a(altera_avalon_jtag_uart_init.o)
                0x010047b8                altera_avalon_jtag_uart_init
                0x01004b4c                altera_avalon_jtag_uart_close
 .text          0x01004bc0       0xf4 ../Mod2_DE2_program_bsp/\libhal_bsp.a(altera_avalon_jtag_uart_ioctl.o)
                0x01004bc0                altera_avalon_jtag_uart_ioctl
 .text          0x01004cb4      0x224 ../Mod2_DE2_program_bsp/\libhal_bsp.a(altera_avalon_jtag_uart_read.o)
                0x01004cb4                altera_avalon_jtag_uart_read
 .text          0x01004ed8      0x240 ../Mod2_DE2_program_bsp/\libhal_bsp.a(altera_avalon_jtag_uart_write.o)
                0x01004ed8                altera_avalon_jtag_uart_write
 .text          0x01005118       0xfc ../Mod2_DE2_program_bsp/\libhal_bsp.a(altera_avalon_timer_sc.o)
                0x0100518c                alt_avalon_timer_sc_init
 .text          0x01005214       0xf8 ../Mod2_DE2_program_bsp/\libhal_bsp.a(altera_avalon_uart_fd.o)
                0x01005214                altera_avalon_uart_read_fd
                0x0100526c                altera_avalon_uart_write_fd
                0x010052c4                altera_avalon_uart_close_fd
 .text          0x0100530c      0x3fc ../Mod2_DE2_program_bsp/\libhal_bsp.a(altera_avalon_uart_init.o)
                0x0100530c                altera_avalon_uart_init
                0x010056a8                altera_avalon_uart_close
 .text          0x01005708      0x290 ../Mod2_DE2_program_bsp/\libhal_bsp.a(altera_avalon_uart_read.o)
                0x01005708                altera_avalon_uart_read
 .text          0x01005998      0x228 ../Mod2_DE2_program_bsp/\libhal_bsp.a(altera_avalon_uart_write.o)
                0x01005998                altera_avalon_uart_write
 .text          0x01005bc0      0x80c ../Mod2_DE2_program_bsp/\libhal_bsp.a(altera_up_avalon_audio.o)
                0x01005bc0                alt_up_audio_open_dev
                0x01005c00                alt_up_audio_enable_read_interrupt
                0x01005c4c                alt_up_audio_disable_read_interrupt
                0x01005c9c                alt_up_audio_enable_write_interrupt
                0x01005ce8                alt_up_audio_disable_write_interrupt
                0x01005d38                alt_up_audio_read_interrupt_pending
                0x01005d74                alt_up_audio_write_interrupt_pending
                0x01005db0                alt_up_audio_reset_audio_core
                0x01005e38                alt_up_audio_read_fifo_avail
                0x01005ea8                alt_up_audio_record_r
                0x01005f18                alt_up_audio_record_l
                0x01005f88                alt_up_audio_write_fifo_space
                0x01005ffc                alt_up_audio_play_r
                0x0100606c                alt_up_audio_play_l
                0x010060dc                alt_up_audio_read_fifo
                0x010061e0                alt_up_audio_write_fifo
                0x0100630c                alt_up_audio_read_fifo_head
                0x0100636c                alt_up_audio_write_fifo_head
 .text          0x010063cc      0x788 ../Mod2_DE2_program_bsp/\libhal_bsp.a(altera_up_avalon_audio_and_video_config.o)
                0x010063cc                alt_up_av_config_open_dev
                0x01006430                alt_up_av_config_write_data
                0x01006494                alt_up_av_config_read_data
                0x01006520                alt_up_av_config_reset
                0x01006558                alt_up_av_config_enable_interrupt
                0x01006590                alt_up_av_config_disable_interrupt
                0x010065c0                alt_up_av_config_read_acknowledge
                0x01006628                alt_up_av_config_read_ready
                0x01006660                alt_up_av_config_write_audio_cfg_register
                0x0100670c                alt_up_av_config_read_video_cfg_register
                0x01006804                alt_up_av_config_write_video_cfg_register
                0x010068fc                alt_up_av_config_read_DC2_cfg_register
                0x01006960                alt_up_av_config_write_DC2_cfg_register
                0x010069c4                alt_up_av_config_read_D5M_cfg_register
                0x01006a28                alt_up_av_config_write_D5M_cfg_register
                0x01006a8c                alt_up_av_config_read_LTM_cfg_register
                0x01006af0                alt_up_av_config_write_LTM_cfg_register
 .text          0x01006b54      0x530 ../Mod2_DE2_program_bsp/\libhal_bsp.a(altera_up_avalon_character_lcd.o)
                0x01006b54                get_DDRAM_addr
                0x01006bd0                alt_up_character_lcd_send_cmd
                0x01006c04                alt_up_character_lcd_init
                0x01006c38                alt_up_character_lcd_open_dev
                0x01006c78                alt_up_character_lcd_write
                0x01006cf0                alt_up_character_lcd_string
                0x01006d68                alt_up_character_lcd_write_fd
                0x01006db4                alt_up_character_lcd_set_cursor_pos
                0x01006e2c                alt_up_character_lcd_shift_cursor
                0x01006edc                alt_up_character_lcd_shift_display
                0x01006f8c                alt_up_character_lcd_erase_pos
                0x0100701c                alt_up_character_lcd_cursor_off
                0x01007050                alt_up_character_lcd_cursor_blink_on
 .text          0x01007084      0x154 ../Mod2_DE2_program_bsp/\libhal_bsp.a(alt_alarm_start.o)
                0x01007084                alt_alarm_start
 .text          0x010071d8       0x1c ../Mod2_DE2_program_bsp/\libhal_bsp.a(alt_dcache_flush_all.o)
                0x010071d8                alt_dcache_flush_all
 .text          0x010071f4      0x114 ../Mod2_DE2_program_bsp/\libhal_bsp.a(alt_dev_llist_insert.o)
                0x010071f4                alt_dev_llist_insert
 .text          0x01007308       0x64 ../Mod2_DE2_program_bsp/\libhal_bsp.a(alt_do_ctors.o)
                0x01007308                _do_ctors
 .text          0x0100736c       0x64 ../Mod2_DE2_program_bsp/\libhal_bsp.a(alt_do_dtors.o)
                0x0100736c                _do_dtors
 .text          0x010073d0       0x94 ../Mod2_DE2_program_bsp/\libhal_bsp.a(alt_find_dev.o)
                0x010073d0                alt_find_dev
 .text          0x01007464      0x120 ../Mod2_DE2_program_bsp/\libhal_bsp.a(alt_find_file.o)
                0x01007464                alt_find_file
 .text          0x01007584       0xd0 ../Mod2_DE2_program_bsp/\libhal_bsp.a(alt_get_fd.o)
                0x01007584                alt_get_fd
 .text          0x01007654       0x1c ../Mod2_DE2_program_bsp/\libhal_bsp.a(alt_icache_flush_all.o)
                0x01007654                alt_icache_flush_all
 .text          0x01007670      0x150 ../Mod2_DE2_program_bsp/\libhal_bsp.a(alt_io_redirect.o)
                0x01007748                alt_io_redirect
 .text          0x010077c0        0x0 ../Mod2_DE2_program_bsp/\libhal_bsp.a(alt_irq_entry.o)
 .text          0x010077c0        0x0 ../Mod2_DE2_program_bsp/\libhal_bsp.a(alt_irq_handler.o)
 .text          0x010077c0      0x1a4 ../Mod2_DE2_program_bsp/\libhal_bsp.a(alt_tick.o)
                0x010077c0                alt_alarm_stop
                0x01007858                alt_tick
 .text          0x01007964       0x20 ../Mod2_DE2_program_bsp/\libhal_bsp.a(altera_nios2_qsys_irq.o)
                0x01007964                altera_nios2_qsys_irq_init
 .text          0x01007984        0x0 ../Mod2_DE2_program_bsp/\libhal_bsp.a(alt_exception_entry.o)
 .text          0x01007984       0x14 c:/altera/13.0sp1/nios2eds/bin/gnu/h-i686-mingw32/bin/../lib/gcc/nios2-elf/4.1.2/../../../../nios2-elf/lib/mno-hw-mul\libc.a(lib_a-atexit.o)
                0x01007984                atexit
 .text          0x01007998       0x38 c:/altera/13.0sp1/nios2eds/bin/gnu/h-i686-mingw32/bin/../lib/gcc/nios2-elf/4.1.2/../../../../nios2-elf/lib/mno-hw-mul\libc.a(lib_a-exit.o)
                0x01007998                exit
 .text          0x010079d0       0x74 c:/altera/13.0sp1/nios2eds/bin/gnu/h-i686-mingw32/bin/../lib/gcc/nios2-elf/4.1.2/../../../../nios2-elf/lib/mno-hw-mul\libc.a(lib_a-memcmp.o)
                0x010079d0                memcmp
 .text          0x01007a44      0x1ec c:/altera/13.0sp1/nios2eds/bin/gnu/h-i686-mingw32/bin/../lib/gcc/nios2-elf/4.1.2/../../../../nios2-elf/lib/mno-hw-mul\libc.a(lib_a-putc.o)
                0x01007a44                putc
                0x01007b48                _putc_r
 .text          0x01007c30      0x14c c:/altera/13.0sp1/nios2eds/bin/gnu/h-i686-mingw32/bin/../lib/gcc/nios2-elf/4.1.2/../../../../nios2-elf/lib/mno-hw-mul\libc.a(lib_a-wbuf.o)
                0x01007c30                __swbuf_r
                0x01007d60                __swbuf
 .text          0x01007d7c      0x134 c:/altera/13.0sp1/nios2eds/bin/gnu/h-i686-mingw32/bin/../lib/gcc/nios2-elf/4.1.2/../../../../nios2-elf/lib/mno-hw-mul\libc.a(lib_a-__atexit.o)
                0x01007d7c                __register_exitproc
 .text          0x01007eb0      0x1b4 c:/altera/13.0sp1/nios2eds/bin/gnu/h-i686-mingw32/bin/../lib/gcc/nios2-elf/4.1.2/../../../../nios2-elf/lib/mno-hw-mul\libc.a(lib_a-__call_atexit.o)
                0x01007eb4                __call_exitprocs
 .text          0x01008064       0x60 ../Mod2_DE2_program_bsp/\libhal_bsp.a(alt_exit.o)
                0x010080a4                _exit
 *(.gnu.warning.*)
 *(.fini)
                0x010080c4                PROVIDE (__etext, ABSOLUTE (.))
                0x010080c4                PROVIDE (_etext, ABSOLUTE (.))
                0x010080c4                PROVIDE (etext, ABSOLUTE (.))
 *(.eh_frame_hdr)
                0x010080c4                . = ALIGN (0x4)
                0x010080c4                PROVIDE (__preinit_array_start, ABSOLUTE (.))
 *(.preinit_array)
                0x010080c4                PROVIDE (__preinit_array_end, ABSOLUTE (.))
                0x010080c4                PROVIDE (__init_array_start, ABSOLUTE (.))
 *(.init_array)
                0x010080c4                PROVIDE (__init_array_end, ABSOLUTE (.))
                0x010080c4                PROVIDE (__fini_array_start, ABSOLUTE (.))
 *(.fini_array)
                0x010080c4                PROVIDE (__fini_array_end, ABSOLUTE (.))
 *(.eh_frame)
 *(.gcc_except_table)
 *(.dynamic)
                0x010080c4                PROVIDE (__CTOR_LIST__, ABSOLUTE (.))
 *(.ctors)
 *(SORT(.ctors.*))
 .ctors.65535   0x010080c4        0x4 c:/altera/13.0sp1/nios2eds/bin/gnu/h-i686-mingw32/bin/../lib/gcc/nios2-elf/4.1.2/../../../../nios2-elf/lib/mno-hw-mul\libc.a(lib_a-__call_atexit.o)
                0x010080c8                PROVIDE (__CTOR_END__, ABSOLUTE (.))
                0x010080c8                PROVIDE (__DTOR_LIST__, ABSOLUTE (.))
 *(.dtors)
 *(SORT(.dtors.*))
                0x010080c8                PROVIDE (__DTOR_END__, ABSOLUTE (.))
 *(.jcr)
                0x010080c8                . = ALIGN (0x4)

.rodata         0x010080c8      0x220
                0x010080c8                PROVIDE (__ram_rodata_start, ABSOLUTE (.))
                0x010080c8                . = ALIGN (0x4)
 *(.rodata .rodata.* .gnu.linkonce.r.*)
 .rodata        0x010080c8      0x170 obj/default/Mod2_DE2_program.o
 .rodata.str1.4
                0x01008238        0x2 c:/altera/13.0sp1/nios2eds/bin/gnu/h-i686-mingw32/bin/../lib/gcc/nios2-elf/4.1.2/../../../../nios2-elf/lib/mno-hw-mul\libc.a(lib_a-puts.o)
                                  0x4 (size before relaxing)
 *fill*         0x0100823a        0x2 00
 .rodata.str1.4
                0x0100823c        0x4 c:/altera/13.0sp1/nios2eds/bin/gnu/h-i686-mingw32/bin/../lib/gcc/nios2-elf/4.1.2/../../../../nios2-elf/lib/mno-hw-mul\libc.a(lib_a-impure.o)
 .rodata        0x01008240        0xc ../Mod2_DE2_program_bsp/\libhal_bsp.a(alt_dev.o)
 .rodata        0x0100824c       0x14 ../Mod2_DE2_program_bsp/\libhal_bsp.a(alt_main.o)
 .rodata        0x01008260       0x88 ../Mod2_DE2_program_bsp/\libhal_bsp.a(alt_sys_init.o)
 *(.rodata1)
                0x010082e8                . = ALIGN (0x4)
                0x010082e8                PROVIDE (__ram_rodata_end, ABSOLUTE (.))
                0x010080c8                PROVIDE (__flash_rodata_start, LOADADDR (.rodata))

.rwdata         0x010082e8     0x1bcc load address 0x01009eb4
                0x010082e8                PROVIDE (__ram_rwdata_start, ABSOLUTE (.))
                0x010082e8                . = ALIGN (0x4)
 *(.got.plt)
 *(.got)
 *(.data1)
 *(.data .data.* .gnu.linkonce.d.*)
 .data          0x010082e8        0x0 ../Mod2_DE2_program_bsp//obj/HAL/src/crt0.o
 .data          0x010082e8        0x0 obj/default/Mod2_DE2_program.o
 .data          0x010082e8        0x0 c:/altera/13.0sp1/nios2eds/bin/gnu/h-i686-mingw32/bin/../lib/gcc/nios2-elf/4.1.2/../../../../nios2-elf/lib/mno-hw-mul\libc.a(lib_a-puts.o)
 .data          0x010082e8        0x0 c:/altera/13.0sp1/nios2eds/bin/gnu/h-i686-mingw32/bin/../lib/gcc/nios2-elf/4.1.2/../../../../nios2-elf/lib/mno-hw-mul\libc.a(lib_a-strcmp.o)
 .data          0x010082e8        0x0 c:/altera/13.0sp1/nios2eds/bin/gnu/h-i686-mingw32/bin/../lib/gcc/nios2-elf/4.1.2/../../../../nios2-elf/lib/mno-hw-mul\libc.a(lib_a-strlen.o)
 .data          0x010082e8        0x0 c:/altera/13.0sp1/nios2eds/bin/gnu/h-i686-mingw32/bin/../lib/gcc/nios2-elf/4.1.2/../../../../nios2-elf/lib/mno-hw-mul\libc.a(lib_a-fvwrite.o)
 .data          0x010082e8      0x400 c:/altera/13.0sp1/nios2eds/bin/gnu/h-i686-mingw32/bin/../lib/gcc/nios2-elf/4.1.2/../../../../nios2-elf/lib/mno-hw-mul\libc.a(lib_a-impure.o)
 .data          0x010086e8      0x408 c:/altera/13.0sp1/nios2eds/bin/gnu/h-i686-mingw32/bin/../lib/gcc/nios2-elf/4.1.2/../../../../nios2-elf/lib/mno-hw-mul\libc.a(lib_a-mallocr.o)
                0x010086e8                __malloc_av_
 .data          0x01008af0        0x0 c:/altera/13.0sp1/nios2eds/bin/gnu/h-i686-mingw32/bin/../lib/gcc/nios2-elf/4.1.2/../../../../nios2-elf/lib/mno-hw-mul\libc.a(lib_a-memchr.o)
 .data          0x01008af0        0x0 c:/altera/13.0sp1/nios2eds/bin/gnu/h-i686-mingw32/bin/../lib/gcc/nios2-elf/4.1.2/../../../../nios2-elf/lib/mno-hw-mul\libc.a(lib_a-memcpy.o)
 .data          0x01008af0        0x0 c:/altera/13.0sp1/nios2eds/bin/gnu/h-i686-mingw32/bin/../lib/gcc/nios2-elf/4.1.2/../../../../nios2-elf/lib/mno-hw-mul\libc.a(lib_a-memmove.o)
 .data          0x01008af0        0x0 c:/altera/13.0sp1/nios2eds/bin/gnu/h-i686-mingw32/bin/../lib/gcc/nios2-elf/4.1.2/../../../../nios2-elf/lib/mno-hw-mul\libc.a(lib_a-reallocr.o)
 .data          0x01008af0        0x0 c:/altera/13.0sp1/nios2eds/bin/gnu/h-i686-mingw32/bin/../lib/gcc/nios2-elf/4.1.2/../../../../nios2-elf/lib/mno-hw-mul\libc.a(lib_a-sbrkr.o)
 .data          0x01008af0        0x0 c:/altera/13.0sp1/nios2eds/bin/gnu/h-i686-mingw32/bin/../lib/gcc/nios2-elf/4.1.2/../../../../nios2-elf/lib/mno-hw-mul\libc.a(lib_a-wsetup.o)
 .data          0x01008af0        0x0 c:/altera/13.0sp1/nios2eds/bin/gnu/h-i686-mingw32/bin/../lib/gcc/nios2-elf/4.1.2/../../../../nios2-elf/lib/mno-hw-mul\libc.a(lib_a-fflush.o)
 .data          0x01008af0        0x0 c:/altera/13.0sp1/nios2eds/bin/gnu/h-i686-mingw32/bin/../lib/gcc/nios2-elf/4.1.2/../../../../nios2-elf/lib/mno-hw-mul\libc.a(lib_a-findfp.o)
 .data          0x01008af0        0x0 c:/altera/13.0sp1/nios2eds/bin/gnu/h-i686-mingw32/bin/../lib/gcc/nios2-elf/4.1.2/../../../../nios2-elf/lib/mno-hw-mul\libc.a(lib_a-freer.o)
 .data          0x01008af0        0x0 c:/altera/13.0sp1/nios2eds/bin/gnu/h-i686-mingw32/bin/../lib/gcc/nios2-elf/4.1.2/../../../../nios2-elf/lib/mno-hw-mul\libc.a(lib_a-fwalk.o)
 .data          0x01008af0        0x0 c:/altera/13.0sp1/nios2eds/bin/gnu/h-i686-mingw32/bin/../lib/gcc/nios2-elf/4.1.2/../../../../nios2-elf/lib/mno-hw-mul\libc.a(lib_a-int_errno.o)
 .data          0x01008af0        0x0 c:/altera/13.0sp1/nios2eds/bin/gnu/h-i686-mingw32/bin/../lib/gcc/nios2-elf/4.1.2/../../../../nios2-elf/lib/mno-hw-mul\libc.a(lib_a-makebuf.o)
 .data          0x01008af0        0x0 c:/altera/13.0sp1/nios2eds/bin/gnu/h-i686-mingw32/bin/../lib/gcc/nios2-elf/4.1.2/../../../../nios2-elf/lib/mno-hw-mul\libc.a(lib_a-memset.o)
 .data          0x01008af0        0x0 c:/altera/13.0sp1/nios2eds/bin/gnu/h-i686-mingw32/bin/../lib/gcc/nios2-elf/4.1.2/../../../../nios2-elf/lib/mno-hw-mul\libc.a(lib_a-stdio.o)
 .data          0x01008af0        0x0 c:/altera/13.0sp1/nios2eds/bin/gnu/h-i686-mingw32/bin/../lib/gcc/nios2-elf/4.1.2/../../../../nios2-elf/lib/mno-hw-mul\libc.a(lib_a-writer.o)
 .data          0x01008af0        0x0 c:/altera/13.0sp1/nios2eds/bin/gnu/h-i686-mingw32/bin/../lib/gcc/nios2-elf/4.1.2/../../../../nios2-elf/lib/mno-hw-mul\libc.a(lib_a-closer.o)
 .data          0x01008af0        0x0 c:/altera/13.0sp1/nios2eds/bin/gnu/h-i686-mingw32/bin/../lib/gcc/nios2-elf/4.1.2/../../../../nios2-elf/lib/mno-hw-mul\libc.a(lib_a-fclose.o)
 .data          0x01008af0        0x0 c:/altera/13.0sp1/nios2eds/bin/gnu/h-i686-mingw32/bin/../lib/gcc/nios2-elf/4.1.2/../../../../nios2-elf/lib/mno-hw-mul\libc.a(lib_a-fstatr.o)
 .data          0x01008af0        0x0 c:/altera/13.0sp1/nios2eds/bin/gnu/h-i686-mingw32/bin/../lib/gcc/nios2-elf/4.1.2/../../../../nios2-elf/lib/mno-hw-mul\libc.a(lib_a-isattyr.o)
 .data          0x01008af0        0x0 c:/altera/13.0sp1/nios2eds/bin/gnu/h-i686-mingw32/bin/../lib/gcc/nios2-elf/4.1.2/../../../../nios2-elf/lib/mno-hw-mul\libc.a(lib_a-lseekr.o)
 .data          0x01008af0        0x0 c:/altera/13.0sp1/nios2eds/bin/gnu/h-i686-mingw32/bin/../lib/gcc/nios2-elf/4.1.2/../../../../nios2-elf/lib/mno-hw-mul\libc.a(lib_a-readr.o)
 .data          0x01008af0        0x0 c:/altera/13.0sp1/nios2eds/bin/gnu/h-i686-mingw32/bin/../lib/gcc/nios2-elf/4.1.2/mno-hw-mul\libgcc.a(lib2-mul.o)
 .data          0x01008af0        0x0 ../Mod2_DE2_program_bsp/\libhal_bsp.a(alt_close.o)
 .data          0x01008af0      0x1a8 ../Mod2_DE2_program_bsp/\libhal_bsp.a(alt_dev.o)
                0x01008af0                alt_dev_null
                0x01008b18                alt_fd_list
 .data          0x01008c98        0x0 ../Mod2_DE2_program_bsp/\libhal_bsp.a(alt_errno.o)
 .data          0x01008c98        0x0 ../Mod2_DE2_program_bsp/\libhal_bsp.a(alt_fstat.o)
 .data          0x01008c98        0x0 ../Mod2_DE2_program_bsp/\libhal_bsp.a(alt_irq_register.o)
 .data          0x01008c98        0x0 ../Mod2_DE2_program_bsp/\libhal_bsp.a(alt_irq_vars.o)
 .data          0x01008c98        0x0 ../Mod2_DE2_program_bsp/\libhal_bsp.a(alt_isatty.o)
 .data          0x01008c98        0x0 ../Mod2_DE2_program_bsp/\libhal_bsp.a(alt_load.o)
 .data          0x01008c98        0x0 ../Mod2_DE2_program_bsp/\libhal_bsp.a(alt_lseek.o)
 .data          0x01008c98        0x0 ../Mod2_DE2_program_bsp/\libhal_bsp.a(alt_main.o)
 .data          0x01008c98        0x0 ../Mod2_DE2_program_bsp/\libhal_bsp.a(alt_malloc_lock.o)
 .data          0x01008c98        0x0 ../Mod2_DE2_program_bsp/\libhal_bsp.a(alt_open.o)
 .data          0x01008c98        0x0 ../Mod2_DE2_program_bsp/\libhal_bsp.a(alt_printf.o)
 .data          0x01008c98        0x0 ../Mod2_DE2_program_bsp/\libhal_bsp.a(alt_putchar.o)
 .data          0x01008c98        0x0 ../Mod2_DE2_program_bsp/\libhal_bsp.a(alt_read.o)
 .data          0x01008c98        0x0 ../Mod2_DE2_program_bsp/\libhal_bsp.a(alt_release_fd.o)
 .data          0x01008c98        0x0 ../Mod2_DE2_program_bsp/\libhal_bsp.a(alt_sbrk.o)
 .data          0x01008c98        0x0 ../Mod2_DE2_program_bsp/\libhal_bsp.a(alt_write.o)
 .data          0x01008c98     0x11dc ../Mod2_DE2_program_bsp/\libhal_bsp.a(alt_sys_init.o)
 .data          0x01009e74        0x0 ../Mod2_DE2_program_bsp/\libhal_bsp.a(altera_avalon_jtag_uart_fd.o)
 .data          0x01009e74        0x0 ../Mod2_DE2_program_bsp/\libhal_bsp.a(altera_avalon_jtag_uart_init.o)
 .data          0x01009e74        0x0 ../Mod2_DE2_program_bsp/\libhal_bsp.a(altera_avalon_jtag_uart_ioctl.o)
 .data          0x01009e74        0x0 ../Mod2_DE2_program_bsp/\libhal_bsp.a(altera_avalon_jtag_uart_read.o)
 .data          0x01009e74        0x0 ../Mod2_DE2_program_bsp/\libhal_bsp.a(altera_avalon_jtag_uart_write.o)
 .data          0x01009e74        0x0 ../Mod2_DE2_program_bsp/\libhal_bsp.a(altera_avalon_timer_sc.o)
 .data          0x01009e74        0x0 ../Mod2_DE2_program_bsp/\libhal_bsp.a(altera_avalon_uart_fd.o)
 .data          0x01009e74        0x0 ../Mod2_DE2_program_bsp/\libhal_bsp.a(altera_avalon_uart_init.o)
 .data          0x01009e74        0x0 ../Mod2_DE2_program_bsp/\libhal_bsp.a(altera_avalon_uart_read.o)
 .data          0x01009e74        0x0 ../Mod2_DE2_program_bsp/\libhal_bsp.a(altera_avalon_uart_write.o)
 .data          0x01009e74        0x0 ../Mod2_DE2_program_bsp/\libhal_bsp.a(altera_up_avalon_audio.o)
 .data          0x01009e74        0x0 ../Mod2_DE2_program_bsp/\libhal_bsp.a(altera_up_avalon_audio_and_video_config.o)
 .data          0x01009e74        0x0 ../Mod2_DE2_program_bsp/\libhal_bsp.a(altera_up_avalon_character_lcd.o)
 .data          0x01009e74        0x0 ../Mod2_DE2_program_bsp/\libhal_bsp.a(alt_alarm_start.o)
 .data          0x01009e74        0x0 ../Mod2_DE2_program_bsp/\libhal_bsp.a(alt_dcache_flush_all.o)
 .data          0x01009e74        0x0 ../Mod2_DE2_program_bsp/\libhal_bsp.a(alt_dev_llist_insert.o)
 .data          0x01009e74        0x0 ../Mod2_DE2_program_bsp/\libhal_bsp.a(alt_do_ctors.o)
 .data          0x01009e74        0x0 ../Mod2_DE2_program_bsp/\libhal_bsp.a(alt_do_dtors.o)
 .data          0x01009e74        0x0 ../Mod2_DE2_program_bsp/\libhal_bsp.a(alt_find_dev.o)
 .data          0x01009e74        0x0 ../Mod2_DE2_program_bsp/\libhal_bsp.a(alt_find_file.o)
 .data          0x01009e74        0x0 ../Mod2_DE2_program_bsp/\libhal_bsp.a(alt_get_fd.o)
 .data          0x01009e74        0x0 ../Mod2_DE2_program_bsp/\libhal_bsp.a(alt_icache_flush_all.o)
 .data          0x01009e74        0x0 ../Mod2_DE2_program_bsp/\libhal_bsp.a(alt_io_redirect.o)
 .data          0x01009e74        0x0 ../Mod2_DE2_program_bsp/\libhal_bsp.a(alt_irq_entry.o)
 .data          0x01009e74        0x0 ../Mod2_DE2_program_bsp/\libhal_bsp.a(alt_irq_handler.o)
 .data          0x01009e74        0x0 ../Mod2_DE2_program_bsp/\libhal_bsp.a(alt_tick.o)
 .data          0x01009e74        0x0 ../Mod2_DE2_program_bsp/\libhal_bsp.a(altera_nios2_qsys_irq.o)
 .data          0x01009e74        0x0 ../Mod2_DE2_program_bsp/\libhal_bsp.a(alt_exception_entry.o)
 .data          0x01009e74        0x0 c:/altera/13.0sp1/nios2eds/bin/gnu/h-i686-mingw32/bin/../lib/gcc/nios2-elf/4.1.2/../../../../nios2-elf/lib/mno-hw-mul\libc.a(lib_a-atexit.o)
 .data          0x01009e74        0x0 c:/altera/13.0sp1/nios2eds/bin/gnu/h-i686-mingw32/bin/../lib/gcc/nios2-elf/4.1.2/../../../../nios2-elf/lib/mno-hw-mul\libc.a(lib_a-exit.o)
 .data          0x01009e74        0x0 c:/altera/13.0sp1/nios2eds/bin/gnu/h-i686-mingw32/bin/../lib/gcc/nios2-elf/4.1.2/../../../../nios2-elf/lib/mno-hw-mul\libc.a(lib_a-memcmp.o)
 .data          0x01009e74        0x0 c:/altera/13.0sp1/nios2eds/bin/gnu/h-i686-mingw32/bin/../lib/gcc/nios2-elf/4.1.2/../../../../nios2-elf/lib/mno-hw-mul\libc.a(lib_a-putc.o)
 .data          0x01009e74        0x0 c:/altera/13.0sp1/nios2eds/bin/gnu/h-i686-mingw32/bin/../lib/gcc/nios2-elf/4.1.2/../../../../nios2-elf/lib/mno-hw-mul\libc.a(lib_a-wbuf.o)
 .data          0x01009e74        0x0 c:/altera/13.0sp1/nios2eds/bin/gnu/h-i686-mingw32/bin/../lib/gcc/nios2-elf/4.1.2/../../../../nios2-elf/lib/mno-hw-mul\libc.a(lib_a-__atexit.o)
 .data          0x01009e74        0x0 c:/altera/13.0sp1/nios2eds/bin/gnu/h-i686-mingw32/bin/../lib/gcc/nios2-elf/4.1.2/../../../../nios2-elf/lib/mno-hw-mul\libc.a(lib_a-__call_atexit.o)
 .data          0x01009e74        0x0 ../Mod2_DE2_program_bsp/\libhal_bsp.a(alt_exit.o)
                0x01011e74                _gp = ABSOLUTE ((. + 0x8000))
                0x01011e74                PROVIDE (gp, _gp)
 *(.rwdata .rwdata.*)
 *(.sdata .sdata.* .gnu.linkonce.s.*)
 .sdata         0x01009e74        0x8 obj/default/Mod2_DE2_program.o
                0x01009e74                isComplete
                0x01009e78                amp
 .sdata         0x01009e7c        0x8 c:/altera/13.0sp1/nios2eds/bin/gnu/h-i686-mingw32/bin/../lib/gcc/nios2-elf/4.1.2/../../../../nios2-elf/lib/mno-hw-mul\libc.a(lib_a-impure.o)
                0x01009e7c                _impure_ptr
                0x01009e80                _global_impure_ptr
 .sdata         0x01009e84        0x8 c:/altera/13.0sp1/nios2eds/bin/gnu/h-i686-mingw32/bin/../lib/gcc/nios2-elf/4.1.2/../../../../nios2-elf/lib/mno-hw-mul\libc.a(lib_a-mallocr.o)
                0x01009e84                __malloc_trim_threshold
                0x01009e88                __malloc_sbrk_base
 .sdata         0x01009e8c       0x14 ../Mod2_DE2_program_bsp/\libhal_bsp.a(alt_dev.o)
                0x01009e8c                alt_fs_list
                0x01009e94                alt_dev_list
                0x01009e9c                alt_max_fd
 .sdata         0x01009ea0        0x4 ../Mod2_DE2_program_bsp/\libhal_bsp.a(alt_errno.o)
                0x01009ea0                alt_errno
 .sdata         0x01009ea4        0x4 ../Mod2_DE2_program_bsp/\libhal_bsp.a(alt_irq_vars.o)
                0x01009ea4                alt_priority_mask
 .sdata         0x01009ea8        0x4 ../Mod2_DE2_program_bsp/\libhal_bsp.a(alt_sbrk.o)
 .sdata         0x01009eac        0x8 ../Mod2_DE2_program_bsp/\libhal_bsp.a(alt_tick.o)
                0x01009eac                alt_alarm_list
 *(.sdata2 .sdata2.* .gnu.linkonce.s2.*)
                0x01009eb4                . = ALIGN (0x4)
                0x01009eb4                _edata = ABSOLUTE (.)
                0x01009eb4                PROVIDE (edata, ABSOLUTE (.))
                0x01009eb4                PROVIDE (__ram_rwdata_end, ABSOLUTE (.))
                0x01009eb4                PROVIDE (__flash_rwdata_start, LOADADDR (.rwdata))

.bss            0x0100ba80      0x3f0
                0x0100ba80                __bss_start = ABSOLUTE (.)
                0x0100ba80                PROVIDE (__sbss_start, ABSOLUTE (.))
                0x0100ba80                PROVIDE (___sbss_start, ABSOLUTE (.))
 *(.dynsbss)
 *(.sbss .sbss.* .gnu.linkonce.sb.*)
 .sbss          0x0100ba80        0x4 obj/default/Mod2_DE2_program.o
                0x0100ba80                ans
 .sbss          0x0100ba84        0xc obj/default/Mod2_DE2_program.o
                0x0100ba84                audio_dev
                0x0100ba88                char_lcd_dev
                0x0100ba8c                global_count
 .sbss          0x0100ba90        0xc c:/altera/13.0sp1/nios2eds/bin/gnu/h-i686-mingw32/bin/../lib/gcc/nios2-elf/4.1.2/../../../../nios2-elf/lib/mno-hw-mul\libc.a(lib_a-mallocr.o)
                0x0100ba90                __malloc_top_pad
                0x0100ba94                __malloc_max_sbrked_mem
                0x0100ba98                __malloc_max_total_mem
 .sbss          0x0100ba9c        0x4 c:/altera/13.0sp1/nios2eds/bin/gnu/h-i686-mingw32/bin/../lib/gcc/nios2-elf/4.1.2/../../../../nios2-elf/lib/mno-hw-mul\libc.a(lib_a-int_errno.o)
                0x0100ba9c                errno
 .sbss          0x0100baa0        0x4 ../Mod2_DE2_program_bsp/\libhal_bsp.a(alt_irq_vars.o)
                0x0100baa0                alt_irq_active
 .sbss          0x0100baa4        0xc ../Mod2_DE2_program_bsp/\libhal_bsp.a(alt_main.o)
                0x0100baa4                alt_argc
                0x0100baa8                alt_argv
                0x0100baac                alt_envp
 .sbss          0x0100bab0        0x8 ../Mod2_DE2_program_bsp/\libhal_bsp.a(alt_tick.o)
                0x0100bab0                _alt_tick_rate
                0x0100bab4                _alt_nticks
 *(.sbss2 .sbss2.* .gnu.linkonce.sb2.*)
 *(.scommon)
                0x0100bab8                PROVIDE (__sbss_end, ABSOLUTE (.))
                0x0100bab8                PROVIDE (___sbss_end, ABSOLUTE (.))
 *(.dynbss)
 *(.bss .bss.* .gnu.linkonce.b.*)
 .bss           0x0100bab8        0x0 ../Mod2_DE2_program_bsp//obj/HAL/src/crt0.o
 .bss           0x0100bab8        0x0 obj/default/Mod2_DE2_program.o
 .bss           0x0100bab8        0x0 c:/altera/13.0sp1/nios2eds/bin/gnu/h-i686-mingw32/bin/../lib/gcc/nios2-elf/4.1.2/../../../../nios2-elf/lib/mno-hw-mul\libc.a(lib_a-puts.o)
 .bss           0x0100bab8        0x0 c:/altera/13.0sp1/nios2eds/bin/gnu/h-i686-mingw32/bin/../lib/gcc/nios2-elf/4.1.2/../../../../nios2-elf/lib/mno-hw-mul\libc.a(lib_a-strcmp.o)
 .bss           0x0100bab8        0x0 c:/altera/13.0sp1/nios2eds/bin/gnu/h-i686-mingw32/bin/../lib/gcc/nios2-elf/4.1.2/../../../../nios2-elf/lib/mno-hw-mul\libc.a(lib_a-strlen.o)
 .bss           0x0100bab8        0x0 c:/altera/13.0sp1/nios2eds/bin/gnu/h-i686-mingw32/bin/../lib/gcc/nios2-elf/4.1.2/../../../../nios2-elf/lib/mno-hw-mul\libc.a(lib_a-fvwrite.o)
 .bss           0x0100bab8        0x0 c:/altera/13.0sp1/nios2eds/bin/gnu/h-i686-mingw32/bin/../lib/gcc/nios2-elf/4.1.2/../../../../nios2-elf/lib/mno-hw-mul\libc.a(lib_a-impure.o)
 .bss           0x0100bab8       0x28 c:/altera/13.0sp1/nios2eds/bin/gnu/h-i686-mingw32/bin/../lib/gcc/nios2-elf/4.1.2/../../../../nios2-elf/lib/mno-hw-mul\libc.a(lib_a-mallocr.o)
                0x0100bab8                __malloc_current_mallinfo
 .bss           0x0100bae0        0x0 c:/altera/13.0sp1/nios2eds/bin/gnu/h-i686-mingw32/bin/../lib/gcc/nios2-elf/4.1.2/../../../../nios2-elf/lib/mno-hw-mul\libc.a(lib_a-memchr.o)
 .bss           0x0100bae0        0x0 c:/altera/13.0sp1/nios2eds/bin/gnu/h-i686-mingw32/bin/../lib/gcc/nios2-elf/4.1.2/../../../../nios2-elf/lib/mno-hw-mul\libc.a(lib_a-memcpy.o)
 .bss           0x0100bae0        0x0 c:/altera/13.0sp1/nios2eds/bin/gnu/h-i686-mingw32/bin/../lib/gcc/nios2-elf/4.1.2/../../../../nios2-elf/lib/mno-hw-mul\libc.a(lib_a-memmove.o)
 .bss           0x0100bae0        0x0 c:/altera/13.0sp1/nios2eds/bin/gnu/h-i686-mingw32/bin/../lib/gcc/nios2-elf/4.1.2/../../../../nios2-elf/lib/mno-hw-mul\libc.a(lib_a-reallocr.o)
 .bss           0x0100bae0        0x0 c:/altera/13.0sp1/nios2eds/bin/gnu/h-i686-mingw32/bin/../lib/gcc/nios2-elf/4.1.2/../../../../nios2-elf/lib/mno-hw-mul\libc.a(lib_a-sbrkr.o)
 .bss           0x0100bae0        0x0 c:/altera/13.0sp1/nios2eds/bin/gnu/h-i686-mingw32/bin/../lib/gcc/nios2-elf/4.1.2/../../../../nios2-elf/lib/mno-hw-mul\libc.a(lib_a-wsetup.o)
 .bss           0x0100bae0        0x0 c:/altera/13.0sp1/nios2eds/bin/gnu/h-i686-mingw32/bin/../lib/gcc/nios2-elf/4.1.2/../../../../nios2-elf/lib/mno-hw-mul\libc.a(lib_a-fflush.o)
 .bss           0x0100bae0        0x0 c:/altera/13.0sp1/nios2eds/bin/gnu/h-i686-mingw32/bin/../lib/gcc/nios2-elf/4.1.2/../../../../nios2-elf/lib/mno-hw-mul\libc.a(lib_a-findfp.o)
 .bss           0x0100bae0        0x0 c:/altera/13.0sp1/nios2eds/bin/gnu/h-i686-mingw32/bin/../lib/gcc/nios2-elf/4.1.2/../../../../nios2-elf/lib/mno-hw-mul\libc.a(lib_a-freer.o)
 .bss           0x0100bae0        0x0 c:/altera/13.0sp1/nios2eds/bin/gnu/h-i686-mingw32/bin/../lib/gcc/nios2-elf/4.1.2/../../../../nios2-elf/lib/mno-hw-mul\libc.a(lib_a-fwalk.o)
 .bss           0x0100bae0        0x0 c:/altera/13.0sp1/nios2eds/bin/gnu/h-i686-mingw32/bin/../lib/gcc/nios2-elf/4.1.2/../../../../nios2-elf/lib/mno-hw-mul\libc.a(lib_a-int_errno.o)
 .bss           0x0100bae0        0x0 c:/altera/13.0sp1/nios2eds/bin/gnu/h-i686-mingw32/bin/../lib/gcc/nios2-elf/4.1.2/../../../../nios2-elf/lib/mno-hw-mul\libc.a(lib_a-makebuf.o)
 .bss           0x0100bae0        0x0 c:/altera/13.0sp1/nios2eds/bin/gnu/h-i686-mingw32/bin/../lib/gcc/nios2-elf/4.1.2/../../../../nios2-elf/lib/mno-hw-mul\libc.a(lib_a-memset.o)
 .bss           0x0100bae0        0x0 c:/altera/13.0sp1/nios2eds/bin/gnu/h-i686-mingw32/bin/../lib/gcc/nios2-elf/4.1.2/../../../../nios2-elf/lib/mno-hw-mul\libc.a(lib_a-stdio.o)
 .bss           0x0100bae0        0x0 c:/altera/13.0sp1/nios2eds/bin/gnu/h-i686-mingw32/bin/../lib/gcc/nios2-elf/4.1.2/../../../../nios2-elf/lib/mno-hw-mul\libc.a(lib_a-writer.o)
 .bss           0x0100bae0        0x0 c:/altera/13.0sp1/nios2eds/bin/gnu/h-i686-mingw32/bin/../lib/gcc/nios2-elf/4.1.2/../../../../nios2-elf/lib/mno-hw-mul\libc.a(lib_a-closer.o)
 .bss           0x0100bae0        0x0 c:/altera/13.0sp1/nios2eds/bin/gnu/h-i686-mingw32/bin/../lib/gcc/nios2-elf/4.1.2/../../../../nios2-elf/lib/mno-hw-mul\libc.a(lib_a-fclose.o)
 .bss           0x0100bae0        0x0 c:/altera/13.0sp1/nios2eds/bin/gnu/h-i686-mingw32/bin/../lib/gcc/nios2-elf/4.1.2/../../../../nios2-elf/lib/mno-hw-mul\libc.a(lib_a-fstatr.o)
 .bss           0x0100bae0        0x0 c:/altera/13.0sp1/nios2eds/bin/gnu/h-i686-mingw32/bin/../lib/gcc/nios2-elf/4.1.2/../../../../nios2-elf/lib/mno-hw-mul\libc.a(lib_a-isattyr.o)
 .bss           0x0100bae0        0x0 c:/altera/13.0sp1/nios2eds/bin/gnu/h-i686-mingw32/bin/../lib/gcc/nios2-elf/4.1.2/../../../../nios2-elf/lib/mno-hw-mul\libc.a(lib_a-lseekr.o)
 .bss           0x0100bae0        0x0 c:/altera/13.0sp1/nios2eds/bin/gnu/h-i686-mingw32/bin/../lib/gcc/nios2-elf/4.1.2/../../../../nios2-elf/lib/mno-hw-mul\libc.a(lib_a-readr.o)
 .bss           0x0100bae0        0x0 c:/altera/13.0sp1/nios2eds/bin/gnu/h-i686-mingw32/bin/../lib/gcc/nios2-elf/4.1.2/mno-hw-mul\libgcc.a(lib2-mul.o)
 .bss           0x0100bae0        0x0 ../Mod2_DE2_program_bsp/\libhal_bsp.a(alt_close.o)
 .bss           0x0100bae0        0x0 ../Mod2_DE2_program_bsp/\libhal_bsp.a(alt_dev.o)
 .bss           0x0100bae0        0x0 ../Mod2_DE2_program_bsp/\libhal_bsp.a(alt_errno.o)
 .bss           0x0100bae0        0x0 ../Mod2_DE2_program_bsp/\libhal_bsp.a(alt_fstat.o)
 .bss           0x0100bae0        0x0 ../Mod2_DE2_program_bsp/\libhal_bsp.a(alt_irq_register.o)
 .bss           0x0100bae0        0x0 ../Mod2_DE2_program_bsp/\libhal_bsp.a(alt_irq_vars.o)
 .bss           0x0100bae0        0x0 ../Mod2_DE2_program_bsp/\libhal_bsp.a(alt_isatty.o)
 .bss           0x0100bae0        0x0 ../Mod2_DE2_program_bsp/\libhal_bsp.a(alt_load.o)
 .bss           0x0100bae0        0x0 ../Mod2_DE2_program_bsp/\libhal_bsp.a(alt_lseek.o)
 .bss           0x0100bae0        0x0 ../Mod2_DE2_program_bsp/\libhal_bsp.a(alt_main.o)
 .bss           0x0100bae0        0x0 ../Mod2_DE2_program_bsp/\libhal_bsp.a(alt_malloc_lock.o)
 .bss           0x0100bae0        0x0 ../Mod2_DE2_program_bsp/\libhal_bsp.a(alt_open.o)
 .bss           0x0100bae0        0x0 ../Mod2_DE2_program_bsp/\libhal_bsp.a(alt_printf.o)
 .bss           0x0100bae0        0x0 ../Mod2_DE2_program_bsp/\libhal_bsp.a(alt_putchar.o)
 .bss           0x0100bae0        0x0 ../Mod2_DE2_program_bsp/\libhal_bsp.a(alt_read.o)
 .bss           0x0100bae0        0x0 ../Mod2_DE2_program_bsp/\libhal_bsp.a(alt_release_fd.o)
 .bss           0x0100bae0        0x0 ../Mod2_DE2_program_bsp/\libhal_bsp.a(alt_sbrk.o)
 .bss           0x0100bae0        0x0 ../Mod2_DE2_program_bsp/\libhal_bsp.a(alt_write.o)
 .bss           0x0100bae0        0x0 ../Mod2_DE2_program_bsp/\libhal_bsp.a(alt_sys_init.o)
 .bss           0x0100bae0        0x0 ../Mod2_DE2_program_bsp/\libhal_bsp.a(altera_avalon_jtag_uart_fd.o)
 .bss           0x0100bae0        0x0 ../Mod2_DE2_program_bsp/\libhal_bsp.a(altera_avalon_jtag_uart_init.o)
 .bss           0x0100bae0        0x0 ../Mod2_DE2_program_bsp/\libhal_bsp.a(altera_avalon_jtag_uart_ioctl.o)
 .bss           0x0100bae0        0x0 ../Mod2_DE2_program_bsp/\libhal_bsp.a(altera_avalon_jtag_uart_read.o)
 .bss           0x0100bae0        0x0 ../Mod2_DE2_program_bsp/\libhal_bsp.a(altera_avalon_jtag_uart_write.o)
 .bss           0x0100bae0        0x0 ../Mod2_DE2_program_bsp/\libhal_bsp.a(altera_avalon_timer_sc.o)
 .bss           0x0100bae0        0x0 ../Mod2_DE2_program_bsp/\libhal_bsp.a(altera_avalon_uart_fd.o)
 .bss           0x0100bae0        0x0 ../Mod2_DE2_program_bsp/\libhal_bsp.a(altera_avalon_uart_init.o)
 .bss           0x0100bae0        0x0 ../Mod2_DE2_program_bsp/\libhal_bsp.a(altera_avalon_uart_read.o)
 .bss           0x0100bae0        0x0 ../Mod2_DE2_program_bsp/\libhal_bsp.a(altera_avalon_uart_write.o)
 .bss           0x0100bae0        0x0 ../Mod2_DE2_program_bsp/\libhal_bsp.a(altera_up_avalon_audio.o)
 .bss           0x0100bae0        0x0 ../Mod2_DE2_program_bsp/\libhal_bsp.a(altera_up_avalon_audio_and_video_config.o)
 .bss           0x0100bae0        0x0 ../Mod2_DE2_program_bsp/\libhal_bsp.a(altera_up_avalon_character_lcd.o)
 .bss           0x0100bae0        0x0 ../Mod2_DE2_program_bsp/\libhal_bsp.a(alt_alarm_start.o)
 .bss           0x0100bae0        0x0 ../Mod2_DE2_program_bsp/\libhal_bsp.a(alt_dcache_flush_all.o)
 .bss           0x0100bae0        0x0 ../Mod2_DE2_program_bsp/\libhal_bsp.a(alt_dev_llist_insert.o)
 .bss           0x0100bae0        0x0 ../Mod2_DE2_program_bsp/\libhal_bsp.a(alt_do_ctors.o)
 .bss           0x0100bae0        0x0 ../Mod2_DE2_program_bsp/\libhal_bsp.a(alt_do_dtors.o)
 .bss           0x0100bae0        0x0 ../Mod2_DE2_program_bsp/\libhal_bsp.a(alt_find_dev.o)
 .bss           0x0100bae0        0x0 ../Mod2_DE2_program_bsp/\libhal_bsp.a(alt_find_file.o)
 .bss           0x0100bae0        0x0 ../Mod2_DE2_program_bsp/\libhal_bsp.a(alt_get_fd.o)
 .bss           0x0100bae0        0x0 ../Mod2_DE2_program_bsp/\libhal_bsp.a(alt_icache_flush_all.o)
 .bss           0x0100bae0        0x0 ../Mod2_DE2_program_bsp/\libhal_bsp.a(alt_io_redirect.o)
 .bss           0x0100bae0        0x0 ../Mod2_DE2_program_bsp/\libhal_bsp.a(alt_irq_entry.o)
 .bss           0x0100bae0        0x0 ../Mod2_DE2_program_bsp/\libhal_bsp.a(alt_irq_handler.o)
 .bss           0x0100bae0        0x0 ../Mod2_DE2_program_bsp/\libhal_bsp.a(alt_tick.o)
 .bss           0x0100bae0        0x0 ../Mod2_DE2_program_bsp/\libhal_bsp.a(altera_nios2_qsys_irq.o)
 .bss           0x0100bae0        0x0 ../Mod2_DE2_program_bsp/\libhal_bsp.a(alt_exception_entry.o)
 .bss           0x0100bae0        0x0 c:/altera/13.0sp1/nios2eds/bin/gnu/h-i686-mingw32/bin/../lib/gcc/nios2-elf/4.1.2/../../../../nios2-elf/lib/mno-hw-mul\libc.a(lib_a-atexit.o)
 .bss           0x0100bae0        0x0 c:/altera/13.0sp1/nios2eds/bin/gnu/h-i686-mingw32/bin/../lib/gcc/nios2-elf/4.1.2/../../../../nios2-elf/lib/mno-hw-mul\libc.a(lib_a-exit.o)
 .bss           0x0100bae0        0x0 c:/altera/13.0sp1/nios2eds/bin/gnu/h-i686-mingw32/bin/../lib/gcc/nios2-elf/4.1.2/../../../../nios2-elf/lib/mno-hw-mul\libc.a(lib_a-memcmp.o)
 .bss           0x0100bae0        0x0 c:/altera/13.0sp1/nios2eds/bin/gnu/h-i686-mingw32/bin/../lib/gcc/nios2-elf/4.1.2/../../../../nios2-elf/lib/mno-hw-mul\libc.a(lib_a-putc.o)
 .bss           0x0100bae0        0x0 c:/altera/13.0sp1/nios2eds/bin/gnu/h-i686-mingw32/bin/../lib/gcc/nios2-elf/4.1.2/../../../../nios2-elf/lib/mno-hw-mul\libc.a(lib_a-wbuf.o)
 .bss           0x0100bae0        0x0 c:/altera/13.0sp1/nios2eds/bin/gnu/h-i686-mingw32/bin/../lib/gcc/nios2-elf/4.1.2/../../../../nios2-elf/lib/mno-hw-mul\libc.a(lib_a-__atexit.o)
 .bss           0x0100bae0        0x0 c:/altera/13.0sp1/nios2eds/bin/gnu/h-i686-mingw32/bin/../lib/gcc/nios2-elf/4.1.2/../../../../nios2-elf/lib/mno-hw-mul\libc.a(lib_a-__call_atexit.o)
 .bss           0x0100bae0        0x0 ../Mod2_DE2_program_bsp/\libhal_bsp.a(alt_exit.o)
 *(COMMON)
 COMMON         0x0100bae0      0x100 obj/default/Mod2_DE2_program.o
                0x0100bae0                audio_buf
 COMMON         0x0100bbe0      0x100 ../Mod2_DE2_program_bsp/\libhal_bsp.a(alt_irq_handler.o)
                0x0100bbe0                alt_irq
 COMMON         0x0100bce0      0x190 c:/altera/13.0sp1/nios2eds/bin/gnu/h-i686-mingw32/bin/../lib/gcc/nios2-elf/4.1.2/../../../../nios2-elf/lib/mno-hw-mul\libc.a(lib_a-atexit.o)
                0x0100bce0                _atexit0
                0x0100be70                . = ALIGN (0x4)
                0x0100be70                __bss_end = ABSOLUTE (.)

.onchip_memory2_0
                0x00000000        0x0 load address 0x0100be70
                0x00000000                PROVIDE (_alt_partition_onchip_memory2_0_start, ABSOLUTE (.))
 *(.onchip_memory2_0. onchip_memory2_0.*)
                0x00000000                . = ALIGN (0x4)
                0x00000000                PROVIDE (_alt_partition_onchip_memory2_0_end, ABSOLUTE (.))
                0x0100be70                PROVIDE (_alt_partition_onchip_memory2_0_load_addr, LOADADDR (.onchip_memory2_0))

.sdram          0x0100be70        0x0
                0x0100be70                PROVIDE (_alt_partition_sdram_start, ABSOLUTE (.))
 *(.sdram. sdram.*)
                0x0100be70                . = ALIGN (0x4)
                0x0100be70                PROVIDE (_alt_partition_sdram_end, ABSOLUTE (.))
                0x0100be70                _end = ABSOLUTE (.)
                0x0100be70                end = ABSOLUTE (.)
                0x0100be70                __alt_stack_base = ABSOLUTE (.)
                0x0100be70                PROVIDE (_alt_partition_sdram_load_addr, LOADADDR (.sdram))

.stab
 *(.stab)

.stabstr
 *(.stabstr)

.stab.excl
 *(.stab.excl)

.stab.exclstr
 *(.stab.exclstr)

.stab.index
 *(.stab.index)

.stab.indexstr
 *(.stab.indexstr)

.comment        0x00000000       0x26
 *(.comment)
 .comment       0x00000000       0x26 obj/default/Mod2_DE2_program.o
                                 0x27 (size before relaxing)
 .comment       0x00000000       0x27 c:/altera/13.0sp1/nios2eds/bin/gnu/h-i686-mingw32/bin/../lib/gcc/nios2-elf/4.1.2/../../../../nios2-elf/lib/mno-hw-mul\libc.a(lib_a-puts.o)
 .comment       0x00000000       0x27 c:/altera/13.0sp1/nios2eds/bin/gnu/h-i686-mingw32/bin/../lib/gcc/nios2-elf/4.1.2/../../../../nios2-elf/lib/mno-hw-mul\libc.a(lib_a-strcmp.o)
 .comment       0x00000000       0x27 c:/altera/13.0sp1/nios2eds/bin/gnu/h-i686-mingw32/bin/../lib/gcc/nios2-elf/4.1.2/../../../../nios2-elf/lib/mno-hw-mul\libc.a(lib_a-strlen.o)
 .comment       0x00000000       0x27 c:/altera/13.0sp1/nios2eds/bin/gnu/h-i686-mingw32/bin/../lib/gcc/nios2-elf/4.1.2/../../../../nios2-elf/lib/mno-hw-mul\libc.a(lib_a-fvwrite.o)
 .comment       0x00000000       0x27 c:/altera/13.0sp1/nios2eds/bin/gnu/h-i686-mingw32/bin/../lib/gcc/nios2-elf/4.1.2/../../../../nios2-elf/lib/mno-hw-mul\libc.a(lib_a-impure.o)
 .comment       0x00000000       0x27 c:/altera/13.0sp1/nios2eds/bin/gnu/h-i686-mingw32/bin/../lib/gcc/nios2-elf/4.1.2/../../../../nios2-elf/lib/mno-hw-mul\libc.a(lib_a-mallocr.o)
 .comment       0x00000000       0x27 c:/altera/13.0sp1/nios2eds/bin/gnu/h-i686-mingw32/bin/../lib/gcc/nios2-elf/4.1.2/../../../../nios2-elf/lib/mno-hw-mul\libc.a(lib_a-memchr.o)
 .comment       0x00000000       0x27 c:/altera/13.0sp1/nios2eds/bin/gnu/h-i686-mingw32/bin/../lib/gcc/nios2-elf/4.1.2/../../../../nios2-elf/lib/mno-hw-mul\libc.a(lib_a-memcpy.o)
 .comment       0x00000000       0x27 c:/altera/13.0sp1/nios2eds/bin/gnu/h-i686-mingw32/bin/../lib/gcc/nios2-elf/4.1.2/../../../../nios2-elf/lib/mno-hw-mul\libc.a(lib_a-memmove.o)
 .comment       0x00000000       0x27 c:/altera/13.0sp1/nios2eds/bin/gnu/h-i686-mingw32/bin/../lib/gcc/nios2-elf/4.1.2/../../../../nios2-elf/lib/mno-hw-mul\libc.a(lib_a-reallocr.o)
 .comment       0x00000000       0x27 c:/altera/13.0sp1/nios2eds/bin/gnu/h-i686-mingw32/bin/../lib/gcc/nios2-elf/4.1.2/../../../../nios2-elf/lib/mno-hw-mul\libc.a(lib_a-sbrkr.o)
 .comment       0x00000000       0x27 c:/altera/13.0sp1/nios2eds/bin/gnu/h-i686-mingw32/bin/../lib/gcc/nios2-elf/4.1.2/../../../../nios2-elf/lib/mno-hw-mul\libc.a(lib_a-wsetup.o)
 .comment       0x00000000       0x27 c:/altera/13.0sp1/nios2eds/bin/gnu/h-i686-mingw32/bin/../lib/gcc/nios2-elf/4.1.2/../../../../nios2-elf/lib/mno-hw-mul\libc.a(lib_a-fflush.o)
 .comment       0x00000000       0x27 c:/altera/13.0sp1/nios2eds/bin/gnu/h-i686-mingw32/bin/../lib/gcc/nios2-elf/4.1.2/../../../../nios2-elf/lib/mno-hw-mul\libc.a(lib_a-findfp.o)
 .comment       0x00000000       0x27 c:/altera/13.0sp1/nios2eds/bin/gnu/h-i686-mingw32/bin/../lib/gcc/nios2-elf/4.1.2/../../../../nios2-elf/lib/mno-hw-mul\libc.a(lib_a-freer.o)
 .comment       0x00000000       0x27 c:/altera/13.0sp1/nios2eds/bin/gnu/h-i686-mingw32/bin/../lib/gcc/nios2-elf/4.1.2/../../../../nios2-elf/lib/mno-hw-mul\libc.a(lib_a-fwalk.o)
 .comment       0x00000000       0x27 c:/altera/13.0sp1/nios2eds/bin/gnu/h-i686-mingw32/bin/../lib/gcc/nios2-elf/4.1.2/../../../../nios2-elf/lib/mno-hw-mul\libc.a(lib_a-int_errno.o)
 .comment       0x00000000       0x27 c:/altera/13.0sp1/nios2eds/bin/gnu/h-i686-mingw32/bin/../lib/gcc/nios2-elf/4.1.2/../../../../nios2-elf/lib/mno-hw-mul\libc.a(lib_a-makebuf.o)
 .comment       0x00000000       0x27 c:/altera/13.0sp1/nios2eds/bin/gnu/h-i686-mingw32/bin/../lib/gcc/nios2-elf/4.1.2/../../../../nios2-elf/lib/mno-hw-mul\libc.a(lib_a-memset.o)
 .comment       0x00000000       0x27 c:/altera/13.0sp1/nios2eds/bin/gnu/h-i686-mingw32/bin/../lib/gcc/nios2-elf/4.1.2/../../../../nios2-elf/lib/mno-hw-mul\libc.a(lib_a-stdio.o)
 .comment       0x00000000       0x27 c:/altera/13.0sp1/nios2eds/bin/gnu/h-i686-mingw32/bin/../lib/gcc/nios2-elf/4.1.2/../../../../nios2-elf/lib/mno-hw-mul\libc.a(lib_a-writer.o)
 .comment       0x00000000       0x27 c:/altera/13.0sp1/nios2eds/bin/gnu/h-i686-mingw32/bin/../lib/gcc/nios2-elf/4.1.2/../../../../nios2-elf/lib/mno-hw-mul\libc.a(lib_a-closer.o)
 .comment       0x00000000       0x27 c:/altera/13.0sp1/nios2eds/bin/gnu/h-i686-mingw32/bin/../lib/gcc/nios2-elf/4.1.2/../../../../nios2-elf/lib/mno-hw-mul\libc.a(lib_a-fclose.o)
 .comment       0x00000000       0x27 c:/altera/13.0sp1/nios2eds/bin/gnu/h-i686-mingw32/bin/../lib/gcc/nios2-elf/4.1.2/../../../../nios2-elf/lib/mno-hw-mul\libc.a(lib_a-fstatr.o)
 .comment       0x00000000       0x27 c:/altera/13.0sp1/nios2eds/bin/gnu/h-i686-mingw32/bin/../lib/gcc/nios2-elf/4.1.2/../../../../nios2-elf/lib/mno-hw-mul\libc.a(lib_a-isattyr.o)
 .comment       0x00000000       0x27 c:/altera/13.0sp1/nios2eds/bin/gnu/h-i686-mingw32/bin/../lib/gcc/nios2-elf/4.1.2/../../../../nios2-elf/lib/mno-hw-mul\libc.a(lib_a-lseekr.o)
 .comment       0x00000000       0x27 c:/altera/13.0sp1/nios2eds/bin/gnu/h-i686-mingw32/bin/../lib/gcc/nios2-elf/4.1.2/../../../../nios2-elf/lib/mno-hw-mul\libc.a(lib_a-readr.o)
 .comment       0x00000000       0x27 c:/altera/13.0sp1/nios2eds/bin/gnu/h-i686-mingw32/bin/../lib/gcc/nios2-elf/4.1.2/mno-hw-mul\libgcc.a(lib2-mul.o)
 .comment       0x00000000       0x27 ../Mod2_DE2_program_bsp/\libhal_bsp.a(alt_close.o)
 .comment       0x00000000       0x27 ../Mod2_DE2_program_bsp/\libhal_bsp.a(alt_dev.o)
 .comment       0x00000000       0x27 ../Mod2_DE2_program_bsp/\libhal_bsp.a(alt_errno.o)
 .comment       0x00000000       0x27 ../Mod2_DE2_program_bsp/\libhal_bsp.a(alt_fstat.o)
 .comment       0x00000000       0x27 ../Mod2_DE2_program_bsp/\libhal_bsp.a(alt_irq_register.o)
 .comment       0x00000000       0x27 ../Mod2_DE2_program_bsp/\libhal_bsp.a(alt_irq_vars.o)
 .comment       0x00000000       0x27 ../Mod2_DE2_program_bsp/\libhal_bsp.a(alt_isatty.o)
 .comment       0x00000000       0x27 ../Mod2_DE2_program_bsp/\libhal_bsp.a(alt_load.o)
 .comment       0x00000000       0x27 ../Mod2_DE2_program_bsp/\libhal_bsp.a(alt_lseek.o)
 .comment       0x00000000       0x27 ../Mod2_DE2_program_bsp/\libhal_bsp.a(alt_main.o)
 .comment       0x00000000       0x27 ../Mod2_DE2_program_bsp/\libhal_bsp.a(alt_malloc_lock.o)
 .comment       0x00000000       0x27 ../Mod2_DE2_program_bsp/\libhal_bsp.a(alt_open.o)
 .comment       0x00000000       0x27 ../Mod2_DE2_program_bsp/\libhal_bsp.a(alt_printf.o)
 .comment       0x00000000       0x27 ../Mod2_DE2_program_bsp/\libhal_bsp.a(alt_putchar.o)
 .comment       0x00000000       0x27 ../Mod2_DE2_program_bsp/\libhal_bsp.a(alt_read.o)
 .comment       0x00000000       0x27 ../Mod2_DE2_program_bsp/\libhal_bsp.a(alt_release_fd.o)
 .comment       0x00000000       0x27 ../Mod2_DE2_program_bsp/\libhal_bsp.a(alt_sbrk.o)
 .comment       0x00000000       0x27 ../Mod2_DE2_program_bsp/\libhal_bsp.a(alt_write.o)
 .comment       0x00000000       0x27 ../Mod2_DE2_program_bsp/\libhal_bsp.a(alt_sys_init.o)
 .comment       0x00000000       0x27 ../Mod2_DE2_program_bsp/\libhal_bsp.a(altera_avalon_jtag_uart_fd.o)
 .comment       0x00000000       0x27 ../Mod2_DE2_program_bsp/\libhal_bsp.a(altera_avalon_jtag_uart_init.o)
 .comment       0x00000000       0x27 ../Mod2_DE2_program_bsp/\libhal_bsp.a(altera_avalon_jtag_uart_ioctl.o)
 .comment       0x00000000       0x27 ../Mod2_DE2_program_bsp/\libhal_bsp.a(altera_avalon_jtag_uart_read.o)
 .comment       0x00000000       0x27 ../Mod2_DE2_program_bsp/\libhal_bsp.a(altera_avalon_jtag_uart_write.o)
 .comment       0x00000000       0x27 ../Mod2_DE2_program_bsp/\libhal_bsp.a(altera_avalon_timer_sc.o)
 .comment       0x00000000       0x27 ../Mod2_DE2_program_bsp/\libhal_bsp.a(altera_avalon_uart_fd.o)
 .comment       0x00000000       0x27 ../Mod2_DE2_program_bsp/\libhal_bsp.a(altera_avalon_uart_init.o)
 .comment       0x00000000       0x27 ../Mod2_DE2_program_bsp/\libhal_bsp.a(altera_avalon_uart_read.o)
 .comment       0x00000000       0x27 ../Mod2_DE2_program_bsp/\libhal_bsp.a(altera_avalon_uart_write.o)
 .comment       0x00000000       0x27 ../Mod2_DE2_program_bsp/\libhal_bsp.a(altera_up_avalon_audio.o)
 .comment       0x00000000       0x27 ../Mod2_DE2_program_bsp/\libhal_bsp.a(altera_up_avalon_audio_and_video_config.o)
 .comment       0x00000000       0x27 ../Mod2_DE2_program_bsp/\libhal_bsp.a(altera_up_avalon_character_lcd.o)
 .comment       0x00000000       0x27 ../Mod2_DE2_program_bsp/\libhal_bsp.a(alt_alarm_start.o)
 .comment       0x00000000       0x27 ../Mod2_DE2_program_bsp/\libhal_bsp.a(alt_dcache_flush_all.o)
 .comment       0x00000000       0x27 ../Mod2_DE2_program_bsp/\libhal_bsp.a(alt_dev_llist_insert.o)
 .comment       0x00000000       0x27 ../Mod2_DE2_program_bsp/\libhal_bsp.a(alt_do_ctors.o)
 .comment       0x00000000       0x27 ../Mod2_DE2_program_bsp/\libhal_bsp.a(alt_do_dtors.o)
 .comment       0x00000000       0x27 ../Mod2_DE2_program_bsp/\libhal_bsp.a(alt_find_dev.o)
 .comment       0x00000000       0x27 ../Mod2_DE2_program_bsp/\libhal_bsp.a(alt_find_file.o)
 .comment       0x00000000       0x27 ../Mod2_DE2_program_bsp/\libhal_bsp.a(alt_get_fd.o)
 .comment       0x00000000       0x27 ../Mod2_DE2_program_bsp/\libhal_bsp.a(alt_icache_flush_all.o)
 .comment       0x00000000       0x27 ../Mod2_DE2_program_bsp/\libhal_bsp.a(alt_io_redirect.o)
 .comment       0x00000000       0x27 ../Mod2_DE2_program_bsp/\libhal_bsp.a(alt_irq_handler.o)
 .comment       0x00000000       0x27 ../Mod2_DE2_program_bsp/\libhal_bsp.a(alt_tick.o)
 .comment       0x00000000       0x27 ../Mod2_DE2_program_bsp/\libhal_bsp.a(altera_nios2_qsys_irq.o)
 .comment       0x00000000       0x27 c:/altera/13.0sp1/nios2eds/bin/gnu/h-i686-mingw32/bin/../lib/gcc/nios2-elf/4.1.2/../../../../nios2-elf/lib/mno-hw-mul\libc.a(lib_a-atexit.o)
 .comment       0x00000000       0x27 c:/altera/13.0sp1/nios2eds/bin/gnu/h-i686-mingw32/bin/../lib/gcc/nios2-elf/4.1.2/../../../../nios2-elf/lib/mno-hw-mul\libc.a(lib_a-exit.o)
 .comment       0x00000000       0x27 c:/altera/13.0sp1/nios2eds/bin/gnu/h-i686-mingw32/bin/../lib/gcc/nios2-elf/4.1.2/../../../../nios2-elf/lib/mno-hw-mul\libc.a(lib_a-memcmp.o)
 .comment       0x00000000       0x27 c:/altera/13.0sp1/nios2eds/bin/gnu/h-i686-mingw32/bin/../lib/gcc/nios2-elf/4.1.2/../../../../nios2-elf/lib/mno-hw-mul\libc.a(lib_a-putc.o)
 .comment       0x00000000       0x27 c:/altera/13.0sp1/nios2eds/bin/gnu/h-i686-mingw32/bin/../lib/gcc/nios2-elf/4.1.2/../../../../nios2-elf/lib/mno-hw-mul\libc.a(lib_a-wbuf.o)
 .comment       0x00000000       0x27 c:/altera/13.0sp1/nios2eds/bin/gnu/h-i686-mingw32/bin/../lib/gcc/nios2-elf/4.1.2/../../../../nios2-elf/lib/mno-hw-mul\libc.a(lib_a-__atexit.o)
 .comment       0x00000000       0x27 c:/altera/13.0sp1/nios2eds/bin/gnu/h-i686-mingw32/bin/../lib/gcc/nios2-elf/4.1.2/../../../../nios2-elf/lib/mno-hw-mul\libc.a(lib_a-__call_atexit.o)
 .comment       0x00000000       0x27 ../Mod2_DE2_program_bsp/\libhal_bsp.a(alt_exit.o)

.debug
 *(.debug)

.line
 *(.line)

.debug_srcinfo
 *(.debug_srcinfo)

.debug_sfnames
 *(.debug_sfnames)

.debug_aranges  0x00000000      0xa58
 *(.debug_aranges)
 .debug_aranges
                0x00000000       0x28 ../Mod2_DE2_program_bsp//obj/HAL/src/crt0.o
 .debug_aranges
                0x00000028       0x20 obj/default/Mod2_DE2_program.o
 .debug_aranges
                0x00000048       0x20 c:/altera/13.0sp1/nios2eds/bin/gnu/h-i686-mingw32/bin/../lib/gcc/nios2-elf/4.1.2/../../../../nios2-elf/lib/mno-hw-mul\libc.a(lib_a-puts.o)
 .debug_aranges
                0x00000068       0x20 c:/altera/13.0sp1/nios2eds/bin/gnu/h-i686-mingw32/bin/../lib/gcc/nios2-elf/4.1.2/../../../../nios2-elf/lib/mno-hw-mul\libc.a(lib_a-strcmp.o)
 .debug_aranges
                0x00000088       0x20 c:/altera/13.0sp1/nios2eds/bin/gnu/h-i686-mingw32/bin/../lib/gcc/nios2-elf/4.1.2/../../../../nios2-elf/lib/mno-hw-mul\libc.a(lib_a-strlen.o)
 .debug_aranges
                0x000000a8       0x20 c:/altera/13.0sp1/nios2eds/bin/gnu/h-i686-mingw32/bin/../lib/gcc/nios2-elf/4.1.2/../../../../nios2-elf/lib/mno-hw-mul\libc.a(lib_a-fvwrite.o)
 .debug_aranges
                0x000000c8       0x20 c:/altera/13.0sp1/nios2eds/bin/gnu/h-i686-mingw32/bin/../lib/gcc/nios2-elf/4.1.2/../../../../nios2-elf/lib/mno-hw-mul\libc.a(lib_a-mallocr.o)
 .debug_aranges
                0x000000e8       0x20 c:/altera/13.0sp1/nios2eds/bin/gnu/h-i686-mingw32/bin/../lib/gcc/nios2-elf/4.1.2/../../../../nios2-elf/lib/mno-hw-mul\libc.a(lib_a-memchr.o)
 .debug_aranges
                0x00000108       0x20 c:/altera/13.0sp1/nios2eds/bin/gnu/h-i686-mingw32/bin/../lib/gcc/nios2-elf/4.1.2/../../../../nios2-elf/lib/mno-hw-mul\libc.a(lib_a-memcpy.o)
 .debug_aranges
                0x00000128       0x20 c:/altera/13.0sp1/nios2eds/bin/gnu/h-i686-mingw32/bin/../lib/gcc/nios2-elf/4.1.2/../../../../nios2-elf/lib/mno-hw-mul\libc.a(lib_a-memmove.o)
 .debug_aranges
                0x00000148       0x20 c:/altera/13.0sp1/nios2eds/bin/gnu/h-i686-mingw32/bin/../lib/gcc/nios2-elf/4.1.2/../../../../nios2-elf/lib/mno-hw-mul\libc.a(lib_a-reallocr.o)
 .debug_aranges
                0x00000168       0x20 c:/altera/13.0sp1/nios2eds/bin/gnu/h-i686-mingw32/bin/../lib/gcc/nios2-elf/4.1.2/../../../../nios2-elf/lib/mno-hw-mul\libc.a(lib_a-sbrkr.o)
 .debug_aranges
                0x00000188       0x20 c:/altera/13.0sp1/nios2eds/bin/gnu/h-i686-mingw32/bin/../lib/gcc/nios2-elf/4.1.2/../../../../nios2-elf/lib/mno-hw-mul\libc.a(lib_a-wsetup.o)
 .debug_aranges
                0x000001a8       0x20 c:/altera/13.0sp1/nios2eds/bin/gnu/h-i686-mingw32/bin/../lib/gcc/nios2-elf/4.1.2/../../../../nios2-elf/lib/mno-hw-mul\libc.a(lib_a-fflush.o)
 .debug_aranges
                0x000001c8       0x20 c:/altera/13.0sp1/nios2eds/bin/gnu/h-i686-mingw32/bin/../lib/gcc/nios2-elf/4.1.2/../../../../nios2-elf/lib/mno-hw-mul\libc.a(lib_a-findfp.o)
 .debug_aranges
                0x000001e8       0x20 c:/altera/13.0sp1/nios2eds/bin/gnu/h-i686-mingw32/bin/../lib/gcc/nios2-elf/4.1.2/../../../../nios2-elf/lib/mno-hw-mul\libc.a(lib_a-freer.o)
 .debug_aranges
                0x00000208       0x20 c:/altera/13.0sp1/nios2eds/bin/gnu/h-i686-mingw32/bin/../lib/gcc/nios2-elf/4.1.2/../../../../nios2-elf/lib/mno-hw-mul\libc.a(lib_a-fwalk.o)
 .debug_aranges
                0x00000228       0x20 c:/altera/13.0sp1/nios2eds/bin/gnu/h-i686-mingw32/bin/../lib/gcc/nios2-elf/4.1.2/../../../../nios2-elf/lib/mno-hw-mul\libc.a(lib_a-makebuf.o)
 .debug_aranges
                0x00000248       0x20 c:/altera/13.0sp1/nios2eds/bin/gnu/h-i686-mingw32/bin/../lib/gcc/nios2-elf/4.1.2/../../../../nios2-elf/lib/mno-hw-mul\libc.a(lib_a-memset.o)
 .debug_aranges
                0x00000268       0x20 c:/altera/13.0sp1/nios2eds/bin/gnu/h-i686-mingw32/bin/../lib/gcc/nios2-elf/4.1.2/../../../../nios2-elf/lib/mno-hw-mul\libc.a(lib_a-stdio.o)
 .debug_aranges
                0x00000288       0x20 c:/altera/13.0sp1/nios2eds/bin/gnu/h-i686-mingw32/bin/../lib/gcc/nios2-elf/4.1.2/../../../../nios2-elf/lib/mno-hw-mul\libc.a(lib_a-writer.o)
 .debug_aranges
                0x000002a8       0x20 c:/altera/13.0sp1/nios2eds/bin/gnu/h-i686-mingw32/bin/../lib/gcc/nios2-elf/4.1.2/../../../../nios2-elf/lib/mno-hw-mul\libc.a(lib_a-closer.o)
 .debug_aranges
                0x000002c8       0x20 c:/altera/13.0sp1/nios2eds/bin/gnu/h-i686-mingw32/bin/../lib/gcc/nios2-elf/4.1.2/../../../../nios2-elf/lib/mno-hw-mul\libc.a(lib_a-fclose.o)
 .debug_aranges
                0x000002e8       0x20 c:/altera/13.0sp1/nios2eds/bin/gnu/h-i686-mingw32/bin/../lib/gcc/nios2-elf/4.1.2/../../../../nios2-elf/lib/mno-hw-mul\libc.a(lib_a-fstatr.o)
 .debug_aranges
                0x00000308       0x20 c:/altera/13.0sp1/nios2eds/bin/gnu/h-i686-mingw32/bin/../lib/gcc/nios2-elf/4.1.2/../../../../nios2-elf/lib/mno-hw-mul\libc.a(lib_a-isattyr.o)
 .debug_aranges
                0x00000328       0x20 c:/altera/13.0sp1/nios2eds/bin/gnu/h-i686-mingw32/bin/../lib/gcc/nios2-elf/4.1.2/../../../../nios2-elf/lib/mno-hw-mul\libc.a(lib_a-lseekr.o)
 .debug_aranges
                0x00000348       0x20 c:/altera/13.0sp1/nios2eds/bin/gnu/h-i686-mingw32/bin/../lib/gcc/nios2-elf/4.1.2/../../../../nios2-elf/lib/mno-hw-mul\libc.a(lib_a-readr.o)
 .debug_aranges
                0x00000368       0x20 c:/altera/13.0sp1/nios2eds/bin/gnu/h-i686-mingw32/bin/../lib/gcc/nios2-elf/4.1.2/mno-hw-mul\libgcc.a(lib2-mul.o)
 .debug_aranges
                0x00000388       0x20 ../Mod2_DE2_program_bsp/\libhal_bsp.a(alt_close.o)
 .debug_aranges
                0x000003a8       0x20 ../Mod2_DE2_program_bsp/\libhal_bsp.a(alt_dev.o)
 .debug_aranges
                0x000003c8       0x20 ../Mod2_DE2_program_bsp/\libhal_bsp.a(alt_fstat.o)
 .debug_aranges
                0x000003e8       0x20 ../Mod2_DE2_program_bsp/\libhal_bsp.a(alt_irq_register.o)
 .debug_aranges
                0x00000408       0x20 ../Mod2_DE2_program_bsp/\libhal_bsp.a(alt_isatty.o)
 .debug_aranges
                0x00000428       0x20 ../Mod2_DE2_program_bsp/\libhal_bsp.a(alt_load.o)
 .debug_aranges
                0x00000448       0x20 ../Mod2_DE2_program_bsp/\libhal_bsp.a(alt_lseek.o)
 .debug_aranges
                0x00000468       0x20 ../Mod2_DE2_program_bsp/\libhal_bsp.a(alt_main.o)
 .debug_aranges
                0x00000488       0x20 ../Mod2_DE2_program_bsp/\libhal_bsp.a(alt_malloc_lock.o)
 .debug_aranges
                0x000004a8       0x20 ../Mod2_DE2_program_bsp/\libhal_bsp.a(alt_open.o)
 .debug_aranges
                0x000004c8       0x20 ../Mod2_DE2_program_bsp/\libhal_bsp.a(alt_printf.o)
 .debug_aranges
                0x000004e8       0x20 ../Mod2_DE2_program_bsp/\libhal_bsp.a(alt_putchar.o)
 .debug_aranges
                0x00000508       0x20 ../Mod2_DE2_program_bsp/\libhal_bsp.a(alt_read.o)
 .debug_aranges
                0x00000528       0x20 ../Mod2_DE2_program_bsp/\libhal_bsp.a(alt_release_fd.o)
 .debug_aranges
                0x00000548       0x20 ../Mod2_DE2_program_bsp/\libhal_bsp.a(alt_sbrk.o)
 .debug_aranges
                0x00000568       0x20 ../Mod2_DE2_program_bsp/\libhal_bsp.a(alt_write.o)
 .debug_aranges
                0x00000588       0x20 ../Mod2_DE2_program_bsp/\libhal_bsp.a(alt_sys_init.o)
 .debug_aranges
                0x000005a8       0x20 ../Mod2_DE2_program_bsp/\libhal_bsp.a(altera_avalon_jtag_uart_fd.o)
 .debug_aranges
                0x000005c8       0x20 ../Mod2_DE2_program_bsp/\libhal_bsp.a(altera_avalon_jtag_uart_init.o)
 .debug_aranges
                0x000005e8       0x20 ../Mod2_DE2_program_bsp/\libhal_bsp.a(altera_avalon_jtag_uart_ioctl.o)
 .debug_aranges
                0x00000608       0x20 ../Mod2_DE2_program_bsp/\libhal_bsp.a(altera_avalon_jtag_uart_read.o)
 .debug_aranges
                0x00000628       0x20 ../Mod2_DE2_program_bsp/\libhal_bsp.a(altera_avalon_jtag_uart_write.o)
 .debug_aranges
                0x00000648       0x20 ../Mod2_DE2_program_bsp/\libhal_bsp.a(altera_avalon_timer_sc.o)
 .debug_aranges
                0x00000668       0x20 ../Mod2_DE2_program_bsp/\libhal_bsp.a(altera_avalon_uart_fd.o)
 .debug_aranges
                0x00000688       0x20 ../Mod2_DE2_program_bsp/\libhal_bsp.a(altera_avalon_uart_init.o)
 .debug_aranges
                0x000006a8       0x20 ../Mod2_DE2_program_bsp/\libhal_bsp.a(altera_avalon_uart_read.o)
 .debug_aranges
                0x000006c8       0x20 ../Mod2_DE2_program_bsp/\libhal_bsp.a(altera_avalon_uart_write.o)
 .debug_aranges
                0x000006e8       0x20 ../Mod2_DE2_program_bsp/\libhal_bsp.a(altera_up_avalon_audio.o)
 .debug_aranges
                0x00000708       0x20 ../Mod2_DE2_program_bsp/\libhal_bsp.a(altera_up_avalon_audio_and_video_config.o)
 .debug_aranges
                0x00000728       0x20 ../Mod2_DE2_program_bsp/\libhal_bsp.a(altera_up_avalon_character_lcd.o)
 .debug_aranges
                0x00000748       0x20 ../Mod2_DE2_program_bsp/\libhal_bsp.a(alt_alarm_start.o)
 .debug_aranges
                0x00000768       0x20 ../Mod2_DE2_program_bsp/\libhal_bsp.a(alt_dcache_flush_all.o)
 .debug_aranges
                0x00000788       0x20 ../Mod2_DE2_program_bsp/\libhal_bsp.a(alt_dev_llist_insert.o)
 .debug_aranges
                0x000007a8       0x20 ../Mod2_DE2_program_bsp/\libhal_bsp.a(alt_do_ctors.o)
 .debug_aranges
                0x000007c8       0x20 ../Mod2_DE2_program_bsp/\libhal_bsp.a(alt_do_dtors.o)
 .debug_aranges
                0x000007e8       0x20 ../Mod2_DE2_program_bsp/\libhal_bsp.a(alt_find_dev.o)
 .debug_aranges
                0x00000808       0x20 ../Mod2_DE2_program_bsp/\libhal_bsp.a(alt_find_file.o)
 .debug_aranges
                0x00000828       0x20 ../Mod2_DE2_program_bsp/\libhal_bsp.a(alt_get_fd.o)
 .debug_aranges
                0x00000848       0x20 ../Mod2_DE2_program_bsp/\libhal_bsp.a(alt_icache_flush_all.o)
 .debug_aranges
                0x00000868       0x20 ../Mod2_DE2_program_bsp/\libhal_bsp.a(alt_io_redirect.o)
 .debug_aranges
                0x00000888       0x30 ../Mod2_DE2_program_bsp/\libhal_bsp.a(alt_irq_entry.o)
 .debug_aranges
                0x000008b8       0x28 ../Mod2_DE2_program_bsp/\libhal_bsp.a(alt_irq_handler.o)
 .debug_aranges
                0x000008e0       0x20 ../Mod2_DE2_program_bsp/\libhal_bsp.a(alt_tick.o)
 .debug_aranges
                0x00000900       0x20 ../Mod2_DE2_program_bsp/\libhal_bsp.a(altera_nios2_qsys_irq.o)
 .debug_aranges
                0x00000920       0x38 ../Mod2_DE2_program_bsp/\libhal_bsp.a(alt_exception_entry.o)
 .debug_aranges
                0x00000958       0x20 c:/altera/13.0sp1/nios2eds/bin/gnu/h-i686-mingw32/bin/../lib/gcc/nios2-elf/4.1.2/../../../../nios2-elf/lib/mno-hw-mul\libc.a(lib_a-atexit.o)
 .debug_aranges
                0x00000978       0x20 c:/altera/13.0sp1/nios2eds/bin/gnu/h-i686-mingw32/bin/../lib/gcc/nios2-elf/4.1.2/../../../../nios2-elf/lib/mno-hw-mul\libc.a(lib_a-exit.o)
 .debug_aranges
                0x00000998       0x20 c:/altera/13.0sp1/nios2eds/bin/gnu/h-i686-mingw32/bin/../lib/gcc/nios2-elf/4.1.2/../../../../nios2-elf/lib/mno-hw-mul\libc.a(lib_a-memcmp.o)
 .debug_aranges
                0x000009b8       0x20 c:/altera/13.0sp1/nios2eds/bin/gnu/h-i686-mingw32/bin/../lib/gcc/nios2-elf/4.1.2/../../../../nios2-elf/lib/mno-hw-mul\libc.a(lib_a-putc.o)
 .debug_aranges
                0x000009d8       0x20 c:/altera/13.0sp1/nios2eds/bin/gnu/h-i686-mingw32/bin/../lib/gcc/nios2-elf/4.1.2/../../../../nios2-elf/lib/mno-hw-mul\libc.a(lib_a-wbuf.o)
 .debug_aranges
                0x000009f8       0x20 c:/altera/13.0sp1/nios2eds/bin/gnu/h-i686-mingw32/bin/../lib/gcc/nios2-elf/4.1.2/../../../../nios2-elf/lib/mno-hw-mul\libc.a(lib_a-__atexit.o)
 .debug_aranges
                0x00000a18       0x20 c:/altera/13.0sp1/nios2eds/bin/gnu/h-i686-mingw32/bin/../lib/gcc/nios2-elf/4.1.2/../../../../nios2-elf/lib/mno-hw-mul\libc.a(lib_a-__call_atexit.o)
 .debug_aranges
                0x00000a38       0x20 ../Mod2_DE2_program_bsp/\libhal_bsp.a(alt_exit.o)

.debug_pubnames
                0x00000000     0x1606
 *(.debug_pubnames)
 .debug_pubnames
                0x00000000       0xa8 obj/default/Mod2_DE2_program.o
 .debug_pubnames
                0x000000a8       0x27 c:/altera/13.0sp1/nios2eds/bin/gnu/h-i686-mingw32/bin/../lib/gcc/nios2-elf/4.1.2/../../../../nios2-elf/lib/mno-hw-mul\libc.a(lib_a-puts.o)
 .debug_pubnames
                0x000000cf       0x1d c:/altera/13.0sp1/nios2eds/bin/gnu/h-i686-mingw32/bin/../lib/gcc/nios2-elf/4.1.2/../../../../nios2-elf/lib/mno-hw-mul\libc.a(lib_a-strcmp.o)
 .debug_pubnames
                0x000000ec       0x1d c:/altera/13.0sp1/nios2eds/bin/gnu/h-i686-mingw32/bin/../lib/gcc/nios2-elf/4.1.2/../../../../nios2-elf/lib/mno-hw-mul\libc.a(lib_a-strlen.o)
 .debug_pubnames
                0x00000109       0x23 c:/altera/13.0sp1/nios2eds/bin/gnu/h-i686-mingw32/bin/../lib/gcc/nios2-elf/4.1.2/../../../../nios2-elf/lib/mno-hw-mul\libc.a(lib_a-fvwrite.o)
 .debug_pubnames
                0x0000012c       0x39 c:/altera/13.0sp1/nios2eds/bin/gnu/h-i686-mingw32/bin/../lib/gcc/nios2-elf/4.1.2/../../../../nios2-elf/lib/mno-hw-mul\libc.a(lib_a-impure.o)
 .debug_pubnames
                0x00000165       0xce c:/altera/13.0sp1/nios2eds/bin/gnu/h-i686-mingw32/bin/../lib/gcc/nios2-elf/4.1.2/../../../../nios2-elf/lib/mno-hw-mul\libc.a(lib_a-mallocr.o)
 .debug_pubnames
                0x00000233       0x1d c:/altera/13.0sp1/nios2eds/bin/gnu/h-i686-mingw32/bin/../lib/gcc/nios2-elf/4.1.2/../../../../nios2-elf/lib/mno-hw-mul\libc.a(lib_a-memchr.o)
 .debug_pubnames
                0x00000250       0x1d c:/altera/13.0sp1/nios2eds/bin/gnu/h-i686-mingw32/bin/../lib/gcc/nios2-elf/4.1.2/../../../../nios2-elf/lib/mno-hw-mul\libc.a(lib_a-memcpy.o)
 .debug_pubnames
                0x0000026d       0x1e c:/altera/13.0sp1/nios2eds/bin/gnu/h-i686-mingw32/bin/../lib/gcc/nios2-elf/4.1.2/../../../../nios2-elf/lib/mno-hw-mul\libc.a(lib_a-memmove.o)
 .debug_pubnames
                0x0000028b       0x21 c:/altera/13.0sp1/nios2eds/bin/gnu/h-i686-mingw32/bin/../lib/gcc/nios2-elf/4.1.2/../../../../nios2-elf/lib/mno-hw-mul\libc.a(lib_a-reallocr.o)
 .debug_pubnames
                0x000002ac       0x1e c:/altera/13.0sp1/nios2eds/bin/gnu/h-i686-mingw32/bin/../lib/gcc/nios2-elf/4.1.2/../../../../nios2-elf/lib/mno-hw-mul\libc.a(lib_a-sbrkr.o)
 .debug_pubnames
                0x000002ca       0x22 c:/altera/13.0sp1/nios2eds/bin/gnu/h-i686-mingw32/bin/../lib/gcc/nios2-elf/4.1.2/../../../../nios2-elf/lib/mno-hw-mul\libc.a(lib_a-wsetup.o)
 .debug_pubnames
                0x000002ec       0x2b c:/altera/13.0sp1/nios2eds/bin/gnu/h-i686-mingw32/bin/../lib/gcc/nios2-elf/4.1.2/../../../../nios2-elf/lib/mno-hw-mul\libc.a(lib_a-fflush.o)
 .debug_pubnames
                0x00000317       0xdb c:/altera/13.0sp1/nios2eds/bin/gnu/h-i686-mingw32/bin/../lib/gcc/nios2-elf/4.1.2/../../../../nios2-elf/lib/mno-hw-mul\libc.a(lib_a-findfp.o)
 .debug_pubnames
                0x000003f2       0x31 c:/altera/13.0sp1/nios2eds/bin/gnu/h-i686-mingw32/bin/../lib/gcc/nios2-elf/4.1.2/../../../../nios2-elf/lib/mno-hw-mul\libc.a(lib_a-freer.o)
 .debug_pubnames
                0x00000423       0x2e c:/altera/13.0sp1/nios2eds/bin/gnu/h-i686-mingw32/bin/../lib/gcc/nios2-elf/4.1.2/../../../../nios2-elf/lib/mno-hw-mul\libc.a(lib_a-fwalk.o)
 .debug_pubnames
                0x00000451       0x1c c:/altera/13.0sp1/nios2eds/bin/gnu/h-i686-mingw32/bin/../lib/gcc/nios2-elf/4.1.2/../../../../nios2-elf/lib/mno-hw-mul\libc.a(lib_a-int_errno.o)
 .debug_pubnames
                0x0000046d       0x23 c:/altera/13.0sp1/nios2eds/bin/gnu/h-i686-mingw32/bin/../lib/gcc/nios2-elf/4.1.2/../../../../nios2-elf/lib/mno-hw-mul\libc.a(lib_a-makebuf.o)
 .debug_pubnames
                0x00000490       0x1d c:/altera/13.0sp1/nios2eds/bin/gnu/h-i686-mingw32/bin/../lib/gcc/nios2-elf/4.1.2/../../../../nios2-elf/lib/mno-hw-mul\libc.a(lib_a-memset.o)
 .debug_pubnames
                0x000004ad       0x44 c:/altera/13.0sp1/nios2eds/bin/gnu/h-i686-mingw32/bin/../lib/gcc/nios2-elf/4.1.2/../../../../nios2-elf/lib/mno-hw-mul\libc.a(lib_a-stdio.o)
 .debug_pubnames
                0x000004f1       0x1f c:/altera/13.0sp1/nios2eds/bin/gnu/h-i686-mingw32/bin/../lib/gcc/nios2-elf/4.1.2/../../../../nios2-elf/lib/mno-hw-mul\libc.a(lib_a-writer.o)
 .debug_pubnames
                0x00000510       0x1f c:/altera/13.0sp1/nios2eds/bin/gnu/h-i686-mingw32/bin/../lib/gcc/nios2-elf/4.1.2/../../../../nios2-elf/lib/mno-hw-mul\libc.a(lib_a-closer.o)
 .debug_pubnames
                0x0000052f       0x2b c:/altera/13.0sp1/nios2eds/bin/gnu/h-i686-mingw32/bin/../lib/gcc/nios2-elf/4.1.2/../../../../nios2-elf/lib/mno-hw-mul\libc.a(lib_a-fclose.o)
 .debug_pubnames
                0x0000055a       0x1f c:/altera/13.0sp1/nios2eds/bin/gnu/h-i686-mingw32/bin/../lib/gcc/nios2-elf/4.1.2/../../../../nios2-elf/lib/mno-hw-mul\libc.a(lib_a-fstatr.o)
 .debug_pubnames
                0x00000579       0x20 c:/altera/13.0sp1/nios2eds/bin/gnu/h-i686-mingw32/bin/../lib/gcc/nios2-elf/4.1.2/../../../../nios2-elf/lib/mno-hw-mul\libc.a(lib_a-isattyr.o)
 .debug_pubnames
                0x00000599       0x1f c:/altera/13.0sp1/nios2eds/bin/gnu/h-i686-mingw32/bin/../lib/gcc/nios2-elf/4.1.2/../../../../nios2-elf/lib/mno-hw-mul\libc.a(lib_a-lseekr.o)
 .debug_pubnames
                0x000005b8       0x1e c:/altera/13.0sp1/nios2eds/bin/gnu/h-i686-mingw32/bin/../lib/gcc/nios2-elf/4.1.2/../../../../nios2-elf/lib/mno-hw-mul\libc.a(lib_a-readr.o)
 .debug_pubnames
                0x000005d6       0x1f c:/altera/13.0sp1/nios2eds/bin/gnu/h-i686-mingw32/bin/../lib/gcc/nios2-elf/4.1.2/mno-hw-mul\libgcc.a(lib2-mul.o)
 .debug_pubnames
                0x000005f5       0x1c ../Mod2_DE2_program_bsp/\libhal_bsp.a(alt_close.o)
 .debug_pubnames
                0x00000611       0x63 ../Mod2_DE2_program_bsp/\libhal_bsp.a(alt_dev.o)
 .debug_pubnames
                0x00000674       0x20 ../Mod2_DE2_program_bsp/\libhal_bsp.a(alt_errno.o)
 .debug_pubnames
                0x00000694       0x1c ../Mod2_DE2_program_bsp/\libhal_bsp.a(alt_fstat.o)
 .debug_pubnames
                0x000006b0       0x27 ../Mod2_DE2_program_bsp/\libhal_bsp.a(alt_irq_register.o)
 .debug_pubnames
                0x000006d7       0x3b ../Mod2_DE2_program_bsp/\libhal_bsp.a(alt_irq_vars.o)
 .debug_pubnames
                0x00000712       0x1d ../Mod2_DE2_program_bsp/\libhal_bsp.a(alt_isatty.o)
 .debug_pubnames
                0x0000072f       0x1f ../Mod2_DE2_program_bsp/\libhal_bsp.a(alt_load.o)
 .debug_pubnames
                0x0000074e       0x1c ../Mod2_DE2_program_bsp/\libhal_bsp.a(alt_lseek.o)
 .debug_pubnames
                0x0000076a       0x46 ../Mod2_DE2_program_bsp/\libhal_bsp.a(alt_main.o)
 .debug_pubnames
                0x000007b0       0x38 ../Mod2_DE2_program_bsp/\libhal_bsp.a(alt_malloc_lock.o)
 .debug_pubnames
                0x000007e8       0x1b ../Mod2_DE2_program_bsp/\libhal_bsp.a(alt_open.o)
 .debug_pubnames
                0x00000803       0x21 ../Mod2_DE2_program_bsp/\libhal_bsp.a(alt_printf.o)
 .debug_pubnames
                0x00000824       0x22 ../Mod2_DE2_program_bsp/\libhal_bsp.a(alt_putchar.o)
 .debug_pubnames
                0x00000846       0x1b ../Mod2_DE2_program_bsp/\libhal_bsp.a(alt_read.o)
 .debug_pubnames
                0x00000861       0x25 ../Mod2_DE2_program_bsp/\libhal_bsp.a(alt_release_fd.o)
 .debug_pubnames
                0x00000886       0x1b ../Mod2_DE2_program_bsp/\libhal_bsp.a(alt_sbrk.o)
 .debug_pubnames
                0x000008a1       0x1c ../Mod2_DE2_program_bsp/\libhal_bsp.a(alt_write.o)
 .debug_pubnames
                0x000008bd       0x34 ../Mod2_DE2_program_bsp/\libhal_bsp.a(alt_sys_init.o)
 .debug_pubnames
                0x000008f1       0xa5 ../Mod2_DE2_program_bsp/\libhal_bsp.a(altera_avalon_jtag_uart_fd.o)
 .debug_pubnames
                0x00000996       0x55 ../Mod2_DE2_program_bsp/\libhal_bsp.a(altera_avalon_jtag_uart_init.o)
 .debug_pubnames
                0x000009eb       0x34 ../Mod2_DE2_program_bsp/\libhal_bsp.a(altera_avalon_jtag_uart_ioctl.o)
 .debug_pubnames
                0x00000a1f       0x33 ../Mod2_DE2_program_bsp/\libhal_bsp.a(altera_avalon_jtag_uart_read.o)
 .debug_pubnames
                0x00000a52       0x34 ../Mod2_DE2_program_bsp/\libhal_bsp.a(altera_avalon_jtag_uart_write.o)
 .debug_pubnames
                0x00000a86       0x2f ../Mod2_DE2_program_bsp/\libhal_bsp.a(altera_avalon_timer_sc.o)
 .debug_pubnames
                0x00000ab5       0x71 ../Mod2_DE2_program_bsp/\libhal_bsp.a(altera_avalon_uart_fd.o)
 .debug_pubnames
                0x00000b26       0x4b ../Mod2_DE2_program_bsp/\libhal_bsp.a(altera_avalon_uart_init.o)
 .debug_pubnames
                0x00000b71       0x2e ../Mod2_DE2_program_bsp/\libhal_bsp.a(altera_avalon_uart_read.o)
 .debug_pubnames
                0x00000b9f       0x2f ../Mod2_DE2_program_bsp/\libhal_bsp.a(altera_avalon_uart_write.o)
 .debug_pubnames
                0x00000bce      0x25e ../Mod2_DE2_program_bsp/\libhal_bsp.a(altera_up_avalon_audio.o)
 .debug_pubnames
                0x00000e2c      0x2ab ../Mod2_DE2_program_bsp/\libhal_bsp.a(altera_up_avalon_audio_and_video_config.o)
 .debug_pubnames
                0x000010d7      0x1cd ../Mod2_DE2_program_bsp/\libhal_bsp.a(altera_up_avalon_character_lcd.o)
 .debug_pubnames
                0x000012a4       0x26 ../Mod2_DE2_program_bsp/\libhal_bsp.a(alt_alarm_start.o)
 .debug_pubnames
                0x000012ca       0x2b ../Mod2_DE2_program_bsp/\libhal_bsp.a(alt_dcache_flush_all.o)
 .debug_pubnames
                0x000012f5       0x2b ../Mod2_DE2_program_bsp/\libhal_bsp.a(alt_dev_llist_insert.o)
 .debug_pubnames
                0x00001320       0x20 ../Mod2_DE2_program_bsp/\libhal_bsp.a(alt_do_ctors.o)
 .debug_pubnames
                0x00001340       0x20 ../Mod2_DE2_program_bsp/\libhal_bsp.a(alt_do_dtors.o)
 .debug_pubnames
                0x00001360       0x23 ../Mod2_DE2_program_bsp/\libhal_bsp.a(alt_find_dev.o)
 .debug_pubnames
                0x00001383       0x24 ../Mod2_DE2_program_bsp/\libhal_bsp.a(alt_find_file.o)
 .debug_pubnames
                0x000013a7       0x21 ../Mod2_DE2_program_bsp/\libhal_bsp.a(alt_get_fd.o)
 .debug_pubnames
                0x000013c8       0x2b ../Mod2_DE2_program_bsp/\libhal_bsp.a(alt_icache_flush_all.o)
 .debug_pubnames
                0x000013f3       0x26 ../Mod2_DE2_program_bsp/\libhal_bsp.a(alt_io_redirect.o)
 .debug_pubnames
                0x00001419       0x32 ../Mod2_DE2_program_bsp/\libhal_bsp.a(alt_irq_handler.o)
 .debug_pubnames
                0x0000144b       0x68 ../Mod2_DE2_program_bsp/\libhal_bsp.a(alt_tick.o)
 .debug_pubnames
                0x000014b3       0x31 ../Mod2_DE2_program_bsp/\libhal_bsp.a(altera_nios2_qsys_irq.o)
 .debug_pubnames
                0x000014e4       0x2a c:/altera/13.0sp1/nios2eds/bin/gnu/h-i686-mingw32/bin/../lib/gcc/nios2-elf/4.1.2/../../../../nios2-elf/lib/mno-hw-mul\libc.a(lib_a-atexit.o)
 .debug_pubnames
                0x0000150e       0x1b c:/altera/13.0sp1/nios2eds/bin/gnu/h-i686-mingw32/bin/../lib/gcc/nios2-elf/4.1.2/../../../../nios2-elf/lib/mno-hw-mul\libc.a(lib_a-exit.o)
 .debug_pubnames
                0x00001529       0x1d c:/altera/13.0sp1/nios2eds/bin/gnu/h-i686-mingw32/bin/../lib/gcc/nios2-elf/4.1.2/../../../../nios2-elf/lib/mno-hw-mul\libc.a(lib_a-memcmp.o)
 .debug_pubnames
                0x00001546       0x27 c:/altera/13.0sp1/nios2eds/bin/gnu/h-i686-mingw32/bin/../lib/gcc/nios2-elf/4.1.2/../../../../nios2-elf/lib/mno-hw-mul\libc.a(lib_a-putc.o)
 .debug_pubnames
                0x0000156d       0x2c c:/altera/13.0sp1/nios2eds/bin/gnu/h-i686-mingw32/bin/../lib/gcc/nios2-elf/4.1.2/../../../../nios2-elf/lib/mno-hw-mul\libc.a(lib_a-wbuf.o)
 .debug_pubnames
                0x00001599       0x2a c:/altera/13.0sp1/nios2eds/bin/gnu/h-i686-mingw32/bin/../lib/gcc/nios2-elf/4.1.2/../../../../nios2-elf/lib/mno-hw-mul\libc.a(lib_a-__atexit.o)
 .debug_pubnames
                0x000015c3       0x27 c:/altera/13.0sp1/nios2eds/bin/gnu/h-i686-mingw32/bin/../lib/gcc/nios2-elf/4.1.2/../../../../nios2-elf/lib/mno-hw-mul\libc.a(lib_a-__call_atexit.o)
 .debug_pubnames
                0x000015ea       0x1c ../Mod2_DE2_program_bsp/\libhal_bsp.a(alt_exit.o)

.debug_info     0x00000000    0x1f9c1
 *(.debug_info .gnu.linkonce.wi.*)
 .debug_info    0x00000000       0x6a ../Mod2_DE2_program_bsp//obj/HAL/src/crt0.o
 .debug_info    0x0000006a      0xc27 obj/default/Mod2_DE2_program.o
 .debug_info    0x00000c91      0xa25 c:/altera/13.0sp1/nios2eds/bin/gnu/h-i686-mingw32/bin/../lib/gcc/nios2-elf/4.1.2/../../../../nios2-elf/lib/mno-hw-mul\libc.a(lib_a-puts.o)
 .debug_info    0x000016b6       0xdd c:/altera/13.0sp1/nios2eds/bin/gnu/h-i686-mingw32/bin/../lib/gcc/nios2-elf/4.1.2/../../../../nios2-elf/lib/mno-hw-mul\libc.a(lib_a-strcmp.o)
 .debug_info    0x00001793       0xdb c:/altera/13.0sp1/nios2eds/bin/gnu/h-i686-mingw32/bin/../lib/gcc/nios2-elf/4.1.2/../../../../nios2-elf/lib/mno-hw-mul\libc.a(lib_a-strlen.o)
 .debug_info    0x0000186e      0xa88 c:/altera/13.0sp1/nios2eds/bin/gnu/h-i686-mingw32/bin/../lib/gcc/nios2-elf/4.1.2/../../../../nios2-elf/lib/mno-hw-mul\libc.a(lib_a-fvwrite.o)
 .debug_info    0x000022f6      0x93d c:/altera/13.0sp1/nios2eds/bin/gnu/h-i686-mingw32/bin/../lib/gcc/nios2-elf/4.1.2/../../../../nios2-elf/lib/mno-hw-mul\libc.a(lib_a-impure.o)
 .debug_info    0x00002c33      0xcd0 c:/altera/13.0sp1/nios2eds/bin/gnu/h-i686-mingw32/bin/../lib/gcc/nios2-elf/4.1.2/../../../../nios2-elf/lib/mno-hw-mul\libc.a(lib_a-mallocr.o)